******************************************************************************
                  TI ARM Linker PC v18.12.3                    
******************************************************************************
>> Linked Fri Nov 29 13:50:48 2019

OUTPUT FILE NAME:   <i2cfromscratch.out>
ENTRY POINT SYMBOL: "_c_int00_noargs"  address: 00001109


MEMORY CONFIGURATION

         name            origin    length      used     unused   attr    fill
----------------------  --------  ---------  --------  --------  ----  --------
  FLASH                 00000000   00040000  0000137e  0003ec82  R  X
  SRAM                  20000000   00008000  00000205  00007dfb  RW X


SEGMENT ALLOCATION MAP

run origin  load origin   length   init length attrs members
----------  ----------- ---------- ----------- ----- -------
00000000    00000000    00001380   00001380    r-x
  00000000    00000000    0000026c   0000026c    r-- .intvecs
  0000026c    0000026c    00000fce   00000fce    r-x .text
  0000123c    0000123c    0000012c   0000012c    r-- .const
  00001368    00001368    00000018   00000018    r-- .cinit
20000000    20000000    00000205   00000000    rw-
  20000000    20000000    00000200   00000000    rw- .stack
  20000200    20000200    00000005   00000000    rw- .data


SECTION ALLOCATION MAP

 output                                  attributes/
section   page    origin      length       input sections
--------  ----  ----------  ----------   ----------------
.intvecs   0    00000000    0000026c     
                  00000000    0000026c     tm4c123gh6pm_startup_ccs.obj (.intvecs)

.text      0    0000026c    00000fce     
                  0000026c    00000844     main.obj (.text)
                  00000ab0    00000132     driverlib.lib : gpio.obj (.text:GPIOPadConfigSet)
                  00000be2    00000002     rtsv7M4_T_le_v4SPD16_eabi.lib : div0.asm.obj (.text)
                  00000be4    00000110     driverlib.lib : sysctl.obj (.text:SysCtlClockGet)
                  00000cf4    000000f4                   : sysctl.obj (.text:SysCtlClockSet)
                  00000de8    0000009c     rtsv7M4_T_le_v4SPD16_eabi.lib : memcpy_t2.asm.obj (.text)
                  00000e84    00000068                                   : copy_decompress_lzss.c.obj (.text:decompress:lzss:__TI_decompress_lzss)
                  00000eec    00000050     driverlib.lib : sysctl.obj (.text:SysCtlPeripheralReset)
                  00000f3c    0000004c                   : i2c.obj (.text:I2CMasterInitExpClk)
                  00000f88    00000048                   : gpio.obj (.text:GPIOPinConfigure)
                  00000fd0    00000046                   : uart.obj (.text:UARTConfigSetExpClk)
                  00001016    00000002     --HOLE-- [fill = 0]
                  00001018    00000044     rtsv7M4_T_le_v4SPD16_eabi.lib : autoinit.c.obj (.text:__TI_auto_init_nobinit_nopinit:__TI_auto_init_nobinit_nopinit)
                  0000105c    00000040                                   : u_divt2.asm.obj (.text)
                  0000109c    00000038     driverlib.lib : sysctl.obj (.text:SysCtlPeripheralPresent)
                  000010d4    00000034                   : sysctl.obj (.text:SysCtlPeripheralEnable)
                  00001108    00000034     rtsv7M4_T_le_v4SPD16_eabi.lib : boot_cortex_m.c.obj (.text:_c_int00_noargs:_c_int00_noargs)
                  0000113c    0000002a     driverlib.lib : gpio.obj (.text:GPIODirModeSet)
                  00001166    00000002     --HOLE-- [fill = 0]
                  00001168    00000020                   : uart.obj (.text:UARTDisable)
                  00001188    00000014                   : uart.obj (.text:UARTEnable)
                  0000119c    00000012                   : gpio.obj (.text:GPIOPinTypeI2C)
                  000011ae    00000012                   : gpio.obj (.text:GPIOPinTypeI2CSCL)
                  000011c0    00000012                   : gpio.obj (.text:GPIOPinTypeUART)
                  000011d2    0000000e     rtsv7M4_T_le_v4SPD16_eabi.lib : copy_decompress_none.c.obj (.text:decompress:none:__TI_decompress_none)
                  000011e0    0000000c     tm4c123gh6pm_startup_ccs.obj (.text)
                  000011ec    0000000a     driverlib.lib : i2c.obj (.text:I2CMasterEnable)
                  000011f6    0000000a                   : uart.obj (.text:UARTCharGet)
                  00001200    0000000a                   : uart.obj (.text:UARTCharPut)
                  0000120a    00000008                   : i2c.obj (.text:I2CMasterBusy)
                  00001212    00000008                   : i2c.obj (.text:I2CMasterSlaveAddrSet)
                  0000121a    00000006                   : sysctl.obj (.text:SysCtlDelay)
                  00001220    00000006                   : uart.obj (.text:UARTClockSourceSet)
                  00001226    00000004                   : i2c.obj (.text:I2CMasterControl)
                  0000122a    00000004                   : i2c.obj (.text:I2CMasterDataGet)
                  0000122e    00000004                   : i2c.obj (.text:I2CMasterDataPut)
                  00001232    00000004     rtsv7M4_T_le_v4SPD16_eabi.lib : pre_init.c.obj (.text:_system_pre_init)
                  00001236    00000004                                   : exit.c.obj (.text:abort:abort)

.const     0    0000123c    0000012c     
                  0000123c    00000090     driverlib.lib : gpio.obj (.const:g_pui32GPIOBaseAddrs)
                  000012cc    0000006c                   : sysctl.obj (.const:g_pui32Xtals)
                  00001338    00000012     main.obj (.const:.string)
                  0000134a    00000002     --HOLE-- [fill = 0]
                  0000134c    0000000c     main.obj (.const:g_ui32UARTBase)
                  00001358    0000000c     main.obj (.const:g_ui32UARTPeriph)
                  00001364    00000004     main.obj (.const)

.cinit     0    00001368    00000018     
                  00001368    00000008     (__TI_handler_table)
                  00001370    00000007     (.cinit..data.load) [load image, compression = lzss]
                  00001377    00000001     --HOLE-- [fill = 0]
                  00001378    00000008     (__TI_cinit_table)

.init_array 
*          0    00000000    00000000     UNINITIALIZED

.data      0    20000200    00000005     UNINITIALIZED
                  20000200    00000005     main.obj (.data)

.stack     0    20000000    00000200     UNINITIALIZED
                  20000000    00000004     rtsv7M4_T_le_v4SPD16_eabi.lib : boot_cortex_m.c.obj (.stack)
                  20000004    000001fc     --HOLE--

MODULE SUMMARY

       Module                         code   ro data   rw data
       ------                         ----   -------   -------
    .\
       main.obj                       2116   46        5      
       tm4c123gh6pm_startup_ccs.obj   12     620       0      
    +--+------------------------------+------+---------+---------+
       Total:                         2128   666       5      
                                                              
    C:/ti/TivaWare_C_Series-2.1.4.178/driverlib/ccs/Debug/driverlib.lib
       sysctl.obj                     710    108       0      
       gpio.obj                       474    144       0      
       uart.obj                       148    0         0      
       i2c.obj                        114    0         0      
    +--+------------------------------+------+---------+---------+
       Total:                         1446   252       0      
                                                              
    C:\ti\ccs920\ccs\tools\compiler\ti-cgt-arm_18.12.3.LTS\lib\rtsv7M4_T_le_v4SPD16_eabi.lib
       memcpy_t2.asm.obj              156    0         0      
       copy_decompress_lzss.c.obj     104    0         0      
       autoinit.c.obj                 68     0         0      
       u_divt2.asm.obj                64     0         0      
       boot_cortex_m.c.obj            52     0         0      
       copy_decompress_none.c.obj     14     0         0      
       exit.c.obj                     4      0         0      
       pre_init.c.obj                 4      0         0      
       div0.asm.obj                   2      0         0      
    +--+------------------------------+------+---------+---------+
       Total:                         468    0         0      
                                                              
       Stack:                         0      0         512    
       Linker Generated:              0      23        0      
    +--+------------------------------+------+---------+---------+
       Grand Total:                   4042   941       517    


LINKER GENERATED COPY TABLES

__TI_cinit_table @ 00001378 records: 1, size/record: 8, table size: 8
	.data: load addr=00001370, load size=00000007 bytes, run addr=20000200, run size=00000005 bytes, compression=lzss


LINKER GENERATED HANDLER TABLE

__TI_handler_table @ 00001368 records: 2, size/record: 4, table size: 8
	index: 0, handler: __TI_decompress_lzss
	index: 1, handler: __TI_decompress_none


GLOBAL SYMBOLS: SORTED ALPHABETICALLY BY Name 

address   name                          
-------   ----                          
00001237  C$$EXIT                       
0000113d  GPIODirModeSet                
00000ab1  GPIOPadConfigSet              
00000f89  GPIOPinConfigure              
0000119d  GPIOPinTypeI2C                
000011af  GPIOPinTypeI2CSCL             
000011c1  GPIOPinTypeUART               
0000120b  I2CMasterBusy                 
00001227  I2CMasterControl              
0000122b  I2CMasterDataGet              
0000122f  I2CMasterDataPut              
000011ed  I2CMasterEnable               
00000f3d  I2CMasterInitExpClk           
00001213  I2CMasterSlaveAddrSet         
00000909  I2CReceive                    
0000077b  I2CSend                       
0000085f  I2CSendString                 
000006f7  InitConsole                   
00000733  InitI2C0                      
000009a9  ReadAccel                     
000011e1  ResetISR                      
00000be5  SysCtlClockGet                
00000cf5  SysCtlClockSet                
0000121b  SysCtlDelay                   
000010d5  SysCtlPeripheralEnable        
0000109d  SysCtlPeripheralPresent       
00000eed  SysCtlPeripheralReset         
000011f7  UARTCharGet                   
00001201  UARTCharPut                   
00001221  UARTClockSourceSet            
00000fd1  UARTConfigSetExpClk           
00001169  UARTDisable                   
00001189  UARTEnable                    
0000026d  UARTStdioConfig               
000003b3  UARTgetc                      
000002f9  UARTgets                      
000006d3  UARTprintf                    
000003d9  UARTvprintf                   
000002b3  UARTwrite                     
20000200  __STACK_END                   
00000200  __STACK_SIZE                  
20000200  __STACK_TOP                   
00001378  __TI_CINIT_Base               
00001380  __TI_CINIT_Limit              
00001368  __TI_Handler_Table_Base       
00001370  __TI_Handler_Table_Limit      
00001019  __TI_auto_init_nobinit_nopinit
00000e85  __TI_decompress_lzss          
000011d3  __TI_decompress_none          
ffffffff  __TI_pprof_out_hndl           
ffffffff  __TI_prof_data_size           
ffffffff  __TI_prof_data_start          
00000000  __TI_static_base__            
00000be3  __aeabi_idiv0                 
00000be3  __aeabi_ldiv0                 
00000de9  __aeabi_memcpy                
00000de9  __aeabi_memcpy4               
00000de9  __aeabi_memcpy8               
0000105d  __aeabi_uidiv                 
0000105d  __aeabi_uidivmod              
ffffffff  __binit__                     
ffffffff  __c_args__                    
UNDEFED   __mpu_init                    
20000000  __stack                       
00001109  _c_int00_noargs               
UNDEFED   _system_post_cinit            
00001233  _system_pre_init              
00001237  abort                         
ffffffff  binit                         
00000967  delayMilli                    
00000000  g_pfnVectors                  
000009e9  main                          
00000de9  memcpy                        


GLOBAL SYMBOLS: SORTED BY Symbol Address 

address   name                          
-------   ----                          
00000000  __TI_static_base__            
00000000  g_pfnVectors                  
00000200  __STACK_SIZE                  
0000026d  UARTStdioConfig               
000002b3  UARTwrite                     
000002f9  UARTgets                      
000003b3  UARTgetc                      
000003d9  UARTvprintf                   
000006d3  UARTprintf                    
000006f7  InitConsole                   
00000733  InitI2C0                      
0000077b  I2CSend                       
0000085f  I2CSendString                 
00000909  I2CReceive                    
00000967  delayMilli                    
000009a9  ReadAccel                     
000009e9  main                          
00000ab1  GPIOPadConfigSet              
00000be3  __aeabi_idiv0                 
00000be3  __aeabi_ldiv0                 
00000be5  SysCtlClockGet                
00000cf5  SysCtlClockSet                
00000de9  __aeabi_memcpy                
00000de9  __aeabi_memcpy4               
00000de9  __aeabi_memcpy8               
00000de9  memcpy                        
00000e85  __TI_decompress_lzss          
00000eed  SysCtlPeripheralReset         
00000f3d  I2CMasterInitExpClk           
00000f89  GPIOPinConfigure              
00000fd1  UARTConfigSetExpClk           
00001019  __TI_auto_init_nobinit_nopinit
0000105d  __aeabi_uidiv                 
0000105d  __aeabi_uidivmod              
0000109d  SysCtlPeripheralPresent       
000010d5  SysCtlPeripheralEnable        
00001109  _c_int00_noargs               
0000113d  GPIODirModeSet                
00001169  UARTDisable                   
00001189  UARTEnable                    
0000119d  GPIOPinTypeI2C                
000011af  GPIOPinTypeI2CSCL             
000011c1  GPIOPinTypeUART               
000011d3  __TI_decompress_none          
000011e1  ResetISR                      
000011ed  I2CMasterEnable               
000011f7  UARTCharGet                   
00001201  UARTCharPut                   
0000120b  I2CMasterBusy                 
00001213  I2CMasterSlaveAddrSet         
0000121b  SysCtlDelay                   
00001221  UARTClockSourceSet            
00001227  I2CMasterControl              
0000122b  I2CMasterDataGet              
0000122f  I2CMasterDataPut              
00001233  _system_pre_init              
00001237  C$$EXIT                       
00001237  abort                         
00001368  __TI_Handler_Table_Base       
00001370  __TI_Handler_Table_Limit      
00001378  __TI_CINIT_Base               
00001380  __TI_CINIT_Limit              
20000000  __stack                       
20000200  __STACK_END                   
20000200  __STACK_TOP                   
ffffffff  __TI_pprof_out_hndl           
ffffffff  __TI_prof_data_size           
ffffffff  __TI_prof_data_start          
ffffffff  __binit__                     
ffffffff  __c_args__                    
ffffffff  binit                         
UNDEFED   __mpu_init                    
UNDEFED   _system_post_cinit            

[73 symbols]
