<?xml version="1.0" encoding="ISO-8859-1" ?>
<link_info>
   <banner>TI ARM Linker PC v18.12.3.LTS</banner>
   <copyright>Copyright (c) 1996-2018 Texas Instruments Incorporated</copyright>
   <link_time>0x5ddc25ab</link_time>
   <link_errors>0x0</link_errors>
   <output_file>usb_dev_keyboard.out</output_file>
   <entry_point>
      <name>_c_int00_noargs</name>
      <address>0x39a1</address>
   </entry_point>
   <input_file_list>
      <input_file id="fl-2">
         <path>.\</path>
         <kind>object</kind>
         <file>startup_ccs.obj</file>
         <name>startup_ccs.obj</name>
      </input_file>
      <input_file id="fl-3">
         <path>.\</path>
         <kind>object</kind>
         <file>usb_dev_keyboard.obj</file>
         <name>usb_dev_keyboard.obj</name>
      </input_file>
      <input_file id="fl-4">
         <path>.\</path>
         <kind>object</kind>
         <file>usb_keyb_structs.obj</file>
         <name>usb_keyb_structs.obj</name>
      </input_file>
      <input_file id="fl-5">
         <path>.\drivers\</path>
         <kind>object</kind>
         <file>buttons.obj</file>
         <name>buttons.obj</name>
      </input_file>
      <input_file id="fl-6">
         <path>.\drivers\</path>
         <kind>object</kind>
         <file>cfal96x64x16.obj</file>
         <name>cfal96x64x16.obj</name>
      </input_file>
      <input_file id="fl-7">
         <path>.\utils\</path>
         <kind>object</kind>
         <file>uartstdio.obj</file>
         <name>uartstdio.obj</name>
      </input_file>
      <input_file id="fl-e">
         <kind>object</kind>
         <file>&lt;internal&gt;</file>
         <name>&lt;internal&gt;</name>
      </input_file>
      <input_file id="fl-c4">
         <path>C:\ti\ccs920\ccs\tools\compiler\ti-cgt-arm_18.12.3.LTS\lib\</path>
         <kind>archive</kind>
         <file>rtsv7M4_T_le_v4SPD16_eabi.lib</file>
         <name>u_divt2.asm.obj</name>
      </input_file>
      <input_file id="fl-c5">
         <path>C:\ti\ccs920\ccs\tools\compiler\ti-cgt-arm_18.12.3.LTS\lib\</path>
         <kind>archive</kind>
         <file>rtsv7M4_T_le_v4SPD16_eabi.lib</file>
         <name>copy_zero_init.c.obj</name>
      </input_file>
      <input_file id="fl-c6">
         <path>C:\ti\ccs920\ccs\tools\compiler\ti-cgt-arm_18.12.3.LTS\lib\</path>
         <kind>archive</kind>
         <file>rtsv7M4_T_le_v4SPD16_eabi.lib</file>
         <name>copy_decompress_none.c.obj</name>
      </input_file>
      <input_file id="fl-c7">
         <path>C:\ti\ccs920\ccs\tools\compiler\ti-cgt-arm_18.12.3.LTS\lib\</path>
         <kind>archive</kind>
         <file>rtsv7M4_T_le_v4SPD16_eabi.lib</file>
         <name>copy_decompress_lzss.c.obj</name>
      </input_file>
      <input_file id="fl-c8">
         <path>C:\ti\ccs920\ccs\tools\compiler\ti-cgt-arm_18.12.3.LTS\lib\</path>
         <kind>archive</kind>
         <file>rtsv7M4_T_le_v4SPD16_eabi.lib</file>
         <name>boot_cortex_m.c.obj</name>
      </input_file>
      <input_file id="fl-c9">
         <path>C:\ti\ccs920\ccs\tools\compiler\ti-cgt-arm_18.12.3.LTS\lib\</path>
         <kind>archive</kind>
         <file>rtsv7M4_T_le_v4SPD16_eabi.lib</file>
         <name>div0.asm.obj</name>
      </input_file>
      <input_file id="fl-ca">
         <path>C:\ti\ccs920\ccs\tools\compiler\ti-cgt-arm_18.12.3.LTS\lib\</path>
         <kind>archive</kind>
         <file>rtsv7M4_T_le_v4SPD16_eabi.lib</file>
         <name>memset_t2.asm.obj</name>
      </input_file>
      <input_file id="fl-cb">
         <path>C:\ti\ccs920\ccs\tools\compiler\ti-cgt-arm_18.12.3.LTS\lib\</path>
         <kind>archive</kind>
         <file>rtsv7M4_T_le_v4SPD16_eabi.lib</file>
         <name>memcpy_t2.asm.obj</name>
      </input_file>
      <input_file id="fl-cc">
         <path>C:\ti\ccs920\ccs\tools\compiler\ti-cgt-arm_18.12.3.LTS\lib\</path>
         <kind>archive</kind>
         <file>rtsv7M4_T_le_v4SPD16_eabi.lib</file>
         <name>autoinit.c.obj</name>
      </input_file>
      <input_file id="fl-cd">
         <path>C:\ti\ccs920\ccs\tools\compiler\ti-cgt-arm_18.12.3.LTS\lib\</path>
         <kind>archive</kind>
         <file>rtsv7M4_T_le_v4SPD16_eabi.lib</file>
         <name>pre_init.c.obj</name>
      </input_file>
      <input_file id="fl-ce">
         <path>C:\ti\ccs920\ccs\tools\compiler\ti-cgt-arm_18.12.3.LTS\lib\</path>
         <kind>archive</kind>
         <file>rtsv7M4_T_le_v4SPD16_eabi.lib</file>
         <name>cpy_tbl.c.obj</name>
      </input_file>
      <input_file id="fl-cf">
         <path>C:\ti\ccs920\ccs\tools\compiler\ti-cgt-arm_18.12.3.LTS\lib\</path>
         <kind>archive</kind>
         <file>rtsv7M4_T_le_v4SPD16_eabi.lib</file>
         <name>exit.c.obj</name>
      </input_file>
      <input_file id="fl-d0">
         <path>C:\ti\ccs920\ccs\tools\compiler\ti-cgt-arm_18.12.3.LTS\lib\</path>
         <kind>archive</kind>
         <file>rtsv7M4_T_le_v4SPD16_eabi.lib</file>
         <name>_lock.c.obj</name>
      </input_file>
      <input_file id="fl-d1">
         <path>C:\ti\ccs920\ccs\tools\compiler\ti-cgt-arm_18.12.3.LTS\lib\</path>
         <kind>archive</kind>
         <file>rtsv7M4_T_le_v4SPD16_eabi.lib</file>
         <name>args_main.c.obj</name>
      </input_file>
      <input_file id="fl-d2">
         <path>C:\ti\TivaWare_C_Series-2.1.4.178\driverlib\ccs\Debug\</path>
         <kind>archive</kind>
         <file>driverlib.lib</file>
         <name>gpio.obj</name>
      </input_file>
      <input_file id="fl-d3">
         <path>C:\ti\TivaWare_C_Series-2.1.4.178\driverlib\ccs\Debug\</path>
         <kind>archive</kind>
         <file>driverlib.lib</file>
         <name>interrupt.obj</name>
      </input_file>
      <input_file id="fl-d4">
         <path>C:\ti\TivaWare_C_Series-2.1.4.178\driverlib\ccs\Debug\</path>
         <kind>archive</kind>
         <file>driverlib.lib</file>
         <name>sysctl.obj</name>
      </input_file>
      <input_file id="fl-d5">
         <path>C:\ti\TivaWare_C_Series-2.1.4.178\driverlib\ccs\Debug\</path>
         <kind>archive</kind>
         <file>driverlib.lib</file>
         <name>cpu.obj</name>
      </input_file>
      <input_file id="fl-d6">
         <path>C:\ti\TivaWare_C_Series-2.1.4.178\grlib\ccs\Debug\</path>
         <kind>archive</kind>
         <file>grlib.lib</file>
         <name>context.obj</name>
      </input_file>
      <input_file id="fl-d7">
         <path>C:\ti\TivaWare_C_Series-2.1.4.178\grlib\ccs\Debug\</path>
         <kind>archive</kind>
         <file>grlib.lib</file>
         <name>rectangle.obj</name>
      </input_file>
      <input_file id="fl-d8">
         <path>C:\ti\TivaWare_C_Series-2.1.4.178\grlib\ccs\Debug\</path>
         <kind>archive</kind>
         <file>grlib.lib</file>
         <name>string.obj</name>
      </input_file>
      <input_file id="fl-d9">
         <path>C:\ti\TivaWare_C_Series-2.1.4.178\grlib\ccs\Debug\</path>
         <kind>archive</kind>
         <file>grlib.lib</file>
         <name>fontfixed6x8.obj</name>
      </input_file>
      <input_file id="fl-da">
         <path>C:\ti\TivaWare_C_Series-2.1.4.178\grlib\ccs\Debug\</path>
         <kind>archive</kind>
         <file>grlib.lib</file>
         <name>charmap.obj</name>
      </input_file>
      <input_file id="fl-db">
         <path>C:\ti\TivaWare_C_Series-2.1.4.178\grlib\ccs\Debug\</path>
         <kind>archive</kind>
         <file>grlib.lib</file>
         <name>line.obj</name>
      </input_file>
      <input_file id="fl-dc">
         <path>C:\ti\TivaWare_C_Series-2.1.4.178\usblib\ccs\Debug\</path>
         <kind>archive</kind>
         <file>usblib.lib</file>
         <name>usbmode.obj</name>
      </input_file>
      <input_file id="fl-dd">
         <path>C:\ti\TivaWare_C_Series-2.1.4.178\usblib\ccs\Debug\</path>
         <kind>archive</kind>
         <file>usblib.lib</file>
         <name>usbtick.obj</name>
      </input_file>
      <input_file id="fl-de">
         <path>C:\ti\TivaWare_C_Series-2.1.4.178\usblib\ccs\Debug\</path>
         <kind>archive</kind>
         <file>usblib.lib</file>
         <name>usbhostenum.obj</name>
      </input_file>
      <input_file id="fl-df">
         <path>C:\ti\TivaWare_C_Series-2.1.4.178\usblib\ccs\Debug\</path>
         <kind>archive</kind>
         <file>usblib.lib</file>
         <name>usbdenum.obj</name>
      </input_file>
      <input_file id="fl-e0">
         <path>C:\ti\TivaWare_C_Series-2.1.4.178\usblib\ccs\Debug\</path>
         <kind>archive</kind>
         <file>usblib.lib</file>
         <name>usbdhandler.obj</name>
      </input_file>
      <input_file id="fl-e1">
         <path>C:\ti\TivaWare_C_Series-2.1.4.178\usblib\ccs\Debug\</path>
         <kind>archive</kind>
         <file>usblib.lib</file>
         <name>usbdhidkeyb.obj</name>
      </input_file>
      <input_file id="fl-e2">
         <path>C:\ti\TivaWare_C_Series-2.1.4.178\usblib\ccs\Debug\</path>
         <kind>archive</kind>
         <file>usblib.lib</file>
         <name>usbdesc.obj</name>
      </input_file>
      <input_file id="fl-e3">
         <path>C:\ti\TivaWare_C_Series-2.1.4.178\usblib\ccs\Debug\</path>
         <kind>archive</kind>
         <file>usblib.lib</file>
         <name>usbdma.obj</name>
      </input_file>
      <input_file id="fl-e4">
         <path>C:\ti\TivaWare_C_Series-2.1.4.178\usblib\ccs\Debug\</path>
         <kind>archive</kind>
         <file>usblib.lib</file>
         <name>usbulpi.obj</name>
      </input_file>
      <input_file id="fl-e5">
         <path>C:\ti\TivaWare_C_Series-2.1.4.178\usblib\ccs\Debug\</path>
         <kind>archive</kind>
         <file>usblib.lib</file>
         <name>usbhhub.obj</name>
      </input_file>
      <input_file id="fl-e6">
         <path>C:\ti\TivaWare_C_Series-2.1.4.178\usblib\ccs\Debug\</path>
         <kind>archive</kind>
         <file>usblib.lib</file>
         <name>usbdcdesc.obj</name>
      </input_file>
      <input_file id="fl-e7">
         <path>C:\ti\TivaWare_C_Series-2.1.4.178\usblib\ccs\Debug\</path>
         <kind>archive</kind>
         <file>usblib.lib</file>
         <name>usbdconfig.obj</name>
      </input_file>
      <input_file id="fl-e8">
         <path>C:\ti\TivaWare_C_Series-2.1.4.178\usblib\ccs\Debug\</path>
         <kind>archive</kind>
         <file>usblib.lib</file>
         <name>usbdhid.obj</name>
      </input_file>
      <input_file id="fl-e9">
         <path>C:\ti\TivaWare_C_Series-2.1.4.178\driverlib\ccs\Debug\</path>
         <kind>archive</kind>
         <file>driverlib.lib</file>
         <name>udma.obj</name>
      </input_file>
      <input_file id="fl-ea">
         <path>C:\ti\TivaWare_C_Series-2.1.4.178\driverlib\ccs\Debug\</path>
         <kind>archive</kind>
         <file>driverlib.lib</file>
         <name>usb.obj</name>
      </input_file>
   </input_file_list>
   <object_component_list>
      <object_component id="oc-f">
         <name>.intvecs</name>
         <load_address>0x0</load_address>
         <run_address>0x0</run_address>
         <size>0x26c</size>
         <input_file_ref idref="fl-2"/>
      </object_component>
      <object_component id="oc-fc">
         <name>.text:main</name>
         <load_address>0x26c</load_address>
         <run_address>0x26c</run_address>
         <size>0x43c</size>
         <input_file_ref idref="fl-3"/>
      </object_component>
      <object_component id="oc-3c3">
         <name>.text:GrFontGlyphRender</name>
         <load_address>0x6a8</load_address>
         <run_address>0x6a8</run_address>
         <size>0x254</size>
         <input_file_ref idref="fl-d8"/>
      </object_component>
      <object_component id="oc-1a7">
         <name>.text:CFAL96x64x16Init</name>
         <load_address>0x8fc</load_address>
         <run_address>0x8fc</run_address>
         <size>0x184</size>
         <input_file_ref idref="fl-6"/>
      </object_component>
      <object_component id="oc-42">
         <name>.text:UARTStdioIntHandler</name>
         <load_address>0xa80</load_address>
         <run_address>0xa80</run_address>
         <size>0x160</size>
         <input_file_ref idref="fl-7"/>
      </object_component>
      <object_component id="oc-577">
         <name>.text:USBLibDMAInit</name>
         <load_address>0xbe0</load_address>
         <run_address>0xbe0</run_address>
         <size>0x160</size>
         <input_file_ref idref="fl-e3"/>
      </object_component>
      <object_component id="oc-412">
         <name>.text:USBDCDInit</name>
         <load_address>0xd40</load_address>
         <run_address>0xd40</run_address>
         <size>0x150</size>
         <input_file_ref idref="fl-df"/>
      </object_component>
      <object_component id="oc-27b">
         <name>.text:USBDEP0StateTxConfig</name>
         <load_address>0xe90</load_address>
         <run_address>0xe90</run_address>
         <size>0x150</size>
         <input_file_ref idref="fl-df"/>
      </object_component>
      <object_component id="oc-c8">
         <name>.text:USBDeviceIntHandlerInternal</name>
         <load_address>0xfe0</load_address>
         <run_address>0xfe0</run_address>
         <size>0x150</size>
         <input_file_ref idref="fl-df"/>
      </object_component>
      <object_component id="oc-5dc">
         <name>.text:USBDeviceConfig</name>
         <load_address>0x1130</load_address>
         <run_address>0x1130</run_address>
         <size>0x148</size>
         <input_file_ref idref="fl-e7"/>
      </object_component>
      <object_component id="oc-330">
         <name>.text:CFAL96x64x16PixelDrawMultiple</name>
         <load_address>0x1278</load_address>
         <run_address>0x1278</run_address>
         <size>0x13a</size>
         <input_file_ref idref="fl-6"/>
      </object_component>
      <object_component id="oc-2a7">
         <name>.text:GPIOPadConfigSet</name>
         <load_address>0x13b2</load_address>
         <run_address>0x13b2</run_address>
         <size>0x132</size>
         <input_file_ref idref="fl-d2"/>
      </object_component>
      <object_component id="oc-60d">
         <name>.text:HandleRequest</name>
         <load_address>0x14e4</load_address>
         <run_address>0x14e4</run_address>
         <size>0x114</size>
         <input_file_ref idref="fl-e8"/>
      </object_component>
      <object_component id="oc-6f7">
         <name>.text:iDMAUSBTransfer</name>
         <load_address>0x15f8</load_address>
         <run_address>0x15f8</run_address>
         <size>0xf4</size>
         <input_file_ref idref="fl-e3"/>
      </object_component>
      <object_component id="oc-4bc">
         <name>.text:USBDGetDescriptor</name>
         <load_address>0x16ec</load_address>
         <run_address>0x16ec</run_address>
         <size>0xe4</size>
         <input_file_ref idref="fl-df"/>
      </object_component>
      <object_component id="oc-3fc">
         <name>.text:USBDHIDCompositeInit</name>
         <load_address>0x17d0</load_address>
         <run_address>0x17d0</run_address>
         <size>0xe0</size>
         <input_file_ref idref="fl-e8"/>
      </object_component>
      <object_component id="oc-178">
         <name>.text:USBDeviceEnumHandler</name>
         <load_address>0x18b0</load_address>
         <run_address>0x18b0</run_address>
         <size>0xd8</size>
         <input_file_ref idref="fl-df"/>
      </object_component>
      <object_component id="oc-685">
         <name>.text:uDMAUSBChannelAllocate</name>
         <load_address>0x1988</load_address>
         <run_address>0x1988</run_address>
         <size>0xc4</size>
         <input_file_ref idref="fl-e3"/>
      </object_component>
      <object_component id="oc-2c7">
         <name>.text:GrDefaultStringRenderer</name>
         <load_address>0x1a4c</load_address>
         <run_address>0x1a4c</run_address>
         <size>0xc0</size>
         <input_file_ref idref="fl-d8"/>
      </object_component>
      <object_component id="oc-6c7">
         <name>.text:uDMAUSBTransfer</name>
         <load_address>0x1b0c</load_address>
         <run_address>0x1b0c</run_address>
         <size>0xbc</size>
         <input_file_ref idref="fl-e3"/>
      </object_component>
      <object_component id="oc-a2">
         <name>.text:UARTwrite</name>
         <load_address>0x1bc8</load_address>
         <run_address>0x1bc8</run_address>
         <size>0xa8</size>
         <input_file_ref idref="fl-7"/>
      </object_component>
      <object_component id="oc-402">
         <name>.text:HIDKeyboardRxHandler</name>
         <load_address>0x1c70</load_address>
         <run_address>0x1c70</run_address>
         <size>0xa6</size>
         <input_file_ref idref="fl-e1"/>
      </object_component>
      <object_component id="oc-348">
         <name>.text:CFAL96x64x16Flush</name>
         <load_address>0x1d16</load_address>
         <run_address>0x1d16</run_address>
         <size>0x2</size>
         <input_file_ref idref="fl-6"/>
      </object_component>
      <object_component id="oc-300">
         <name>.text:USBDHIDKeyboardCompositeInit</name>
         <load_address>0x1d18</load_address>
         <run_address>0x1d18</run_address>
         <size>0x9c</size>
         <input_file_ref idref="fl-e1"/>
      </object_component>
      <object_component id="oc-5c">
         <name>.text</name>
         <load_address>0x1db4</load_address>
         <run_address>0x1db4</run_address>
         <size>0x9c</size>
         <input_file_ref idref="fl-cb"/>
      </object_component>
      <object_component id="oc-4da">
         <name>.text:USBDSetInterface</name>
         <load_address>0x1e50</load_address>
         <run_address>0x1e50</run_address>
         <size>0x98</size>
         <input_file_ref idref="fl-df"/>
      </object_component>
      <object_component id="oc-4ce">
         <name>.text:USBDSetConfiguration</name>
         <load_address>0x1ee8</load_address>
         <run_address>0x1ee8</run_address>
         <size>0x90</size>
         <input_file_ref idref="fl-df"/>
      </object_component>
      <object_component id="oc-33c">
         <name>.text:CFAL96x64x16LineDrawV</name>
         <load_address>0x1f78</load_address>
         <run_address>0x1f78</run_address>
         <size>0x8e</size>
         <input_file_ref idref="fl-6"/>
      </object_component>
      <object_component id="oc-30">
         <name>.text:FaultISR</name>
         <load_address>0x2006</load_address>
         <run_address>0x2006</run_address>
         <size>0x2</size>
         <input_file_ref idref="fl-2"/>
      </object_component>
      <object_component id="oc-96">
         <name>.text:UARTPrimeTransmit</name>
         <load_address>0x2008</load_address>
         <run_address>0x2008</run_address>
         <size>0x8c</size>
         <input_file_ref idref="fl-7"/>
      </object_component>
      <object_component id="oc-5f0">
         <name>.text:USBDeviceConfigAlternate</name>
         <load_address>0x2094</load_address>
         <run_address>0x2094</run_address>
         <size>0x8c</size>
         <input_file_ref idref="fl-e7"/>
      </object_component>
      <object_component id="oc-64d">
         <name>.text:ProcessIdleTimers</name>
         <load_address>0x2120</load_address>
         <run_address>0x2120</run_address>
         <size>0x88</size>
         <input_file_ref idref="fl-e8"/>
      </object_component>
      <object_component id="oc-1b3">
         <name>.text:GrRectFill</name>
         <load_address>0x21a8</load_address>
         <run_address>0x21a8</run_address>
         <size>0x86</size>
         <input_file_ref idref="fl-d7"/>
      </object_component>
      <object_component id="oc-313">
         <name>.text:USBDHIDKeyboardKeyStateChange</name>
         <load_address>0x222e</load_address>
         <run_address>0x222e</run_address>
         <size>0x86</size>
         <input_file_ref idref="fl-e1"/>
      </object_component>
      <object_component id="oc-6d9">
         <name>.text:iDMAUSBChannelAllocate</name>
         <load_address>0x22b4</load_address>
         <run_address>0x22b4</run_address>
         <size>0x84</size>
         <input_file_ref idref="fl-e3"/>
      </object_component>
      <object_component id="oc-7e5">
         <name>.text:uDMAChannelTransferSet</name>
         <load_address>0x2338</load_address>
         <run_address>0x2338</run_address>
         <size>0x84</size>
         <input_file_ref idref="fl-e9"/>
      </object_component>
      <object_component id="oc-1dd">
         <name>.text:ButtonsPoll</name>
         <load_address>0x23bc</load_address>
         <run_address>0x23bc</run_address>
         <size>0x80</size>
         <input_file_ref idref="fl-5"/>
      </object_component>
      <object_component id="oc-4aa">
         <name>.text:USBDClearFeature</name>
         <load_address>0x243c</load_address>
         <run_address>0x243c</run_address>
         <size>0x80</size>
         <input_file_ref idref="fl-df"/>
      </object_component>
      <object_component id="oc-72f">
         <name>.text:USBDevEndpointConfigSet</name>
         <load_address>0x24bc</load_address>
         <run_address>0x24bc</run_address>
         <size>0x7a</size>
         <input_file_ref idref="fl-ea"/>
      </object_component>
      <object_component id="oc-f0">
         <name>.text</name>
         <load_address>0x2536</load_address>
         <run_address>0x2536</run_address>
         <size>0x7a</size>
         <input_file_ref idref="fl-ca"/>
      </object_component>
      <object_component id="oc-1e3">
         <name>.text:SendString</name>
         <load_address>0x25b0</load_address>
         <run_address>0x25b0</run_address>
         <size>0x78</size>
         <input_file_ref idref="fl-3"/>
      </object_component>
      <object_component id="oc-4a4">
         <name>.text:USBDGetStatus</name>
         <load_address>0x2628</load_address>
         <run_address>0x2628</run_address>
         <size>0x78</size>
         <input_file_ref idref="fl-df"/>
      </object_component>
      <object_component id="oc-281">
         <name>.text:USBDEP0StateTx</name>
         <load_address>0x26a0</load_address>
         <run_address>0x26a0</run_address>
         <size>0x70</size>
         <input_file_ref idref="fl-df"/>
      </object_component>
      <object_component id="oc-67f">
         <name>.text:uDMAUSBArbSizeSet</name>
         <load_address>0x2710</load_address>
         <run_address>0x2710</run_address>
         <size>0x70</size>
         <input_file_ref idref="fl-e3"/>
      </object_component>
      <object_component id="oc-6cd">
         <name>.text:uDMAUSBUnitSizeSet</name>
         <load_address>0x2780</load_address>
         <run_address>0x2780</run_address>
         <size>0x70</size>
         <input_file_ref idref="fl-e3"/>
      </object_component>
      <object_component id="oc-336">
         <name>.text:CFAL96x64x16LineDrawH</name>
         <load_address>0x27f0</load_address>
         <run_address>0x27f0</run_address>
         <size>0x6c</size>
         <input_file_ref idref="fl-6"/>
      </object_component>
      <object_component id="oc-359">
         <name>.text:KeyboardHandler</name>
         <load_address>0x285c</load_address>
         <run_address>0x285c</run_address>
         <size>0x6c</size>
         <input_file_ref idref="fl-3"/>
      </object_component>
      <object_component id="oc-4b0">
         <name>.text:USBDSetFeature</name>
         <load_address>0x28c8</load_address>
         <run_address>0x28c8</run_address>
         <size>0x6c</size>
         <input_file_ref idref="fl-df"/>
      </object_component>
      <object_component id="oc-1ad">
         <name>.text:GrContextInit</name>
         <load_address>0x2934</load_address>
         <run_address>0x2934</run_address>
         <size>0x68</size>
         <input_file_ref idref="fl-d6"/>
      </object_component>
      <object_component id="oc-1bf">
         <name>.text:GrStringWidthGet</name>
         <load_address>0x299c</load_address>
         <run_address>0x299c</run_address>
         <size>0x68</size>
         <input_file_ref idref="fl-d8"/>
      </object_component>
      <object_component id="oc-7be">
         <name>.text:IntDisable</name>
         <load_address>0x2a04</load_address>
         <run_address>0x2a04</run_address>
         <size>0x68</size>
         <input_file_ref idref="fl-d3"/>
      </object_component>
      <object_component id="oc-58f">
         <name>.text:IntEnable</name>
         <load_address>0x2a6c</load_address>
         <run_address>0x2a6c</run_address>
         <size>0x68</size>
         <input_file_ref idref="fl-d3"/>
      </object_component>
      <object_component id="oc-12">
         <name>.text:decompress:lzss:__TI_decompress_lzss</name>
         <load_address>0x2ad4</load_address>
         <run_address>0x2ad4</run_address>
         <size>0x68</size>
         <input_file_ref idref="fl-c7"/>
      </object_component>
      <object_component id="oc-607">
         <name>.text:HandleGetDescriptor</name>
         <load_address>0x2b3c</load_address>
         <run_address>0x2b3c</run_address>
         <size>0x64</size>
         <input_file_ref idref="fl-e8"/>
      </object_component>
      <object_component id="oc-7b8">
         <name>.text:IntIsEnabled</name>
         <load_address>0x2ba0</load_address>
         <run_address>0x2ba0</run_address>
         <size>0x64</size>
         <input_file_ref idref="fl-d3"/>
      </object_component>
      <object_component id="oc-691">
         <name>.text:uDMAUSBChannelEnable</name>
         <load_address>0x2c04</load_address>
         <run_address>0x2c04</run_address>
         <size>0x64</size>
         <input_file_ref idref="fl-e3"/>
      </object_component>
      <object_component id="oc-643">
         <name>.text:HandleDevice</name>
         <load_address>0x2c68</load_address>
         <run_address>0x2c68</run_address>
         <size>0x60</size>
         <input_file_ref idref="fl-e8"/>
      </object_component>
      <object_component id="oc-77a">
         <name>.text:ProcessDataFromHost</name>
         <load_address>0x2cc8</load_address>
         <run_address>0x2cc8</run_address>
         <size>0x60</size>
         <input_file_ref idref="fl-e8"/>
      </object_component>
      <object_component id="oc-275">
         <name>.text:USBDReadAndDispatchRequest</name>
         <load_address>0x2d28</load_address>
         <run_address>0x2d28</run_address>
         <size>0x60</size>
         <input_file_ref idref="fl-df"/>
      </object_component>
      <object_component id="oc-25d">
         <name>.text:USBDevEndpointStatusClear</name>
         <load_address>0x2d88</load_address>
         <run_address>0x2d88</run_address>
         <size>0x5e</size>
         <input_file_ref idref="fl-ea"/>
      </object_component>
      <object_component id="oc-753">
         <name>.text:FindHIDDescriptor</name>
         <load_address>0x2de6</load_address>
         <run_address>0x2de6</run_address>
         <size>0x5c</size>
         <input_file_ref idref="fl-e8"/>
      </object_component>
      <object_component id="oc-3e0">
         <name>.text:FontWideGlyphDataGet</name>
         <load_address>0x2e42</load_address>
         <run_address>0x2e42</run_address>
         <size>0x5a</size>
         <input_file_ref idref="fl-d8"/>
      </object_component>
      <object_component id="oc-42f">
         <name>.text:RemoveKeyFromPressedList</name>
         <load_address>0x2e9c</load_address>
         <run_address>0x2e9c</run_address>
         <size>0x56</size>
         <input_file_ref idref="fl-e1"/>
      </object_component>
      <object_component id="oc-6a3">
         <name>.text:uDMAUSBChannelRelease</name>
         <load_address>0x2ef2</load_address>
         <run_address>0x2ef2</run_address>
         <size>0x56</size>
         <input_file_ref idref="fl-e3"/>
      </object_component>
      <object_component id="oc-780">
         <name>.text:ProcessDataToHost</name>
         <load_address>0x2f48</load_address>
         <run_address>0x2f48</run_address>
         <size>0x54</size>
         <input_file_ref idref="fl-e8"/>
      </object_component>
      <object_component id="oc-54d">
         <name>.text:ULPIConfigSet</name>
         <load_address>0x2f9c</load_address>
         <run_address>0x2f9c</run_address>
         <size>0x52</size>
         <input_file_ref idref="fl-e4"/>
      </object_component>
      <object_component id="oc-36">
         <name>.text:IntDefaultHandler</name>
         <load_address>0x2fee</load_address>
         <run_address>0x2fee</run_address>
         <size>0x2</size>
         <input_file_ref idref="fl-2"/>
      </object_component>
      <object_component id="oc-2b7">
         <name>.text:CFAL96x64x16WriteCommand</name>
         <load_address>0x2ff0</load_address>
         <run_address>0x2ff0</run_address>
         <size>0x50</size>
         <input_file_ref idref="fl-6"/>
      </object_component>
      <object_component id="oc-452">
         <name>.text:CFAL96x64x16WriteData</name>
         <load_address>0x3040</load_address>
         <run_address>0x3040</run_address>
         <size>0x50</size>
         <input_file_ref idref="fl-6"/>
      </object_component>
      <object_component id="oc-535">
         <name>.text:SysCtlPeripheralReset</name>
         <load_address>0x3090</load_address>
         <run_address>0x3090</run_address>
         <size>0x50</size>
         <input_file_ref idref="fl-d4"/>
      </object_component>
      <object_component id="oc-723">
         <name>.text:USBDCDConfigDescGet</name>
         <load_address>0x30e0</load_address>
         <run_address>0x30e0</run_address>
         <size>0x50</size>
         <input_file_ref idref="fl-e6"/>
      </object_component>
      <object_component id="oc-15a">
         <name>.text:USBDeviceResumeTickHandler</name>
         <load_address>0x3130</load_address>
         <run_address>0x3130</run_address>
         <size>0x50</size>
         <input_file_ref idref="fl-df"/>
      </object_component>
      <object_component id="oc-729">
         <name>.text:GetEPDescriptorType</name>
         <load_address>0x3180</load_address>
         <run_address>0x3180</run_address>
         <size>0x4c</size>
         <input_file_ref idref="fl-e7"/>
      </object_component>
      <object_component id="oc-5d3">
         <name>.text:USBDStringIndexFromRequest</name>
         <load_address>0x31cc</load_address>
         <run_address>0x31cc</run_address>
         <size>0x4c</size>
         <input_file_ref idref="fl-df"/>
      </object_component>
      <object_component id="oc-7f1">
         <name>.text:USBEndpointDMAConfigSet</name>
         <load_address>0x3218</load_address>
         <run_address>0x3218</run_address>
         <size>0x4c</size>
         <input_file_ref idref="fl-ea"/>
      </object_component>
      <object_component id="oc-703">
         <name>.text:iDMAUSBChannelEnable</name>
         <load_address>0x3264</load_address>
         <run_address>0x3264</run_address>
         <size>0x4c</size>
         <input_file_ref idref="fl-e3"/>
      </object_component>
      <object_component id="oc-74a">
         <name>.text:ConfigAlternateInterfaceGet</name>
         <load_address>0x32b0</load_address>
         <run_address>0x32b0</run_address>
         <size>0x4a</size>
         <input_file_ref idref="fl-e6"/>
      </object_component>
      <object_component id="oc-441">
         <name>.text:USBDHIDReportWrite</name>
         <load_address>0x32fa</load_address>
         <run_address>0x32fa</run_address>
         <size>0x4a</size>
         <input_file_ref idref="fl-e8"/>
      </object_component>
      <object_component id="oc-5ca">
         <name>.text:USBDevEndpointStallClear</name>
         <load_address>0x3344</load_address>
         <run_address>0x3344</run_address>
         <size>0x4a</size>
         <input_file_ref idref="fl-ea"/>
      </object_component>
      <object_component id="oc-2db">
         <name>.text:UpdateContextCharMapping</name>
         <load_address>0x338e</load_address>
         <run_address>0x338e</run_address>
         <size>0x4a</size>
         <input_file_ref idref="fl-d8"/>
      </object_component>
      <object_component id="oc-68b">
         <name>.text:uDMAUSBChannelDisable</name>
         <load_address>0x33d8</load_address>
         <run_address>0x33d8</run_address>
         <size>0x4a</size>
         <input_file_ref idref="fl-e3"/>
      </object_component>
      <object_component id="oc-76c">
         <name>.text:SetIdleTimeout</name>
         <load_address>0x3422</load_address>
         <run_address>0x3422</run_address>
         <size>0x48</size>
         <input_file_ref idref="fl-e8"/>
      </object_component>
      <object_component id="oc-2a">
         <name>.text:NmiSR</name>
         <load_address>0x346a</load_address>
         <run_address>0x346a</run_address>
         <size>0x2</size>
         <input_file_ref idref="fl-2"/>
      </object_component>
      <object_component id="oc-154">
         <name>.text:USBDeviceEnumResetHandler</name>
         <load_address>0x346c</load_address>
         <run_address>0x346c</run_address>
         <size>0x48</size>
         <input_file_ref idref="fl-df"/>
      </object_component>
      <object_component id="oc-7a4">
         <name>.text:uDMAChannelAttributeDisable</name>
         <load_address>0x34b4</load_address>
         <run_address>0x34b4</run_address>
         <size>0x48</size>
         <input_file_ref idref="fl-e9"/>
      </object_component>
      <object_component id="oc-269">
         <name>.text:USBEndpointDataGet</name>
         <load_address>0x34fc</load_address>
         <run_address>0x34fc</run_address>
         <size>0x46</size>
         <input_file_ref idref="fl-ea"/>
      </object_component>
      <object_component id="oc-6d3">
         <name>.text:iDMAUSBArbSizeSet</name>
         <load_address>0x3542</load_address>
         <run_address>0x3542</run_address>
         <size>0x2</size>
         <input_file_ref idref="fl-e3"/>
      </object_component>
      <object_component id="oc-506">
         <name>.text:USBDCDDeviceInfoInit</name>
         <load_address>0x3544</load_address>
         <run_address>0x3544</run_address>
         <size>0x44</size>
         <input_file_ref idref="fl-df"/>
      </object_component>
      <object_component id="oc-4d4">
         <name>.text:USBDGetInterface</name>
         <load_address>0x3588</load_address>
         <run_address>0x3588</run_address>
         <size>0x44</size>
         <input_file_ref idref="fl-df"/>
      </object_component>
      <object_component id="oc-208">
         <name>.text:__TI_auto_init_nobinit_nopinit:__TI_auto_init_nobinit_nopinit</name>
         <load_address>0x35cc</load_address>
         <run_address>0x35cc</run_address>
         <size>0x44</size>
         <input_file_ref idref="fl-cc"/>
      </object_component>
      <object_component id="oc-5a2">
         <name>.text:ScheduleReportTransmission</name>
         <load_address>0x3610</load_address>
         <run_address>0x3610</run_address>
         <size>0x40</size>
         <input_file_ref idref="fl-e8"/>
      </object_component>
      <object_component id="oc-408">
         <name>.text:HIDKeyboardTxHandler</name>
         <load_address>0x3650</load_address>
         <run_address>0x3650</run_address>
         <size>0x3e</size>
         <input_file_ref idref="fl-e1"/>
      </object_component>
      <object_component id="oc-70f">
         <name>.text:iDMAUSBUnitSizeSet</name>
         <load_address>0x368e</load_address>
         <run_address>0x368e</run_address>
         <size>0x2</size>
         <input_file_ref idref="fl-e3"/>
      </object_component>
      <object_component id="oc-1a1">
         <name>.text:ButtonsInit</name>
         <load_address>0x3690</load_address>
         <run_address>0x3690</run_address>
         <size>0x3c</size>
         <input_file_ref idref="fl-5"/>
      </object_component>
      <object_component id="oc-44b">
         <name>.text:USBDCDRemoteWakeupRequest</name>
         <load_address>0x36cc</load_address>
         <run_address>0x36cc</run_address>
         <size>0x3c</size>
         <input_file_ref idref="fl-df"/>
      </object_component>
      <object_component id="oc-6fd">
         <name>.text:iDMAUSBChannelRelease</name>
         <load_address>0x3708</load_address>
         <run_address>0x3708</run_address>
         <size>0x3c</size>
         <input_file_ref idref="fl-e3"/>
      </object_component>
      <object_component id="oc-3e6">
         <name>.text:FontGlyphDataGet</name>
         <load_address>0x3744</load_address>
         <run_address>0x3744</run_address>
         <size>0x3a</size>
         <input_file_ref idref="fl-d8"/>
      </object_component>
      <object_component id="oc-73b">
         <name>.text:USBFIFOConfigSet</name>
         <load_address>0x377e</load_address>
         <run_address>0x377e</run_address>
         <size>0x3a</size>
         <input_file_ref idref="fl-ea"/>
      </object_component>
      <object_component id="oc-518">
         <name>.text:InternalUSBRegisterTickHandler</name>
         <load_address>0x37b8</load_address>
         <run_address>0x37b8</run_address>
         <size>0x38</size>
         <input_file_ref idref="fl-dd"/>
      </object_component>
      <object_component id="oc-160">
         <name>.text:InternalUSBStartOfFrameTick</name>
         <load_address>0x37f0</load_address>
         <run_address>0x37f0</run_address>
         <size>0x38</size>
         <input_file_ref idref="fl-dd"/>
      </object_component>
      <object_component id="oc-500">
         <name>.text:USBDCDConfigGetInterfaceEndpoint</name>
         <load_address>0x3828</load_address>
         <run_address>0x3828</run_address>
         <size>0x38</size>
         <input_file_ref idref="fl-e6"/>
      </object_component>
      <object_component id="oc-c2">
         <name>.text:USBIntStatusControl</name>
         <load_address>0x3860</load_address>
         <run_address>0x3860</run_address>
         <size>0x38</size>
         <input_file_ref idref="fl-ea"/>
      </object_component>
      <object_component id="oc-63d">
         <name>.text:HandleEndpoints</name>
         <load_address>0x3898</load_address>
         <run_address>0x3898</run_address>
         <size>0x36</size>
         <input_file_ref idref="fl-e8"/>
      </object_component>
      <object_component id="oc-3a4">
         <name>.text:USBEndpointDataPut</name>
         <load_address>0x38ce</load_address>
         <run_address>0x38ce</run_address>
         <size>0x36</size>
         <input_file_ref idref="fl-ea"/>
      </object_component>
      <object_component id="oc-524">
         <name>.text:HIDTickHandler</name>
         <load_address>0x3904</load_address>
         <run_address>0x3904</run_address>
         <size>0x34</size>
         <input_file_ref idref="fl-e8"/>
      </object_component>
      <object_component id="oc-29b">
         <name>.text:SysCtlPeripheralEnable</name>
         <load_address>0x3938</load_address>
         <run_address>0x3938</run_address>
         <size>0x34</size>
         <input_file_ref idref="fl-d4"/>
      </object_component>
      <object_component id="oc-3aa">
         <name>.text:USBEndpointDataSend</name>
         <load_address>0x396c</load_address>
         <run_address>0x396c</run_address>
         <size>0x34</size>
         <input_file_ref idref="fl-ea"/>
      </object_component>
      <object_component id="oc-7a">
         <name>.text:_c_int00_noargs:_c_int00_noargs</name>
         <load_address>0x39a0</load_address>
         <run_address>0x39a0</run_address>
         <size>0x34</size>
         <input_file_ref idref="fl-c8"/>
      </object_component>
      <object_component id="oc-6df">
         <name>.text:iDMAUSBChannelStatus</name>
         <load_address>0x39d4</load_address>
         <run_address>0x39d4</run_address>
         <size>0x34</size>
         <input_file_ref idref="fl-e3"/>
      </object_component>
      <object_component id="oc-32a">
         <name>.text:CFAL96x64x16PixelDraw</name>
         <load_address>0x3a08</load_address>
         <run_address>0x3a08</run_address>
         <size>0x32</size>
         <input_file_ref idref="fl-6"/>
      </object_component>
      <object_component id="oc-59c">
         <name>.text:ClearReportTimer</name>
         <load_address>0x3a3a</load_address>
         <run_address>0x3a3a</run_address>
         <size>0x32</size>
         <input_file_ref idref="fl-e8"/>
      </object_component>
      <object_component id="oc-613">
         <name>.text:HandleConfigChange</name>
         <load_address>0x3a6c</load_address>
         <run_address>0x3a6c</run_address>
         <size>0x32</size>
         <input_file_ref idref="fl-e8"/>
      </object_component>
      <object_component id="oc-5fc">
         <name>.text:NextConfigDescGet</name>
         <load_address>0x3a9e</load_address>
         <run_address>0x3a9e</run_address>
         <size>0x32</size>
         <input_file_ref idref="fl-e6"/>
      </object_component>
      <object_component id="oc-49b">
         <name>.text:USBDevEndpointStall</name>
         <load_address>0x3ad0</load_address>
         <run_address>0x3ad0</run_address>
         <size>0x32</size>
         <input_file_ref idref="fl-ea"/>
      </object_component>
      <object_component id="oc-709">
         <name>.text:iDMAUSBChannelDisable</name>
         <load_address>0x3b02</load_address>
         <run_address>0x3b02</run_address>
         <size>0x32</size>
         <input_file_ref idref="fl-e3"/>
      </object_component>
      <object_component id="oc-435">
         <name>.text:AddKeyToPressedList</name>
         <load_address>0x3b34</load_address>
         <run_address>0x3b34</run_address>
         <size>0x30</size>
         <input_file_ref idref="fl-e1"/>
      </object_component>
      <object_component id="oc-6af">
         <name>.text:DMAUSBIntHandler</name>
         <load_address>0x3b64</load_address>
         <run_address>0x3b64</run_address>
         <size>0x30</size>
         <input_file_ref idref="fl-e3"/>
      </object_component>
      <object_component id="oc-512">
         <name>.text:InternalUSBTickInit</name>
         <load_address>0x3b94</load_address>
         <run_address>0x3b94</run_address>
         <size>0x30</size>
         <input_file_ref idref="fl-dd"/>
      </object_component>
      <object_component id="oc-4c8">
         <name>.text:USBDGetConfiguration</name>
         <load_address>0x3bc4</load_address>
         <run_address>0x3bc4</run_address>
         <size>0x30</size>
         <input_file_ref idref="fl-df"/>
      </object_component>
      <object_component id="oc-1d7">
         <name>.text:USBDHIDKeyboardInit</name>
         <load_address>0x3bf4</load_address>
         <run_address>0x3bf4</run_address>
         <size>0x30</size>
         <input_file_ref idref="fl-e1"/>
      </object_component>
      <object_component id="oc-2e4">
         <name>.text:GrStringNextCharGet</name>
         <load_address>0x3c24</load_address>
         <run_address>0x3c24</run_address>
         <size>0x2e</size>
         <input_file_ref idref="fl-d8"/>
      </object_component>
      <object_component id="oc-1c5">
         <name>.text:GrFontBaselineGet</name>
         <load_address>0x3c52</load_address>
         <run_address>0x3c52</run_address>
         <size>0x2c</size>
         <input_file_ref idref="fl-d8"/>
      </object_component>
      <object_component id="oc-840">
         <name>.text:USBDescGet</name>
         <load_address>0x3c7e</load_address>
         <run_address>0x3c7e</run_address>
         <size>0x2c</size>
         <input_file_ref idref="fl-e2"/>
      </object_component>
      <object_component id="oc-69d">
         <name>.text:uDMAUSBChannelIntDisable</name>
         <load_address>0x3caa</load_address>
         <run_address>0x3caa</run_address>
         <size>0x2</size>
         <input_file_ref idref="fl-e3"/>
      </object_component>
      <object_component id="oc-319">
         <name>.text:WaitForSendIdle</name>
         <load_address>0x3cac</load_address>
         <run_address>0x3cac</run_address>
         <size>0x2c</size>
         <input_file_ref idref="fl-3"/>
      </object_component>
      <object_component id="oc-6b5">
         <name>.text:uDMAUSBIntStatus</name>
         <load_address>0x3cd8</load_address>
         <run_address>0x3cd8</run_address>
         <size>0x2c</size>
         <input_file_ref idref="fl-e3"/>
      </object_component>
      <object_component id="oc-2bd">
         <name>.text:CFAL96x64x16RectFill</name>
         <load_address>0x3d04</load_address>
         <run_address>0x3d04</run_address>
         <size>0x2a</size>
         <input_file_ref idref="fl-6"/>
      </object_component>
      <object_component id="oc-2a1">
         <name>.text:GPIODirModeSet</name>
         <load_address>0x3d2e</load_address>
         <run_address>0x3d2e</run_address>
         <size>0x2a</size>
         <input_file_ref idref="fl-d2"/>
      </object_component>
      <object_component id="oc-5e4">
         <name>.text:USBDCDConfigDescGetNum</name>
         <load_address>0x3d58</load_address>
         <run_address>0x3d58</run_address>
         <size>0x2a</size>
         <input_file_ref idref="fl-e6"/>
      </object_component>
      <object_component id="oc-743">
         <name>.text:USBDescGetNum</name>
         <load_address>0x3d82</load_address>
         <run_address>0x3d82</run_address>
         <size>0x2a</size>
         <input_file_ref idref="fl-e2"/>
      </object_component>
      <object_component id="oc-26f">
         <name>.text:USBDevEndpointDataAck</name>
         <load_address>0x3dac</load_address>
         <run_address>0x3dac</run_address>
         <size>0x2a</size>
         <input_file_ref idref="fl-ea"/>
      </object_component>
      <object_component id="oc-766">
         <name>.text:GetIdleTimeout</name>
         <load_address>0x3dd6</load_address>
         <run_address>0x3dd6</run_address>
         <size>0x28</size>
         <input_file_ref idref="fl-e8"/>
      </object_component>
      <object_component id="oc-619">
         <name>.text:HandleEP0DataReceived</name>
         <load_address>0x3dfe</load_address>
         <run_address>0x3dfe</run_address>
         <size>0x28</size>
         <input_file_ref idref="fl-e8"/>
      </object_component>
      <object_component id="oc-697">
         <name>.text:uDMAUSBChannelIntEnable</name>
         <load_address>0x3e26</load_address>
         <run_address>0x3e26</run_address>
         <size>0x2</size>
         <input_file_ref idref="fl-e3"/>
      </object_component>
      <object_component id="oc-4b6">
         <name>.text:USBDSetAddress</name>
         <load_address>0x3e28</load_address>
         <run_address>0x3e28</run_address>
         <size>0x28</size>
         <input_file_ref idref="fl-df"/>
      </object_component>
      <object_component id="oc-57d">
         <name>.text:USBIntEnableControl</name>
         <load_address>0x3e50</load_address>
         <run_address>0x3e50</run_address>
         <size>0x28</size>
         <input_file_ref idref="fl-ea"/>
      </object_component>
      <object_component id="oc-7d6">
         <name>.text:uDMAChannelModeGet</name>
         <load_address>0x3e78</load_address>
         <run_address>0x3e78</run_address>
         <size>0x28</size>
         <input_file_ref idref="fl-e9"/>
      </object_component>
      <object_component id="oc-2f0">
         <name>.text:GrFontInfoGet</name>
         <load_address>0x3ea0</load_address>
         <run_address>0x3ea0</run_address>
         <size>0x26</size>
         <input_file_ref idref="fl-d8"/>
      </object_component>
      <object_component id="oc-306">
         <name>.text:USBDHIDInit</name>
         <load_address>0x3ec6</load_address>
         <run_address>0x3ec6</run_address>
         <size>0x26</size>
         <input_file_ref idref="fl-e8"/>
      </object_component>
      <object_component id="oc-7aa">
         <name>.text:USBEndpointDMADisable</name>
         <load_address>0x3eec</load_address>
         <run_address>0x3eec</run_address>
         <size>0x24</size>
         <input_file_ref idref="fl-ea"/>
      </object_component>
      <object_component id="oc-7c4">
         <name>.text:USBEndpointDMAEnable</name>
         <load_address>0x3f10</load_address>
         <run_address>0x3f10</run_address>
         <size>0x24</size>
         <input_file_ref idref="fl-ea"/>
      </object_component>
      <object_component id="oc-1d1">
         <name>.text:USBStackModeSet</name>
         <load_address>0x3f34</load_address>
         <run_address>0x3f34</run_address>
         <size>0x24</size>
         <input_file_ref idref="fl-dc"/>
      </object_component>
      <object_component id="oc-797">
         <name>.text:uDMAChannelControlSet</name>
         <load_address>0x3f58</load_address>
         <run_address>0x3f58</run_address>
         <size>0x24</size>
         <input_file_ref idref="fl-e9"/>
      </object_component>
      <object_component id="oc-2ea">
         <name>.text:GrFontGlyphDataGet</name>
         <load_address>0x3f7c</load_address>
         <run_address>0x3f7c</run_address>
         <size>0x22</size>
         <input_file_ref idref="fl-d8"/>
      </object_component>
      <object_component id="oc-637">
         <name>.text:HandleDisconnect</name>
         <load_address>0x3f9e</load_address>
         <run_address>0x3f9e</run_address>
         <size>0x22</size>
         <input_file_ref idref="fl-e8"/>
      </object_component>
      <object_component id="oc-6a9">
         <name>.text:uDMAUSBChannelStatus</name>
         <load_address>0x3fc0</load_address>
         <run_address>0x3fc0</run_address>
         <size>0x22</size>
         <input_file_ref idref="fl-e3"/>
      </object_component>
      <object_component id="oc-735">
         <name>.text:GetEndpointFIFOSize</name>
         <load_address>0x3fe2</load_address>
         <run_address>0x3fe2</run_address>
         <size>0x20</size>
         <input_file_ref idref="fl-e7"/>
      </object_component>
      <object_component id="oc-61f">
         <name>.text:HandleEP0DataSent</name>
         <load_address>0x4002</load_address>
         <run_address>0x4002</run_address>
         <size>0x20</size>
         <input_file_ref idref="fl-e8"/>
      </object_component>
      <object_component id="oc-3d6">
         <name>.text:GrFontCodepageGet</name>
         <load_address>0x4022</load_address>
         <run_address>0x4022</run_address>
         <size>0x1e</size>
         <input_file_ref idref="fl-d8"/>
      </object_component>
      <object_component id="oc-662">
         <name>.text:USBULPIRegRead</name>
         <load_address>0x4040</load_address>
         <run_address>0x4040</run_address>
         <size>0x1e</size>
         <input_file_ref idref="fl-ea"/>
      </object_component>
      <object_component id="oc-668">
         <name>.text:USBULPIRegWrite</name>
         <load_address>0x405e</load_address>
         <run_address>0x405e</run_address>
         <size>0x1e</size>
         <input_file_ref idref="fl-ea"/>
      </object_component>
      <object_component id="oc-5ea">
         <name>.text:USBDCDConfigGetInterface</name>
         <load_address>0x407c</load_address>
         <run_address>0x407c</run_address>
         <size>0x1c</size>
         <input_file_ref idref="fl-e6"/>
      </object_component>
      <object_component id="oc-391">
         <name>.text:USBDCDStallEP0</name>
         <load_address>0x4098</load_address>
         <run_address>0x4098</run_address>
         <size>0x1c</size>
         <input_file_ref idref="fl-df"/>
      </object_component>
      <object_component id="oc-653">
         <name>.text:USBEndpointDataAvail</name>
         <load_address>0x40b4</load_address>
         <run_address>0x40b4</run_address>
         <size>0x1c</size>
         <input_file_ref idref="fl-ea"/>
      </object_component>
      <object_component id="oc-50c">
         <name>.text:ClearIdleTimers</name>
         <load_address>0x40d0</load_address>
         <run_address>0x40d0</run_address>
         <size>0x1a</size>
         <input_file_ref idref="fl-e8"/>
      </object_component>
      <object_component id="oc-39e">
         <name>.text:USBDCDConfigDescGetSize</name>
         <load_address>0x40ea</load_address>
         <run_address>0x40ea</run_address>
         <size>0x1a</size>
         <input_file_ref idref="fl-e6"/>
      </object_component>
      <object_component id="oc-79e">
         <name>.text:USBEndpointDMAChannel</name>
         <load_address>0x4104</load_address>
         <run_address>0x4104</run_address>
         <size>0x1a</size>
         <input_file_ref idref="fl-ea"/>
      </object_component>
      <object_component id="oc-a8">
         <name>.text:IsBufferFull</name>
         <load_address>0x411e</load_address>
         <run_address>0x411e</run_address>
         <size>0x18</size>
         <input_file_ref idref="fl-7"/>
      </object_component>
      <object_component id="oc-788">
         <name>.text:SetDeferredOpFlag</name>
         <load_address>0x4136</load_address>
         <run_address>0x4136</run_address>
         <size>0x18</size>
         <input_file_ref idref="fl-e8"/>
      </object_component>
      <object_component id="oc-48">
         <name>.text:USB0DeviceIntHandler</name>
         <load_address>0x4150</load_address>
         <run_address>0x4150</run_address>
         <size>0x18</size>
         <input_file_ref idref="fl-e0"/>
      </object_component>
      <object_component id="oc-4c2">
         <name>.text:USBDSetDescriptor</name>
         <load_address>0x4168</load_address>
         <run_address>0x4168</run_address>
         <size>0x18</size>
         <input_file_ref idref="fl-df"/>
      </object_component>
      <object_component id="oc-4e0">
         <name>.text:USBDSyncFrame</name>
         <load_address>0x4180</load_address>
         <run_address>0x4180</run_address>
         <size>0x18</size>
         <input_file_ref idref="fl-df"/>
      </object_component>
      <object_component id="oc-7b1">
         <name>.text:uDMAChannelDisable</name>
         <load_address>0x4198</load_address>
         <run_address>0x4198</run_address>
         <size>0x18</size>
         <input_file_ref idref="fl-e9"/>
      </object_component>
      <object_component id="oc-7ca">
         <name>.text:uDMAChannelEnable</name>
         <load_address>0x41b0</load_address>
         <run_address>0x41b0</run_address>
         <size>0x18</size>
         <input_file_ref idref="fl-e9"/>
      </object_component>
      <object_component id="oc-342">
         <name>.text:CFAL96x64x16ColorTranslate</name>
         <load_address>0x41c8</load_address>
         <run_address>0x41c8</run_address>
         <size>0x16</size>
         <input_file_ref idref="fl-6"/>
      </object_component>
      <object_component id="oc-1cb">
         <name>.text:GrStringDraw</name>
         <load_address>0x41de</load_address>
         <run_address>0x41de</run_address>
         <size>0x16</size>
         <input_file_ref idref="fl-d8"/>
      </object_component>
      <object_component id="oc-583">
         <name>.text:USBIntEnableEndpoint</name>
         <load_address>0x41f4</load_address>
         <run_address>0x41f4</run_address>
         <size>0x16</size>
         <input_file_ref idref="fl-ea"/>
      </object_component>
      <object_component id="oc-53b">
         <name>.text:SysCtlUSBPLLEnable</name>
         <load_address>0x420c</load_address>
         <run_address>0x420c</run_address>
         <size>0x14</size>
         <input_file_ref idref="fl-d4"/>
      </object_component>
      <object_component id="oc-760">
         <name>.text:USBDCDRequestDataEP0</name>
         <load_address>0x4220</load_address>
         <run_address>0x4220</run_address>
         <size>0x14</size>
         <input_file_ref idref="fl-df"/>
      </object_component>
      <object_component id="oc-759">
         <name>.text:USBDCDSendDataEP0</name>
         <load_address>0x4234</load_address>
         <run_address>0x4234</run_address>
         <size>0x14</size>
         <input_file_ref idref="fl-df"/>
      </object_component>
      <object_component id="oc-829">
         <name>.text:USBDMAChannelConfigSet</name>
         <load_address>0x4248</load_address>
         <run_address>0x4248</run_address>
         <size>0x14</size>
         <input_file_ref idref="fl-ea"/>
      </object_component>
      <object_component id="oc-248">
         <name>.text:USBHostResume</name>
         <load_address>0x425c</load_address>
         <run_address>0x425c</run_address>
         <size>0x14</size>
         <input_file_ref idref="fl-ea"/>
      </object_component>
      <object_component id="oc-84a">
         <name>.text:_USBIndexWrite</name>
         <load_address>0x4270</load_address>
         <run_address>0x4270</run_address>
         <size>0x14</size>
         <input_file_ref idref="fl-ea"/>
      </object_component>
      <object_component id="oc-631">
         <name>.text:HandleResume</name>
         <load_address>0x4284</load_address>
         <run_address>0x4284</run_address>
         <size>0x12</size>
         <input_file_ref idref="fl-e8"/>
      </object_component>
      <object_component id="oc-62b">
         <name>.text:HandleSuspend</name>
         <load_address>0x4296</load_address>
         <run_address>0x4296</run_address>
         <size>0x12</size>
         <input_file_ref idref="fl-e8"/>
      </object_component>
      <object_component id="oc-7fa">
         <name>.text:USBDMAChannelDisable</name>
         <load_address>0x42a8</load_address>
         <run_address>0x42a8</run_address>
         <size>0x12</size>
         <input_file_ref idref="fl-ea"/>
      </object_component>
      <object_component id="oc-82f">
         <name>.text:USBDMAChannelEnable</name>
         <load_address>0x42ba</load_address>
         <run_address>0x42ba</run_address>
         <size>0x12</size>
         <input_file_ref idref="fl-ea"/>
      </object_component>
      <object_component id="oc-816">
         <name>.text:USBDMAChannelIntDisable</name>
         <load_address>0x42cc</load_address>
         <run_address>0x42cc</run_address>
         <size>0x12</size>
         <input_file_ref idref="fl-ea"/>
      </object_component>
      <object_component id="oc-80f">
         <name>.text:USBDMAChannelIntEnable</name>
         <load_address>0x42de</load_address>
         <run_address>0x42de</run_address>
         <size>0x12</size>
         <input_file_ref idref="fl-ea"/>
      </object_component>
      <object_component id="oc-3c">
         <name>.text:SysTickIntHandler</name>
         <load_address>0x42f0</load_address>
         <run_address>0x42f0</run_address>
         <size>0x10</size>
         <input_file_ref idref="fl-3"/>
      </object_component>
      <object_component id="oc-257">
         <name>.text:USBEndpointStatus</name>
         <load_address>0x4300</load_address>
         <run_address>0x4300</run_address>
         <size>0x10</size>
         <input_file_ref idref="fl-ea"/>
      </object_component>
      <object_component id="oc-6bb">
         <name>.text:DMAUSBIntStatusClear</name>
         <load_address>0x4310</load_address>
         <run_address>0x4310</run_address>
         <size>0xe</size>
         <input_file_ref idref="fl-e3"/>
      </object_component>
      <object_component id="oc-9c">
         <name>.text:IsBufferEmpty</name>
         <load_address>0x431e</load_address>
         <run_address>0x431e</run_address>
         <size>0xe</size>
         <input_file_ref idref="fl-7"/>
      </object_component>
      <object_component id="oc-43b">
         <name>.text:USBDHIDTxPacketAvailable</name>
         <load_address>0x432c</load_address>
         <run_address>0x432c</run_address>
         <size>0xe</size>
         <input_file_ref idref="fl-e8"/>
      </object_component>
      <object_component id="oc-801">
         <name>.text:USBDMAChannelStatus</name>
         <load_address>0x433a</load_address>
         <run_address>0x433a</run_address>
         <size>0xe</size>
         <input_file_ref idref="fl-ea"/>
      </object_component>
      <object_component id="oc-565">
         <name>.text:USBDevLPMDisable</name>
         <load_address>0x4348</load_address>
         <run_address>0x4348</run_address>
         <size>0xe</size>
         <input_file_ref idref="fl-ea"/>
      </object_component>
      <object_component id="oc-16c">
         <name>.text:USBDevLPMEnable</name>
         <load_address>0x4356</load_address>
         <run_address>0x4356</run_address>
         <size>0xe</size>
         <input_file_ref idref="fl-ea"/>
      </object_component>
      <object_component id="oc-553">
         <name>.text:USBULPIDisable</name>
         <load_address>0x4364</load_address>
         <run_address>0x4364</run_address>
         <size>0xe</size>
         <input_file_ref idref="fl-ea"/>
      </object_component>
      <object_component id="oc-547">
         <name>.text:USBULPIEnable</name>
         <load_address>0x4372</load_address>
         <run_address>0x4372</run_address>
         <size>0xe</size>
         <input_file_ref idref="fl-ea"/>
      </object_component>
      <object_component id="oc-18">
         <name>.text:decompress:none:__TI_decompress_none</name>
         <load_address>0x4380</load_address>
         <run_address>0x4380</run_address>
         <size>0xe</size>
         <input_file_ref idref="fl-c6"/>
      </object_component>
      <object_component id="oc-7eb">
         <name>.text:USBEndpointPacketCountSet</name>
         <load_address>0x438e</load_address>
         <run_address>0x438e</run_address>
         <size>0xc</size>
         <input_file_ref idref="fl-ea"/>
      </object_component>
      <object_component id="oc-571">
         <name>.text:USBLPMIntEnable</name>
         <load_address>0x439a</load_address>
         <run_address>0x439a</run_address>
         <size>0xc</size>
         <input_file_ref idref="fl-ea"/>
      </object_component>
      <object_component id="oc-6e">
         <name>.text:decompress:ZI:__TI_zero_init</name>
         <load_address>0x43a6</load_address>
         <run_address>0x43a6</run_address>
         <size>0xc</size>
         <input_file_ref idref="fl-c5"/>
      </object_component>
      <object_component id="oc-541">
         <name>.text:USBClockEnable</name>
         <load_address>0x43b2</load_address>
         <run_address>0x43b2</run_address>
         <size>0xa</size>
         <input_file_ref idref="fl-ea"/>
      </object_component>
      <object_component id="oc-676">
         <name>.text:USBControllerVersion</name>
         <load_address>0x43bc</load_address>
         <run_address>0x43bc</run_address>
         <size>0xa</size>
         <input_file_ref idref="fl-ea"/>
      </object_component>
      <object_component id="oc-81d">
         <name>.text:USBDMAChannelAddressSet</name>
         <load_address>0x43c6</load_address>
         <run_address>0x43c6</run_address>
         <size>0xa</size>
         <input_file_ref idref="fl-ea"/>
      </object_component>
      <object_component id="oc-823">
         <name>.text:USBDMAChannelCountSet</name>
         <load_address>0x43d0</load_address>
         <run_address>0x43d0</run_address>
         <size>0xa</size>
         <input_file_ref idref="fl-ea"/>
      </object_component>
      <object_component id="oc-589">
         <name>.text:USBDevConnect</name>
         <load_address>0x43da</load_address>
         <run_address>0x43da</run_address>
         <size>0xa</size>
         <input_file_ref idref="fl-ea"/>
      </object_component>
      <object_component id="oc-17e">
         <name>.text:USBDevDisconnect</name>
         <load_address>0x43e4</load_address>
         <run_address>0x43e4</run_address>
         <size>0xa</size>
         <input_file_ref idref="fl-ea"/>
      </object_component>
      <object_component id="oc-172">
         <name>.text:USBIntStatusEndpoint</name>
         <load_address>0x43ee</load_address>
         <run_address>0x43ee</run_address>
         <size>0xa</size>
         <input_file_ref idref="fl-ea"/>
      </object_component>
      <object_component id="oc-3ca">
         <name>.text:GrMapISO8859_1_Unicode</name>
         <load_address>0x43f8</load_address>
         <run_address>0x43f8</run_address>
         <size>0x8</size>
         <input_file_ref idref="fl-da"/>
      </object_component>
      <object_component id="oc-55f">
         <name>.text:USBDevMode</name>
         <load_address>0x4400</load_address>
         <run_address>0x4400</run_address>
         <size>0x8</size>
         <input_file_ref idref="fl-ea"/>
      </object_component>
      <object_component id="oc-7df">
         <name>.text:USBFIFOAddrGet</name>
         <load_address>0x4408</load_address>
         <run_address>0x4408</run_address>
         <size>0x8</size>
         <input_file_ref idref="fl-ea"/>
      </object_component>
      <object_component id="oc-559">
         <name>.text:USBOTGMode</name>
         <load_address>0x4410</load_address>
         <run_address>0x4410</run_address>
         <size>0x8</size>
         <input_file_ref idref="fl-ea"/>
      </object_component>
      <object_component id="oc-6f1">
         <name>.text:iDMAUSBChannelIntDisable</name>
         <load_address>0x4418</load_address>
         <run_address>0x4418</run_address>
         <size>0x8</size>
         <input_file_ref idref="fl-e3"/>
      </object_component>
      <object_component id="oc-6eb">
         <name>.text:iDMAUSBChannelIntEnable</name>
         <load_address>0x4420</load_address>
         <run_address>0x4420</run_address>
         <size>0x8</size>
         <input_file_ref idref="fl-e3"/>
      </object_component>
      <object_component id="oc-2ad">
         <name>.text:GPIOPinRead</name>
         <load_address>0x4428</load_address>
         <run_address>0x4428</run_address>
         <size>0x6</size>
         <input_file_ref idref="fl-d2"/>
      </object_component>
      <object_component id="oc-1b9">
         <name>.text:GrContextFontSet</name>
         <load_address>0x442e</load_address>
         <run_address>0x442e</run_address>
         <size>0x6</size>
         <input_file_ref idref="fl-d8"/>
      </object_component>
      <object_component id="oc-24">
         <name>.text:ResetISR</name>
         <load_address>0x4434</load_address>
         <run_address>0x4434</run_address>
         <size>0x6</size>
         <input_file_ref idref="fl-2"/>
      </object_component>
      <object_component id="oc-1e9">
         <name>.text:USBDHIDKeyboardRemoteWakeupRequest</name>
         <load_address>0x443a</load_address>
         <run_address>0x443a</run_address>
         <size>0x6</size>
         <input_file_ref idref="fl-e1"/>
      </object_component>
      <object_component id="oc-323">
         <name>.text:USBDHIDRemoteWakeupRequest</name>
         <load_address>0x4440</load_address>
         <run_address>0x4440</run_address>
         <size>0x6</size>
         <input_file_ref idref="fl-e8"/>
      </object_component>
      <object_component id="oc-808">
         <name>.text:USBDMAChannelIntStatus</name>
         <load_address>0x4446</load_address>
         <run_address>0x4446</run_address>
         <size>0x6</size>
         <input_file_ref idref="fl-ea"/>
      </object_component>
      <object_component id="oc-56b">
         <name>.text:USBDevLPMConfig</name>
         <load_address>0x444c</load_address>
         <run_address>0x444c</run_address>
         <size>0x6</size>
         <input_file_ref idref="fl-ea"/>
      </object_component>
      <object_component id="oc-166">
         <name>.text:USBLPMIntStatus</name>
         <load_address>0x4452</load_address>
         <run_address>0x4452</run_address>
         <size>0x6</size>
         <input_file_ref idref="fl-ea"/>
      </object_component>
      <object_component id="oc-6e5">
         <name>.text:iDMAUSBIntStatus</name>
         <load_address>0x4458</load_address>
         <run_address>0x4458</run_address>
         <size>0x6</size>
         <input_file_ref idref="fl-e3"/>
      </object_component>
      <object_component id="oc-6c1">
         <name>.text:DMAUSBStatus</name>
         <load_address>0x445e</load_address>
         <run_address>0x445e</run_address>
         <size>0x4</size>
         <input_file_ref idref="fl-e3"/>
      </object_component>
      <object_component id="oc-625">
         <name>.text:HandleReset</name>
         <load_address>0x4462</load_address>
         <run_address>0x4462</run_address>
         <size>0x4</size>
         <input_file_ref idref="fl-e8"/>
      </object_component>
      <object_component id="oc-263">
         <name>.text:USBDevAddrSet</name>
         <load_address>0x4466</load_address>
         <run_address>0x4466</run_address>
         <size>0x4</size>
         <input_file_ref idref="fl-ea"/>
      </object_component>
      <object_component id="oc-f6">
         <name>.text:_system_pre_init</name>
         <load_address>0x446a</load_address>
         <run_address>0x446a</run_address>
         <size>0x4</size>
         <input_file_ref idref="fl-cd"/>
      </object_component>
      <object_component id="oc-1fc">
         <name>.text:abort:abort</name>
         <load_address>0x446e</load_address>
         <run_address>0x446e</run_address>
         <size>0x4</size>
         <input_file_ref idref="fl-cf"/>
      </object_component>
      <object_component id="oc-351">
         <name>.const:.string:g_pui8FontFixed6x8Data</name>
         <load_address>0x4474</load_address>
         <run_address>0x4474</run_address>
         <size>0x2f8</size>
         <input_file_ref idref="fl-d9"/>
      </object_component>
      <object_component id="oc-1f2">
         <name>.const:g_sFontFixed6x8</name>
         <load_address>0x476c</load_address>
         <run_address>0x476c</run_address>
         <size>0xc8</size>
         <input_file_ref idref="fl-d9"/>
      </object_component>
      <object_component id="oc-31f">
         <name>.const:g_ppi8KeyUsageCodes</name>
         <load_address>0x4834</load_address>
         <run_address>0x4834</run_address>
         <size>0xbe</size>
         <input_file_ref idref="fl-3"/>
      </object_component>
      <object_component id="oc-71a">
         <name>.const</name>
         <load_address>0x48f4</load_address>
         <run_address>0x48f4</run_address>
         <size>0x70</size>
         <input_file_ref idref="fl-d3"/>
      </object_component>
      <object_component id="oc-530">
         <name>.const:.string:g_pui8KeybReportDescriptor</name>
         <load_address>0x4964</load_address>
         <run_address>0x4964</run_address>
         <size>0x3f</size>
         <input_file_ref idref="fl-e1"/>
      </object_component>
      <object_component id="oc-474">
         <name>.const:.string:g_pui8ConfigString</name>
         <load_address>0x49a3</load_address>
         <run_address>0x49a3</run_address>
         <size>0x36</size>
         <input_file_ref idref="fl-4"/>
      </object_component>
      <object_component id="oc-39a">
         <name>.const:g_psUSBDStdRequests</name>
         <load_address>0x49dc</load_address>
         <run_address>0x49dc</run_address>
         <size>0x34</size>
         <input_file_ref idref="fl-df"/>
      </object_component>
      <object_component id="oc-40e">
         <name>.const</name>
         <load_address>0x4a10</load_address>
         <run_address>0x4a10</run_address>
         <size>0x34</size>
         <input_file_ref idref="fl-e1"/>
      </object_component>
      <object_component id="oc-51e">
         <name>.const:g_sHIDHandlers</name>
         <load_address>0x4a44</load_address>
         <run_address>0x4a44</run_address>
         <size>0x30</size>
         <input_file_ref idref="fl-e8"/>
      </object_component>
      <object_component id="oc-471">
         <name>.const:.string:g_pui8HIDInterfaceString</name>
         <load_address>0x4a74</load_address>
         <run_address>0x4a74</run_address>
         <size>0x2e</size>
         <input_file_ref idref="fl-4"/>
      </object_component>
      <object_component id="oc-1ef">
         <name>.const:g_sCFAL96x64x16</name>
         <load_address>0x4aa4</load_address>
         <run_address>0x4aa4</run_address>
         <size>0x28</size>
         <input_file_ref idref="fl-6"/>
      </object_component>
      <object_component id="oc-468">
         <name>.const:.string:g_pui8ManufacturerString</name>
         <load_address>0x4acc</load_address>
         <run_address>0x4acc</run_address>
         <size>0x24</size>
         <input_file_ref idref="fl-4"/>
      </object_component>
      <object_component id="oc-46b">
         <name>.const:.string:g_pui8ProductString</name>
         <load_address>0x4af0</load_address>
         <run_address>0x4af0</run_address>
         <size>0x22</size>
         <input_file_ref idref="fl-4"/>
      </object_component>
      <object_component id="oc-35f">
         <name>.const:g_ppui8StringDescriptors</name>
         <load_address>0x4b14</load_address>
         <run_address>0x4b14</run_address>
         <size>0x18</size>
         <input_file_ref idref="fl-4"/>
      </object_component>
      <object_component id="oc-46e">
         <name>.const:.string:g_pui8SeriailNumberString</name>
         <load_address>0x4b2c</load_address>
         <run_address>0x4b2c</run_address>
         <size>0x12</size>
         <input_file_ref idref="fl-4"/>
      </object_component>
      <object_component id="oc-2cd">
         <name>.const</name>
         <load_address>0x4b40</load_address>
         <run_address>0x4b40</run_address>
         <size>0x10</size>
         <input_file_ref idref="fl-d6"/>
      </object_component>
      <object_component id="oc-52d">
         <name>.const:.string</name>
         <load_address>0x4b50</load_address>
         <run_address>0x4b50</run_address>
         <size>0xe</size>
         <input_file_ref idref="fl-e1"/>
      </object_component>
      <object_component id="oc-13c">
         <name>.const:g_ui32UARTInt</name>
         <load_address>0x4b60</load_address>
         <run_address>0x4b60</run_address>
         <size>0xc</size>
         <input_file_ref idref="fl-7"/>
      </object_component>
      <object_component id="oc-465">
         <name>.const:.string:g_pui8LangDescriptor</name>
         <load_address>0x4b6c</load_address>
         <run_address>0x4b6c</run_address>
         <size>0x4</size>
         <input_file_ref idref="fl-4"/>
      </object_component>
      <object_component id="oc-8b4">
         <name>.cinit..data.load</name>
         <load_address>0x4b70</load_address>
         <run_address>0x4b70</run_address>
         <size>0x8f</size>
      </object_component>
      <object_component id="oc-8b2">
         <name>__TI_handler_table</name>
         <load_address>0x4c00</load_address>
         <run_address>0x4c00</run_address>
         <size>0xc</size>
      </object_component>
      <object_component id="oc-8b5">
         <name>.cinit..bss.load</name>
         <load_address>0x4c10</load_address>
         <run_address>0x4c10</run_address>
         <size>0x8</size>
      </object_component>
      <object_component id="oc-8b3">
         <name>__TI_cinit_table</name>
         <load_address>0x4c18</load_address>
         <run_address>0x4c18</run_address>
         <size>0x10</size>
      </object_component>
      <object_component id="oc-1f5">
         <name>.data</name>
         <load_address>0x20000ba8</load_address>
         <run_address>0x20000ba8</run_address>
         <size>0x3</size>
         <input_file_ref idref="fl-3"/>
      </object_component>
      <object_component id="oc-1f8">
         <name>.data:g_sKeyboardDevice</name>
         <load_address>0x20000a70</load_address>
         <run_address>0x20000a70</run_address>
         <size>0xa4</size>
         <input_file_ref idref="fl-4"/>
      </object_component>
      <object_component id="oc-2b3">
         <name>.data</name>
         <load_address>0x20000b9d</load_address>
         <run_address>0x20000b9d</run_address>
         <size>0x3</size>
         <input_file_ref idref="fl-5"/>
      </object_component>
      <object_component id="oc-2c3">
         <name>.data:g_ui8DisplayInitCommands</name>
         <load_address>0x20000b61</load_address>
         <run_address>0x20000b61</run_address>
         <size>0x13</size>
         <input_file_ref idref="fl-6"/>
      </object_component>
      <object_component id="oc-ae">
         <name>.data</name>
         <load_address>0x20000b4c</load_address>
         <run_address>0x20000b4c</run_address>
         <size>0x15</size>
         <input_file_ref idref="fl-7"/>
      </object_component>
      <object_component id="oc-2f9">
         <name>.data</name>
         <load_address>0x20000b94</load_address>
         <run_address>0x20000b94</run_address>
         <size>0x9</size>
         <input_file_ref idref="fl-dc"/>
      </object_component>
      <object_component id="oc-18a">
         <name>.data</name>
         <load_address>0x20000b88</load_address>
         <run_address>0x20000b88</run_address>
         <size>0xc</size>
         <input_file_ref idref="fl-dd"/>
      </object_component>
      <object_component id="oc-18d">
         <name>.data</name>
         <load_address>0x20000ba0</load_address>
         <run_address>0x20000ba0</run_address>
         <size>0x8</size>
         <input_file_ref idref="fl-df"/>
      </object_component>
      <object_component id="oc-30c">
         <name>.data</name>
         <load_address>0x20000b14</load_address>
         <run_address>0x20000b14</run_address>
         <size>0x38</size>
         <input_file_ref idref="fl-e1"/>
      </object_component>
      <object_component id="oc-521">
         <name>.data</name>
         <load_address>0x20000b74</load_address>
         <run_address>0x20000b74</run_address>
         <size>0x12</size>
         <input_file_ref idref="fl-e8"/>
      </object_component>
      <object_component id="oc-b1">
         <name>.bss</name>
         <uninitialized>true</uninitialized>
         <run_address>0x20000650</run_address>
         <size>0x8</size>
         <input_file_ref idref="fl-7"/>
      </object_component>
      <object_component id="oc-13f">
         <name>.bss:g_pcUARTTxBuffer</name>
         <uninitialized>true</uninitialized>
         <run_address>0x20000000</run_address>
         <size>0x400</size>
         <input_file_ref idref="fl-7"/>
      </object_component>
      <object_component id="oc-b4">
         <name>.bss:g_pcUARTRxBuffer</name>
         <uninitialized>true</uninitialized>
         <run_address>0x20000510</run_address>
         <size>0x80</size>
         <input_file_ref idref="fl-7"/>
      </object_component>
      <object_component id="oc-397">
         <name>.bss:g_pui8DataBufferIn</name>
         <uninitialized>true</uninitialized>
         <run_address>0x200005e0</run_address>
         <size>0x40</size>
         <input_file_ref idref="fl-df"/>
      </object_component>
      <object_component id="oc-187">
         <name>.bss:g_psDCDInst</name>
         <uninitialized>true</uninitialized>
         <run_address>0x20000590</run_address>
         <size>0x50</size>
         <input_file_ref idref="fl-df"/>
      </object_component>
      <object_component id="oc-67c">
         <name>.bss:g_psUSBDMAInst</name>
         <uninitialized>true</uninitialized>
         <run_address>0x20000400</run_address>
         <size>0x110</size>
         <input_file_ref idref="fl-e3"/>
      </object_component>
      <object_component id="oc-92">
         <name>.common:g_ui32SysTickCount</name>
         <uninitialized>true</uninitialized>
         <run_address>0x20000664</run_address>
         <size>0x4</size>
      </object_component>
      <object_component id="oc-2d0">
         <name>.common:g_psGrLibDefaults</name>
         <uninitialized>true</uninitialized>
         <run_address>0x20000660</run_address>
         <size>0x4</size>
      </object_component>
      <object_component id="oc-2fc">
         <name>.common:g_pfnUSBModeCallback</name>
[...]
         <object_component_ref idref="oc-2a7"/>
      </symbol>
      <symbol id="sm-3f9">
         <name>IntIsEnabled</name>
         <value>0x2ba1</value>
         <object_component_ref idref="oc-7b8"/>
      </symbol>
      <symbol id="sm-3fa">
         <name>IntEnable</name>
         <value>0x2a6d</value>
         <object_component_ref idref="oc-58f"/>
      </symbol>
      <symbol id="sm-3fb">
         <name>IntDisable</name>
         <value>0x2a05</value>
         <object_component_ref idref="oc-7be"/>
      </symbol>
      <symbol id="sm-425">
         <name>SysCtlPeripheralEnable</name>
         <value>0x3939</value>
         <object_component_ref idref="oc-29b"/>
      </symbol>
      <symbol id="sm-426">
         <name>SysCtlUSBPLLEnable</name>
         <value>0x420d</value>
         <object_component_ref idref="oc-53b"/>
      </symbol>
      <symbol id="sm-427">
         <name>SysCtlPeripheralReset</name>
         <value>0x3091</value>
         <object_component_ref idref="oc-535"/>
      </symbol>
      <symbol id="sm-448">
         <name>GrContextInit</name>
         <value>0x2935</value>
         <object_component_ref idref="oc-1ad"/>
      </symbol>
      <symbol id="sm-449">
         <name>g_psDefaultCodePointMapTable</name>
         <value>0x4b40</value>
         <object_component_ref idref="oc-2cd"/>
      </symbol>
      <symbol id="sm-457">
         <name>GrRectFill</name>
         <value>0x21a9</value>
         <object_component_ref idref="oc-1b3"/>
      </symbol>
      <symbol id="sm-4fa">
         <name>GrFontInfoGet</name>
         <value>0x3ea1</value>
         <object_component_ref idref="oc-2f0"/>
      </symbol>
      <symbol id="sm-4fb">
         <name>GrDefaultStringRenderer</name>
         <value>0x1a4d</value>
         <object_component_ref idref="oc-2c7"/>
      </symbol>
      <symbol id="sm-4fc">
         <name>GrFontGlyphRender</name>
         <value>0x6a9</value>
         <object_component_ref idref="oc-3c3"/>
      </symbol>
      <symbol id="sm-4fd">
         <name>GrContextFontSet</name>
         <value>0x442f</value>
         <object_component_ref idref="oc-1b9"/>
      </symbol>
      <symbol id="sm-4fe">
         <name>GrFontGlyphDataGet</name>
         <value>0x3f7d</value>
         <object_component_ref idref="oc-2ea"/>
      </symbol>
      <symbol id="sm-4ff">
         <name>GrStringDraw</name>
         <value>0x41df</value>
         <object_component_ref idref="oc-1cb"/>
      </symbol>
      <symbol id="sm-500">
         <name>GrFontCodepageGet</name>
         <value>0x4023</value>
         <object_component_ref idref="oc-3d6"/>
      </symbol>
      <symbol id="sm-501">
         <name>GrStringNextCharGet</name>
         <value>0x3c25</value>
         <object_component_ref idref="oc-2e4"/>
      </symbol>
      <symbol id="sm-502">
         <name>GrStringWidthGet</name>
         <value>0x299d</value>
         <object_component_ref idref="oc-1bf"/>
      </symbol>
      <symbol id="sm-503">
         <name>GrFontBaselineGet</name>
         <value>0x3c53</value>
         <object_component_ref idref="oc-1c5"/>
      </symbol>
      <symbol id="sm-515">
         <name>g_sFontFixed6x8</name>
         <value>0x476c</value>
         <object_component_ref idref="oc-1f2"/>
      </symbol>
      <symbol id="sm-522">
         <name>GrMapISO8859_1_Unicode</name>
         <value>0x43f9</value>
         <object_component_ref idref="oc-3ca"/>
      </symbol>
      <symbol id="sm-562">
         <name>g_iUSBMode</name>
         <value>0x20000b94</value>
         <object_component_ref idref="oc-2f9"/>
      </symbol>
      <symbol id="sm-563">
         <name>USBStackModeSet</name>
         <value>0x3f35</value>
         <object_component_ref idref="oc-1d1"/>
      </symbol>
      <symbol id="sm-564">
         <name>g_ui32WaitTicks</name>
         <value>0x20000b98</value>
         <object_component_ref idref="oc-2f9"/>
      </symbol>
      <symbol id="sm-59c">
         <name>g_pfnTickHandlers</name>
         <value>0x20000620</value>
      </symbol>
      <symbol id="sm-59d">
         <name>g_pvTickInstance</name>
         <value>0x20000638</value>
      </symbol>
      <symbol id="sm-59e">
         <name>g_ui32USBSOFCount</name>
         <value>0x20000b90</value>
         <object_component_ref idref="oc-18a"/>
      </symbol>
      <symbol id="sm-59f">
         <name>g_bUSBTimerInitialized</name>
         <value>0x20000b88</value>
         <object_component_ref idref="oc-18a"/>
      </symbol>
      <symbol id="sm-5a0">
         <name>g_ui32CurrentUSBTick</name>
         <value>0x20000b8c</value>
         <object_component_ref idref="oc-18a"/>
      </symbol>
      <symbol id="sm-5a1">
         <name>InternalUSBStartOfFrameTick</name>
         <value>0x37f1</value>
         <object_component_ref idref="oc-160"/>
      </symbol>
      <symbol id="sm-5a2">
         <name>InternalUSBRegisterTickHandler</name>
         <value>0x37b9</value>
         <object_component_ref idref="oc-518"/>
      </symbol>
      <symbol id="sm-5a3">
         <name>InternalUSBTickInit</name>
         <value>0x3b95</value>
         <object_component_ref idref="oc-512"/>
      </symbol>
      <symbol id="sm-74c">
         <name>g_ppsDevInfo</name>
         <value>0x2000065c</value>
      </symbol>
      <symbol id="sm-74d">
         <name>USBDCDSendDataEP0</name>
         <value>0x4235</value>
         <object_component_ref idref="oc-759"/>
      </symbol>
      <symbol id="sm-74e">
         <name>USBDCDStallEP0</name>
         <value>0x4099</value>
         <object_component_ref idref="oc-391"/>
      </symbol>
      <symbol id="sm-74f">
         <name>USBDCDRequestDataEP0</name>
         <value>0x4221</value>
         <object_component_ref idref="oc-760"/>
      </symbol>
      <symbol id="sm-750">
         <name>USBDeviceEnumHandler</name>
         <value>0x18b1</value>
         <object_component_ref idref="oc-178"/>
      </symbol>
      <symbol id="sm-751">
         <name>USBDCDInit</name>
         <value>0xd41</value>
         <object_component_ref idref="oc-412"/>
      </symbol>
      <symbol id="sm-752">
         <name>USBDeviceEnumResetHandler</name>
         <value>0x346d</value>
         <object_component_ref idref="oc-154"/>
      </symbol>
      <symbol id="sm-753">
         <name>g_psDCDInst</name>
         <value>0x20000590</value>
         <object_component_ref idref="oc-187"/>
      </symbol>
      <symbol id="sm-754">
         <name>USBDCDDeviceInfoInit</name>
         <value>0x3545</value>
         <object_component_ref idref="oc-506"/>
      </symbol>
      <symbol id="sm-755">
         <name>USBDeviceIntHandlerInternal</name>
         <value>0xfe1</value>
         <object_component_ref idref="oc-c8"/>
      </symbol>
      <symbol id="sm-756">
         <name>USBDCDRemoteWakeupRequest</name>
         <value>0x36cd</value>
         <object_component_ref idref="oc-44b"/>
      </symbol>
      <symbol id="sm-757">
         <name>USBDeviceResumeTickHandler</name>
         <value>0x3131</value>
         <object_component_ref idref="oc-15a"/>
      </symbol>
      <symbol id="sm-763">
         <name>USB0DeviceIntHandler</name>
         <value>0x4151</value>
         <object_component_ref idref="oc-48"/>
      </symbol>
      <symbol id="sm-819">
         <name>USBDHIDKeyboardInit</name>
         <value>0x3bf5</value>
         <object_component_ref idref="oc-1d7"/>
      </symbol>
      <symbol id="sm-81a">
         <name>USBDHIDKeyboardRemoteWakeupRequest</name>
         <value>0x443b</value>
         <object_component_ref idref="oc-1e9"/>
      </symbol>
      <symbol id="sm-81b">
         <name>USBDHIDKeyboardCompositeInit</name>
         <value>0x1d19</value>
         <object_component_ref idref="oc-300"/>
      </symbol>
      <symbol id="sm-81c">
         <name>USBDHIDKeyboardKeyStateChange</name>
         <value>0x222f</value>
         <object_component_ref idref="oc-313"/>
      </symbol>
      <symbol id="sm-83f">
         <name>USBDescGet</name>
         <value>0x3c7f</value>
         <object_component_ref idref="oc-840"/>
      </symbol>
      <symbol id="sm-840">
         <name>USBDescGetNum</name>
         <value>0x3d83</value>
         <object_component_ref idref="oc-743"/>
      </symbol>
      <symbol id="sm-985">
         <name>USBLibDMAInit</name>
         <value>0xbe1</value>
         <object_component_ref idref="oc-577"/>
      </symbol>
      <symbol id="sm-992">
         <name>ULPIConfigSet</name>
         <value>0x2f9d</value>
         <object_component_ref idref="oc-54d"/>
      </symbol>
      <symbol id="sm-9e3">
         <name>USBDCDConfigDescGet</name>
         <value>0x30e1</value>
         <object_component_ref idref="oc-723"/>
      </symbol>
      <symbol id="sm-9e4">
         <name>USBDCDConfigGetInterface</name>
         <value>0x407d</value>
         <object_component_ref idref="oc-5ea"/>
      </symbol>
      <symbol id="sm-9e5">
         <name>USBDCDConfigDescGetSize</name>
         <value>0x40eb</value>
         <object_component_ref idref="oc-39e"/>
      </symbol>
      <symbol id="sm-9e6">
         <name>USBDCDConfigGetInterfaceEndpoint</name>
         <value>0x3829</value>
         <object_component_ref idref="oc-500"/>
      </symbol>
      <symbol id="sm-9e7">
         <name>USBDCDConfigDescGetNum</name>
         <value>0x3d59</value>
         <object_component_ref idref="oc-5e4"/>
      </symbol>
      <symbol id="sm-a34">
         <name>USBDeviceConfigAlternate</name>
         <value>0x2095</value>
         <object_component_ref idref="oc-5f0"/>
      </symbol>
      <symbol id="sm-a35">
         <name>USBDeviceConfig</name>
         <value>0x1131</value>
         <object_component_ref idref="oc-5dc"/>
      </symbol>
      <symbol id="sm-b81">
         <name>USBDHIDInit</name>
         <value>0x3ec7</value>
         <object_component_ref idref="oc-306"/>
      </symbol>
      <symbol id="sm-b82">
         <name>USBDHIDReportWrite</name>
         <value>0x32fb</value>
         <object_component_ref idref="oc-441"/>
      </symbol>
      <symbol id="sm-b83">
         <name>g_sHIDHandlers</name>
         <value>0x4a44</value>
         <object_component_ref idref="oc-51e"/>
      </symbol>
      <symbol id="sm-b84">
         <name>USBDHIDCompositeInit</name>
         <value>0x17d1</value>
         <object_component_ref idref="oc-3fc"/>
      </symbol>
      <symbol id="sm-b85">
         <name>g_pui8HIDDeviceDescriptor</name>
         <value>0x20000b74</value>
         <object_component_ref idref="oc-521"/>
      </symbol>
      <symbol id="sm-b86">
         <name>USBDHIDRemoteWakeupRequest</name>
         <value>0x4441</value>
         <object_component_ref idref="oc-323"/>
      </symbol>
      <symbol id="sm-b87">
         <name>USBDHIDTxPacketAvailable</name>
         <value>0x432d</value>
         <object_component_ref idref="oc-43b"/>
      </symbol>
      <symbol id="sm-bd2">
         <name>uDMAChannelControlSet</name>
         <value>0x3f59</value>
         <object_component_ref idref="oc-797"/>
      </symbol>
      <symbol id="sm-bd3">
         <name>uDMAChannelDisable</name>
         <value>0x4199</value>
         <object_component_ref idref="oc-7b1"/>
      </symbol>
      <symbol id="sm-bd4">
         <name>uDMAChannelModeGet</name>
         <value>0x3e79</value>
         <object_component_ref idref="oc-7d6"/>
      </symbol>
      <symbol id="sm-bd5">
         <name>uDMAChannelTransferSet</name>
         <value>0x2339</value>
         <object_component_ref idref="oc-7e5"/>
      </symbol>
      <symbol id="sm-bd6">
         <name>uDMAChannelAttributeDisable</name>
         <value>0x34b5</value>
         <object_component_ref idref="oc-7a4"/>
      </symbol>
      <symbol id="sm-bd7">
         <name>uDMAChannelEnable</name>
         <value>0x41b1</value>
         <object_component_ref idref="oc-7ca"/>
      </symbol>
      <symbol id="sm-d86">
         <name>USBLPMIntEnable</name>
         <value>0x439b</value>
         <object_component_ref idref="oc-571"/>
      </symbol>
      <symbol id="sm-d87">
         <name>USBEndpointDataAvail</name>
         <value>0x40b5</value>
         <object_component_ref idref="oc-653"/>
      </symbol>
      <symbol id="sm-d88">
         <name>USBClockEnable</name>
         <value>0x43b3</value>
         <object_component_ref idref="oc-541"/>
      </symbol>
      <symbol id="sm-d89">
         <name>USBDevDisconnect</name>
         <value>0x43e5</value>
         <object_component_ref idref="oc-17e"/>
      </symbol>
      <symbol id="sm-d8a">
         <name>USBDevEndpointStallClear</name>
         <value>0x3345</value>
         <object_component_ref idref="oc-5ca"/>
      </symbol>
      <symbol id="sm-d8b">
         <name>USBEndpointDataPut</name>
         <value>0x38cf</value>
         <object_component_ref idref="oc-3a4"/>
      </symbol>
      <symbol id="sm-d8c">
         <name>USBDMAChannelIntStatus</name>
         <value>0x4447</value>
         <object_component_ref idref="oc-808"/>
      </symbol>
      <symbol id="sm-d8d">
         <name>USBDevAddrSet</name>
         <value>0x4467</value>
         <object_component_ref idref="oc-263"/>
      </symbol>
      <symbol id="sm-d8e">
         <name>USBDMAChannelCountSet</name>
         <value>0x43d1</value>
         <object_component_ref idref="oc-823"/>
      </symbol>
      <symbol id="sm-d8f">
         <name>USBLPMIntStatus</name>
         <value>0x4453</value>
         <object_component_ref idref="oc-166"/>
      </symbol>
      <symbol id="sm-d90">
         <name>USBDMAChannelAddressSet</name>
         <value>0x43c7</value>
         <object_component_ref idref="oc-81d"/>
      </symbol>
      <symbol id="sm-d91">
         <name>USBULPIDisable</name>
         <value>0x4365</value>
         <object_component_ref idref="oc-553"/>
      </symbol>
      <symbol id="sm-d92">
         <name>USBIntStatusControl</name>
         <value>0x3861</value>
         <object_component_ref idref="oc-c2"/>
      </symbol>
      <symbol id="sm-d93">
         <name>USBEndpointDMADisable</name>
         <value>0x3eed</value>
         <object_component_ref idref="oc-7aa"/>
      </symbol>
      <symbol id="sm-d94">
         <name>USBDevEndpointDataAck</name>
         <value>0x3dad</value>
         <object_component_ref idref="oc-26f"/>
      </symbol>
      <symbol id="sm-d95">
         <name>USBOTGMode</name>
         <value>0x4411</value>
         <object_component_ref idref="oc-559"/>
      </symbol>
      <symbol id="sm-d96">
         <name>USBDMAChannelConfigSet</name>
         <value>0x4249</value>
         <object_component_ref idref="oc-829"/>
      </symbol>
      <symbol id="sm-d97">
         <name>USBULPIRegRead</name>
         <value>0x4041</value>
         <object_component_ref idref="oc-662"/>
      </symbol>
      <symbol id="sm-d98">
         <name>USBDevMode</name>
         <value>0x4401</value>
         <object_component_ref idref="oc-55f"/>
      </symbol>
      <symbol id="sm-d99">
         <name>USBIntEnableEndpoint</name>
         <value>0x41f5</value>
         <object_component_ref idref="oc-583"/>
      </symbol>
      <symbol id="sm-d9a">
         <name>USBEndpointDataGet</name>
         <value>0x34fd</value>
         <object_component_ref idref="oc-269"/>
      </symbol>
      <symbol id="sm-d9b">
         <name>USBDevEndpointStatusClear</name>
         <value>0x2d89</value>
         <object_component_ref idref="oc-25d"/>
      </symbol>
      <symbol id="sm-d9c">
         <name>USBULPIEnable</name>
         <value>0x4373</value>
         <object_component_ref idref="oc-547"/>
      </symbol>
      <symbol id="sm-d9d">
         <name>USBFIFOAddrGet</name>
         <value>0x4409</value>
         <object_component_ref idref="oc-7df"/>
      </symbol>
      <symbol id="sm-d9e">
         <name>USBDMAChannelStatus</name>
         <value>0x433b</value>
         <object_component_ref idref="oc-801"/>
      </symbol>
      <symbol id="sm-d9f">
         <name>USBULPIRegWrite</name>
         <value>0x405f</value>
         <object_component_ref idref="oc-668"/>
      </symbol>
      <symbol id="sm-da0">
         <name>USBDMAChannelIntEnable</name>
         <value>0x42df</value>
         <object_component_ref idref="oc-80f"/>
      </symbol>
      <symbol id="sm-da1">
         <name>USBDevLPMConfig</name>
         <value>0x444d</value>
         <object_component_ref idref="oc-56b"/>
      </symbol>
      <symbol id="sm-da2">
         <name>USBDevLPMEnable</name>
         <value>0x4357</value>
         <object_component_ref idref="oc-16c"/>
      </symbol>
      <symbol id="sm-da3">
         <name>USBControllerVersion</name>
         <value>0x43bd</value>
         <object_component_ref idref="oc-676"/>
      </symbol>
      <symbol id="sm-da4">
         <name>USBFIFOConfigSet</name>
         <value>0x377f</value>
         <object_component_ref idref="oc-73b"/>
      </symbol>
      <symbol id="sm-da5">
         <name>USBEndpointDMAEnable</name>
         <value>0x3f11</value>
         <object_component_ref idref="oc-7c4"/>
      </symbol>
      <symbol id="sm-da6">
         <name>USBDevLPMDisable</name>
         <value>0x4349</value>
         <object_component_ref idref="oc-565"/>
      </symbol>
      <symbol id="sm-da7">
         <name>USBEndpointDataSend</name>
         <value>0x396d</value>
         <object_component_ref idref="oc-3aa"/>
      </symbol>
      <symbol id="sm-da8">
         <name>USBIntStatusEndpoint</name>
         <value>0x43ef</value>
         <object_component_ref idref="oc-172"/>
      </symbol>
      <symbol id="sm-da9">
         <name>USBEndpointStatus</name>
         <value>0x4301</value>
         <object_component_ref idref="oc-257"/>
      </symbol>
      <symbol id="sm-daa">
         <name>USBEndpointPacketCountSet</name>
         <value>0x438f</value>
         <object_component_ref idref="oc-7eb"/>
      </symbol>
      <symbol id="sm-dab">
         <name>USBDMAChannelIntDisable</name>
         <value>0x42cd</value>
         <object_component_ref idref="oc-816"/>
      </symbol>
      <symbol id="sm-dac">
         <name>USBEndpointDMAConfigSet</name>
         <value>0x3219</value>
         <object_component_ref idref="oc-7f1"/>
      </symbol>
      <symbol id="sm-dad">
         <name>USBDevEndpointStall</name>
         <value>0x3ad1</value>
         <object_component_ref idref="oc-49b"/>
      </symbol>
      <symbol id="sm-dae">
         <name>USBDevConnect</name>
         <value>0x43db</value>
         <object_component_ref idref="oc-589"/>
      </symbol>
      <symbol id="sm-daf">
         <name>USBDevEndpointConfigSet</name>
         <value>0x24bd</value>
         <object_component_ref idref="oc-72f"/>
      </symbol>
      <symbol id="sm-db0">
         <name>USBDMAChannelDisable</name>
         <value>0x42a9</value>
         <object_component_ref idref="oc-7fa"/>
      </symbol>
      <symbol id="sm-db1">
         <name>USBDMAChannelEnable</name>
         <value>0x42bb</value>
         <object_component_ref idref="oc-82f"/>
      </symbol>
      <symbol id="sm-db2">
         <name>USBHostResume</name>
         <value>0x425d</value>
         <object_component_ref idref="oc-248"/>
      </symbol>
      <symbol id="sm-db3">
         <name>USBIntEnableControl</name>
         <value>0x3e51</value>
         <object_component_ref idref="oc-57d"/>
      </symbol>
      <symbol id="sm-db4">
         <name>USBEndpointDMAChannel</name>
         <value>0x4105</value>
         <object_component_ref idref="oc-79e"/>
      </symbol>
      <symbol id="sm-db5">
         <name>__TI_static_base__</name>
         <value>0x0</value>
      </symbol>
      <symbol id="sm-db8">
         <name>__mpu_init</name>
         <value>0x0</value>
      </symbol>
      <symbol id="sm-db9">
         <name>_system_post_cinit</name>
         <value>0x0</value>
      </symbol>
   </symbol_table>
   <title>Link successful</title>
</link_info>
