******************************************************************************
                  TI ARM Linker PC v18.12.3                    
******************************************************************************
>> Linked Mon Nov 25 22:49:29 2019

OUTPUT FILE NAME:   <usb_dev_mouse.out>
ENTRY POINT SYMBOL: "_c_int00_noargs"  address: 000024ad


MEMORY CONFIGURATION

         name            origin    length      used     unused   attr    fill
----------------------  --------  ---------  --------  --------  ----  --------
  FLASH                 00000000   00040000  00002fdf  0003d021  R  X
  SRAM                  20000000   00008000  000006d9  00007927  RW X


SEGMENT ALLOCATION MAP

run origin  load origin   length   init length attrs members
----------  ----------- ---------- ----------- ----- -------
00000000    00000000    00002fe8   00002fe8    r-x
  00000000    00000000    0000026c   0000026c    r-- .intvecs
  0000026c    0000026c    00002ada   00002ada    r-x .text
  00002d48    00002d48    00000201   00000201    r-- .const
  00002f50    00002f50    00000098   00000098    r-- .cinit
20000000    20000000    000006dc   00000000    rw-
  20000000    20000000    00000400   00000000    rw- .stack
  20000400    20000400    000001dd   00000000    rw- .bss
  200005e0    200005e0    000000fc   00000000    rw- .data


SECTION ALLOCATION MAP

 output                                  attributes/
section   page    origin      length       input sections
--------  ----  ----------  ----------   ----------------
.intvecs   0    00000000    0000026c     
                  00000000    0000026c     startup_ccs.obj (.intvecs)

.text      0    0000026c    00002ada     
                  0000026c    00000160     usblib.lib : usbdma.obj (.text:USBLibDMAInit)
                  000003cc    00000150                : usbdenum.obj (.text:USBDCDInit)
                  0000051c    00000150                : usbdenum.obj (.text:USBDEP0StateTxConfig)
                  0000066c    00000150                : usbdenum.obj (.text:USBDeviceIntHandlerInternal)
                  000007bc    00000148                : usbdconfig.obj (.text:USBDeviceConfig)
                  00000904    00000114                : usbdhid.obj (.text:HandleRequest)
                  00000a18    000000f4                : usbdma.obj (.text:iDMAUSBTransfer)
                  00000b0c    000000e4                : usbdenum.obj (.text:USBDGetDescriptor)
                  00000bf0    000000e0                : usbdhid.obj (.text:USBDHIDCompositeInit)
                  00000cd0    000000d8                : usbdenum.obj (.text:USBDeviceEnumHandler)
                  00000da8    000000c4                : usbdma.obj (.text:uDMAUSBChannelAllocate)
                  00000e6c    000000bc                : usbdma.obj (.text:uDMAUSBTransfer)
                  00000f28    0000009c     rtsv7M4_T_le_v4SPD16_eabi.lib : memcpy_t2.asm.obj (.text)
                  00000fc4    00000098     usblib.lib : usbdenum.obj (.text:USBDSetInterface)
                  0000105c    00000090                : usbdenum.obj (.text:USBDSetConfiguration)
                  000010ec    0000008c                : usbdconfig.obj (.text:USBDeviceConfigAlternate)
                  00001178    00000088                : usbdhid.obj (.text:ProcessIdleTimers)
                  00001200    00000084                : usbdhidmouse.obj (.text:USBDHIDMouseCompositeInit)
                  00001284    00000084                : usbdma.obj (.text:iDMAUSBChannelAllocate)
                  00001308    00000084     driverlib.lib : udma.obj (.text:uDMAChannelTransferSet)
                  0000138c    00000080     usblib.lib : usbdenum.obj (.text:USBDClearFeature)
                  0000140c    0000007a     driverlib.lib : usb.obj (.text:USBDevEndpointConfigSet)
                  00001486    00000002     startup_ccs.obj (.text:FaultISR)
                  00001488    00000078     usblib.lib : usbdenum.obj (.text:USBDGetStatus)
                  00001500    00000076                : usbdhidmouse.obj (.text:HIDMouseRxHandler)
                  00001576    00000002     startup_ccs.obj (.text:IntDefaultHandler)
                  00001578    00000070     usblib.lib : usbdenum.obj (.text:USBDEP0StateTx)
                  000015e8    00000070                : usbdma.obj (.text:uDMAUSBArbSizeSet)
                  00001658    00000070                : usbdma.obj (.text:uDMAUSBUnitSizeSet)
                  000016c8    0000006c                : usbdenum.obj (.text:USBDSetFeature)
                  00001734    00000068     driverlib.lib : interrupt.obj (.text:IntDisable)
                  0000179c    00000068                   : interrupt.obj (.text:IntEnable)
                  00001804    00000068     rtsv7M4_T_le_v4SPD16_eabi.lib : copy_decompress_lzss.c.obj (.text:decompress:lzss:__TI_decompress_lzss)
                  0000186c    00000064     usblib.lib : usbdhid.obj (.text:HandleGetDescriptor)
                  000018d0    00000064     driverlib.lib : interrupt.obj (.text:IntIsEnabled)
                  00001934    00000064     usblib.lib : usbdma.obj (.text:uDMAUSBChannelEnable)
                  00001998    00000060                : usbdhid.obj (.text:HandleDevice)
                  000019f8    00000060                : usbdhid.obj (.text:ProcessDataFromHost)
                  00001a58    00000060                : usbdenum.obj (.text:USBDReadAndDispatchRequest)
                  00001ab8    0000005e     driverlib.lib : usb.obj (.text:USBDevEndpointStatusClear)
                  00001b16    0000005c     usblib.lib : usbdhid.obj (.text:FindHIDDescriptor)
                  00001b72    00000056                : usbdma.obj (.text:uDMAUSBChannelRelease)
                  00001bc8    00000054                : usbdhid.obj (.text:ProcessDataToHost)
                  00001c1c    00000052                : usbulpi.obj (.text:ULPIConfigSet)
                  00001c6e    00000002     startup_ccs.obj (.text:NmiSR)
                  00001c70    00000050     driverlib.lib : sysctl.obj (.text:SysCtlPeripheralReset)
                  00001cc0    00000050     usblib.lib : usbdcdesc.obj (.text:USBDCDConfigDescGet)
                  00001d10    00000050                : usbdenum.obj (.text:USBDeviceResumeTickHandler)
                  00001d60    0000004c                : usbdconfig.obj (.text:GetEPDescriptorType)
                  00001dac    0000004c                : usbdenum.obj (.text:USBDStringIndexFromRequest)
                  00001df8    0000004c     driverlib.lib : usb.obj (.text:USBEndpointDMAConfigSet)
                  00001e44    0000004c     usblib.lib : usbdma.obj (.text:iDMAUSBChannelEnable)
                  00001e90    0000004a                : usbdcdesc.obj (.text:ConfigAlternateInterfaceGet)
                  00001eda    0000004a                : usbdhid.obj (.text:USBDHIDReportWrite)
                  00001f24    0000004a     driverlib.lib : usb.obj (.text:USBDevEndpointStallClear)
                  00001f6e    0000004a     usblib.lib : usbdma.obj (.text:uDMAUSBChannelDisable)
                  00001fb8    00000048                : usbdhid.obj (.text:SetIdleTimeout)
                  00002000    00000048                : usbdenum.obj (.text:USBDeviceEnumResetHandler)
                  00002048    00000048     driverlib.lib : udma.obj (.text:uDMAChannelAttributeDisable)
                  00002090    00000046                   : usb.obj (.text:USBEndpointDataGet)
                  000020d6    00000002     usblib.lib : usbdma.obj (.text:iDMAUSBArbSizeSet)
                  000020d8    00000044                : usbdenum.obj (.text:USBDCDDeviceInfoInit)
                  0000211c    00000044                : usbdenum.obj (.text:USBDGetInterface)
                  00002160    00000044     rtsv7M4_T_le_v4SPD16_eabi.lib : autoinit.c.obj (.text:__TI_auto_init_nobinit_nopinit:__TI_auto_init_nobinit_nopinit)
                  000021a4    00000040     usblib.lib : usbdhid.obj (.text:ScheduleReportTransmission)
                  000021e4    0000003c                : usbdma.obj (.text:iDMAUSBChannelRelease)
                  00002220    0000003a     driverlib.lib : usb.obj (.text:USBFIFOConfigSet)
                  0000225a    00000002     usblib.lib : usbdma.obj (.text:iDMAUSBUnitSizeSet)
                  0000225c    00000038                : usbtick.obj (.text:InternalUSBRegisterTickHandler)
                  00002294    00000038                : usbtick.obj (.text:InternalUSBStartOfFrameTick)
                  000022cc    00000038                : usbdcdesc.obj (.text:USBDCDConfigGetInterfaceEndpoint)
                  00002304    00000038     driverlib.lib : usb.obj (.text:USBIntStatusControl)
                  0000233c    00000036     usblib.lib : usbdhid.obj (.text:HandleEndpoints)
                  00002372    00000036     driverlib.lib : usb.obj (.text:USBEndpointDataPut)
                  000023a8    00000034     usblib.lib : usbdhid.obj (.text:HIDTickHandler)
                  000023dc    00000034     usb_dev_mouse.obj (.text:MouseHandler)
                  00002410    00000034     driverlib.lib : sysctl.obj (.text:SysCtlPeripheralEnable)
                  00002444    00000034     usblib.lib : usbdhidmouse.obj (.text:USBDHIDMouseInit)
                  00002478    00000034     driverlib.lib : usb.obj (.text:USBEndpointDataSend)
                  000024ac    00000034     rtsv7M4_T_le_v4SPD16_eabi.lib : boot_cortex_m.c.obj (.text:_c_int00_noargs:_c_int00_noargs)
                  000024e0    00000034     usblib.lib : usbdma.obj (.text:iDMAUSBChannelStatus)
                  00002514    00000032                : usbdhid.obj (.text:ClearReportTimer)
                  00002546    00000032                : usbdhid.obj (.text:HandleConfigChange)
                  00002578    00000032                : usbdcdesc.obj (.text:NextConfigDescGet)
                  000025aa    00000032     driverlib.lib : usb.obj (.text:USBDevEndpointStall)
                  000025dc    00000032     usblib.lib : usbdma.obj (.text:iDMAUSBChannelDisable)
                  0000260e    00000030                : usbdma.obj (.text:DMAUSBIntHandler)
                  0000263e    00000002                : usbdma.obj (.text:uDMAUSBChannelIntDisable)
                  00002640    00000030                : usbtick.obj (.text:InternalUSBTickInit)
                  00002670    00000030                : usbdenum.obj (.text:USBDGetConfiguration)
                  000026a0    0000002c                : usbdesc.obj (.text:USBDescGet)
                  000026cc    0000002c                : usbdma.obj (.text:uDMAUSBIntStatus)
                  000026f8    0000002a                : usbdcdesc.obj (.text:USBDCDConfigDescGetNum)
                  00002722    0000002a                : usbdesc.obj (.text:USBDescGetNum)
                  0000274c    0000002a     driverlib.lib : usb.obj (.text:USBDevEndpointDataAck)
                  00002776    00000028     usblib.lib : usbdhid.obj (.text:GetIdleTimeout)
                  0000279e    00000028                : usbdhid.obj (.text:HandleEP0DataReceived)
                  000027c6    00000002                : usbdma.obj (.text:uDMAUSBChannelIntEnable)
                  000027c8    00000028                : usbdenum.obj (.text:USBDSetAddress)
                  000027f0    00000028     driverlib.lib : usb.obj (.text:USBIntEnableControl)
                  00002818    00000028                   : udma.obj (.text:uDMAChannelModeGet)
                  00002840    00000026     usblib.lib : usbdhid.obj (.text:USBDHIDInit)
                  00002866    00000024     driverlib.lib : usb.obj (.text:USBEndpointDMADisable)
                  0000288a    00000024                   : usb.obj (.text:USBEndpointDMAEnable)
                  000028ae    00000002     --HOLE-- [fill = 0]
                  000028b0    00000024                   : udma.obj (.text:uDMAChannelControlSet)
                  000028d4    00000022     usblib.lib : usbdhid.obj (.text:HandleDisconnect)
                  000028f6    00000022                : usbdma.obj (.text:uDMAUSBChannelStatus)
                  00002918    00000020                : usbdconfig.obj (.text:GetEndpointFIFOSize)
                  00002938    00000020                : usbdhid.obj (.text:HandleEP0DataSent)
                  00002958    0000001e     driverlib.lib : usb.obj (.text:USBULPIRegRead)
                  00002976    0000001e                   : usb.obj (.text:USBULPIRegWrite)
                  00002994    0000001c     usblib.lib : usbdhidmouse.obj (.text:HIDMouseTxHandler)
                  000029b0    0000001c                : usbdcdesc.obj (.text:USBDCDConfigGetInterface)
                  000029cc    0000001c                : usbdenum.obj (.text:USBDCDStallEP0)
                  000029e8    0000001c     driverlib.lib : usb.obj (.text:USBEndpointDataAvail)
                  00002a04    0000001c     rtsv7M4_T_le_v4SPD16_eabi.lib : copy_zero_init.c.obj (.text:decompress:ZI:__TI_zero_init_nomemset:__TI_zero_init_nomemset)
                  00002a20    0000001a     usblib.lib : usbdhid.obj (.text:ClearIdleTimers)
                  00002a3a    0000001a                : usbdcdesc.obj (.text:USBDCDConfigDescGetSize)
                  00002a54    0000001a     driverlib.lib : usb.obj (.text:USBEndpointDMAChannel)
                  00002a6e    00000018     usblib.lib : usbdhid.obj (.text:SetDeferredOpFlag)
                  00002a86    00000002     --HOLE-- [fill = 0]
                  00002a88    00000018                : usbdhandler.obj (.text:USB0DeviceIntHandler)
                  00002aa0    00000018                : usbdenum.obj (.text:USBDSetDescriptor)
                  00002ab8    00000018                : usbdenum.obj (.text:USBDSyncFrame)
                  00002ad0    00000018     driverlib.lib : udma.obj (.text:uDMAChannelDisable)
                  00002ae8    00000018                   : udma.obj (.text:uDMAChannelEnable)
                  00002b00    00000016                   : usb.obj (.text:USBIntEnableEndpoint)
                  00002b16    00000002     --HOLE-- [fill = 0]
                  00002b18    00000014                   : sysctl.obj (.text:SysCtlUSBPLLEnable)
                  00002b2c    00000014     usblib.lib : usbdenum.obj (.text:USBDCDRequestDataEP0)
                  00002b40    00000014                : usbdenum.obj (.text:USBDCDSendDataEP0)
                  00002b54    00000014     driverlib.lib : usb.obj (.text:USBDMAChannelConfigSet)
                  00002b68    00000014                   : usb.obj (.text:USBHostResume)
                  00002b7c    00000014                   : usb.obj (.text:_USBIndexWrite)
                  00002b90    00000012     usblib.lib : usbdhid.obj (.text:HandleResume)
                  00002ba2    00000012                : usbdhid.obj (.text:HandleSuspend)
                  00002bb4    00000012     driverlib.lib : usb.obj (.text:USBDMAChannelDisable)
                  00002bc6    00000012                   : usb.obj (.text:USBDMAChannelEnable)
                  00002bd8    00000012                   : usb.obj (.text:USBDMAChannelIntDisable)
                  00002bea    00000012                   : usb.obj (.text:USBDMAChannelIntEnable)
                  00002bfc    00000010     usb_dev_mouse.obj (.text:SysTickIntHandler)
                  00002c0c    00000010     driverlib.lib : usb.obj (.text:USBEndpointStatus)
                  00002c1c    00000010     usb_dev_mouse.obj (.text:main)
                  00002c2c    0000000e     usblib.lib : usbdma.obj (.text:DMAUSBIntStatusClear)
                  00002c3a    0000000e     driverlib.lib : usb.obj (.text:USBDMAChannelStatus)
                  00002c48    0000000e                   : usb.obj (.text:USBDevLPMDisable)
                  00002c56    0000000e                   : usb.obj (.text:USBDevLPMEnable)
                  00002c64    0000000e                   : usb.obj (.text:USBULPIDisable)
                  00002c72    0000000e                   : usb.obj (.text:USBULPIEnable)
                  00002c80    0000000e     rtsv7M4_T_le_v4SPD16_eabi.lib : copy_decompress_none.c.obj (.text:decompress:none:__TI_decompress_none)
                  00002c8e    0000000c     driverlib.lib : usb.obj (.text:USBEndpointPacketCountSet)
                  00002c9a    0000000c                   : usb.obj (.text:USBLPMIntEnable)
                  00002ca6    0000000a                   : usb.obj (.text:USBClockEnable)
                  00002cb0    0000000a                   : usb.obj (.text:USBControllerVersion)
                  00002cba    0000000a                   : usb.obj (.text:USBDMAChannelAddressSet)
                  00002cc4    0000000a                   : usb.obj (.text:USBDMAChannelCountSet)
                  00002cce    0000000a                   : usb.obj (.text:USBDevConnect)
                  00002cd8    0000000a                   : usb.obj (.text:USBDevDisconnect)
                  00002ce2    0000000a                   : usb.obj (.text:USBIntStatusEndpoint)
                  00002cec    00000008                   : usb.obj (.text:USBDevMode)
                  00002cf4    00000008                   : usb.obj (.text:USBFIFOAddrGet)
                  00002cfc    00000008                   : usb.obj (.text:USBOTGMode)
                  00002d04    00000008     usblib.lib : usbdma.obj (.text:iDMAUSBChannelIntDisable)
                  00002d0c    00000008                : usbdma.obj (.text:iDMAUSBChannelIntEnable)
                  00002d14    00000006     startup_ccs.obj (.text:ResetISR)
                  00002d1a    00000006     driverlib.lib : usb.obj (.text:USBDMAChannelIntStatus)
                  00002d20    00000006                   : usb.obj (.text:USBDevLPMConfig)
                  00002d26    00000006                   : usb.obj (.text:USBLPMIntStatus)
                  00002d2c    00000006     usblib.lib : usbdma.obj (.text:iDMAUSBIntStatus)
                  00002d32    00000004                : usbdma.obj (.text:DMAUSBStatus)
                  00002d36    00000004                : usbdhid.obj (.text:HandleReset)
                  00002d3a    00000004     driverlib.lib : usb.obj (.text:USBDevAddrSet)
                  00002d3e    00000004     rtsv7M4_T_le_v4SPD16_eabi.lib : pre_init.c.obj (.text:_system_pre_init)
                  00002d42    00000004                                   : exit.c.obj (.text:abort:abort)

.const     0    00002d48    00000201     
                  00002d48    00000070     driverlib.lib : interrupt.obj (.const)
                  00002db8    00000034     usblib.lib : usbdenum.obj (.const:g_psUSBDStdRequests)
                  00002dec    00000032                : usbdhidmouse.obj (.const:.string:g_pui8MouseReportDescriptor)
                  00002e1e    00000030     usb_mouse_structs.obj (.const:.string:g_pui8ConfigString)
                  00002e4e    00000002     --HOLE-- [fill = 0]
                  00002e50    00000030     usblib.lib : usbdhid.obj (.const:g_sHIDHandlers)
                  00002e80    0000002c                : usbdhidmouse.obj (.const)
                  00002eac    00000028     usb_mouse_structs.obj (.const:.string:g_pui8HIDInterfaceString)
                  00002ed4    00000024     usb_mouse_structs.obj (.const:.string:g_pui8ManufacturerString)
                  00002ef8    0000001c     usb_mouse_structs.obj (.const:.string:g_pui8ProductString)
                  00002f14    00000018     usb_mouse_structs.obj (.const:g_ppui8StringDescriptors)
                  00002f2c    00000012     usb_mouse_structs.obj (.const:.string:g_pui8SerialNumberString)
                  00002f3e    00000007     usblib.lib : usbdhidmouse.obj (.const:.string)
                  00002f45    00000004     usb_mouse_structs.obj (.const:.string:g_pui8LangDescriptor)

.cinit     0    00002f50    00000098     
                  00002f50    00000072     (.cinit..data.load) [load image, compression = lzss]
                  00002fc2    00000002     --HOLE-- [fill = 0]
                  00002fc4    0000000c     (__TI_handler_table)
                  00002fd0    00000008     (.cinit..bss.load) [load image, compression = zero_init]
                  00002fd8    00000010     (__TI_cinit_table)

.init_array 
*          0    00000000    00000000     UNINITIALIZED

.bss       0    20000400    000001dd     UNINITIALIZED
                  20000400    00000110     usblib.lib : usbdma.obj (.bss:g_psUSBDMAInst)
                  20000510    00000050                : usbdenum.obj (.bss:g_psDCDInst)
                  20000560    00000040                : usbdenum.obj (.bss:g_pui8DataBufferIn)
                  200005a0    00000018     (.common:g_pfnTickHandlers)
                  200005b8    00000018     (.common:g_pvTickInstance)
                  200005d0    00000004     (.common:g_ppsDevInfo)
                  200005d4    00000004     (.common:g_ui32SysTickCount)
                  200005d8    00000004     (.common:g_ui32ULPISupport)
                  200005dc    00000001     (.common:g_bConnected)

.data      0    200005e0    000000fc     UNINITIALIZED
                  200005e0    00000094     usb_mouse_structs.obj (.data:g_sMouseDevice)
                  20000674    00000034     usblib.lib : usbdhidmouse.obj (.data)
                  200006a8    00000012                : usbdhid.obj (.data)
                  200006ba    00000001     usb_dev_mouse.obj (.data)
                  200006bb    00000001     --HOLE--
                  200006bc    0000000c     usblib.lib : usbtick.obj (.data)
                  200006c8    00000009                : usbmode.obj (.data)
                  200006d1    00000003     --HOLE--
                  200006d4    00000008                : usbdenum.obj (.data)

.stack     0    20000000    00000400     UNINITIALIZED
                  20000000    00000004     rtsv7M4_T_le_v4SPD16_eabi.lib : boot_cortex_m.c.obj (.stack)
                  20000004    000003fc     --HOLE--

MODULE SUMMARY

       Module                       code    ro data   rw data
       ------                       ----    -------   -------
    .\
       startup_ccs.obj              12      620       0      
       usb_mouse_structs.obj        0       198       148    
       usb_dev_mouse.obj            84      0         6      
    +--+----------------------------+-------+---------+---------+
       Total:                       96      818       154    
                                                             
    C:/ti/TivaWare_C_Series-2.1.4.178/driverlib/ccs/Debug/driverlib.lib
       usb.obj                      1354    0         0      
       interrupt.obj                308     112       0      
       udma.obj                     328     0         0      
       sysctl.obj                   152     0         0      
    +--+----------------------------+-------+---------+---------+
       Total:                       2142    112       0      
                                                             
    C:/ti/TivaWare_C_Series-2.1.4.178/usblib/ccs/Debug/usblib.lib
       usbdenum.obj                 2880    52        160    
       usbdma.obj                   2008    0         272    
       usbdhid.obj                  1794    48        18     
       usbdconfig.obj               576     0         0      
       usbdhidmouse.obj             330     101       52     
       usbdcdesc.obj                356     0         0      
       usbtick.obj                  160     0         60     
       usbdesc.obj                  86      0         0      
       usbulpi.obj                  82      0         0      
       usbdhandler.obj              24      0         0      
       usbmode.obj                  0       0         9      
    +--+----------------------------+-------+---------+---------+
       Total:                       8296    201       571    
                                                             
    C:\ti\ccs920\ccs\tools\compiler\ti-cgt-arm_18.12.3.LTS\lib\rtsv7M4_T_le_v4SPD16_eabi.lib
       memcpy_t2.asm.obj            156     0         0      
       copy_decompress_lzss.c.obj   104     0         0      
       autoinit.c.obj               68      0         0      
       boot_cortex_m.c.obj          52      0         0      
       copy_zero_init.c.obj         28      0         0      
       copy_decompress_none.c.obj   14      0         0      
       exit.c.obj                   4       0         0      
       pre_init.c.obj               4       0         0      
    +--+----------------------------+-------+---------+---------+
       Total:                       430     0         0      
                                                             
       Stack:                       0       0         1024   
       Linker Generated:            0       150       0      
    +--+----------------------------+-------+---------+---------+
       Grand Total:                 10964   1281      1749   


LINKER GENERATED COPY TABLES

__TI_cinit_table @ 00002fd8 records: 2, size/record: 8, table size: 16
	.data: load addr=00002f50, load size=00000072 bytes, run addr=200005e0, run size=000000fc bytes, compression=lzss
	.bss: load addr=00002fd0, load size=00000008 bytes, run addr=20000400, run size=000001dd bytes, compression=zero_init


LINKER GENERATED HANDLER TABLE

__TI_handler_table @ 00002fc4 records: 3, size/record: 4, table size: 12
	index: 0, handler: __TI_decompress_lzss
	index: 1, handler: __TI_decompress_none
	index: 2, handler: __TI_zero_init


GLOBAL SYMBOLS: SORTED ALPHABETICALLY BY Name 

address   name                            
-------   ----                            
00002d43  C$$EXIT                         
00001735  IntDisable                      
0000179d  IntEnable                       
000018d1  IntIsEnabled                    
0000225d  InternalUSBRegisterTickHandler  
00002295  InternalUSBStartOfFrameTick     
00002641  InternalUSBTickInit             
000023dd  MouseHandler                    
00002d15  ResetISR                        
00002411  SysCtlPeripheralEnable          
00001c71  SysCtlPeripheralReset           
00002b19  SysCtlUSBPLLEnable              
00002bfd  SysTickIntHandler               
00001c1d  ULPIConfigSet                   
00002a89  USB0DeviceIntHandler            
00002ca7  USBClockEnable                  
00002cb1  USBControllerVersion            
00001cc1  USBDCDConfigDescGet             
000026f9  USBDCDConfigDescGetNum          
00002a3b  USBDCDConfigDescGetSize         
000029b1  USBDCDConfigGetInterface        
000022cd  USBDCDConfigGetInterfaceEndpoint
000020d9  USBDCDDeviceInfoInit            
000003cd  USBDCDInit                      
00002b2d  USBDCDRequestDataEP0            
00002b41  USBDCDSendDataEP0               
000029cd  USBDCDStallEP0                  
00000bf1  USBDHIDCompositeInit            
00002841  USBDHIDInit                     
00001201  USBDHIDMouseCompositeInit       
00002445  USBDHIDMouseInit                
00001edb  USBDHIDReportWrite              
00002cbb  USBDMAChannelAddressSet         
00002b55  USBDMAChannelConfigSet          
00002cc5  USBDMAChannelCountSet           
00002bb5  USBDMAChannelDisable            
00002bc7  USBDMAChannelEnable             
00002bd9  USBDMAChannelIntDisable         
00002beb  USBDMAChannelIntEnable          
00002d1b  USBDMAChannelIntStatus          
00002c3b  USBDMAChannelStatus             
000026a1  USBDescGet                      
00002723  USBDescGetNum                   
00002d3b  USBDevAddrSet                   
00002ccf  USBDevConnect                   
00002cd9  USBDevDisconnect                
0000140d  USBDevEndpointConfigSet         
0000274d  USBDevEndpointDataAck           
000025ab  USBDevEndpointStall             
00001f25  USBDevEndpointStallClear        
00001ab9  USBDevEndpointStatusClear       
00002d21  USBDevLPMConfig                 
00002c49  USBDevLPMDisable                
00002c57  USBDevLPMEnable                 
00002ced  USBDevMode                      
000007bd  USBDeviceConfig                 
000010ed  USBDeviceConfigAlternate        
00000cd1  USBDeviceEnumHandler            
00002001  USBDeviceEnumResetHandler       
0000066d  USBDeviceIntHandlerInternal     
00001d11  USBDeviceResumeTickHandler      
00002a55  USBEndpointDMAChannel           
00001df9  USBEndpointDMAConfigSet         
00002867  USBEndpointDMADisable           
0000288b  USBEndpointDMAEnable            
000029e9  USBEndpointDataAvail            
00002091  USBEndpointDataGet              
00002373  USBEndpointDataPut              
00002479  USBEndpointDataSend             
00002c8f  USBEndpointPacketCountSet       
00002c0d  USBEndpointStatus               
00002cf5  USBFIFOAddrGet                  
00002221  USBFIFOConfigSet                
00002b69  USBHostResume                   
000027f1  USBIntEnableControl             
00002b01  USBIntEnableEndpoint            
00002305  USBIntStatusControl             
00002ce3  USBIntStatusEndpoint            
00002c9b  USBLPMIntEnable                 
00002d27  USBLPMIntStatus                 
0000026d  USBLibDMAInit                   
00002cfd  USBOTGMode                      
00002c65  USBULPIDisable                  
00002c73  USBULPIEnable                   
00002959  USBULPIRegRead                  
00002977  USBULPIRegWrite                 
20000400  __STACK_END                     
00000400  __STACK_SIZE                    
20000400  __STACK_TOP                     
00002fd8  __TI_CINIT_Base                 
00002fe8  __TI_CINIT_Limit                
00002fc4  __TI_Handler_Table_Base         
00002fd0  __TI_Handler_Table_Limit        
00002161  __TI_auto_init_nobinit_nopinit  
00001805  __TI_decompress_lzss            
00002c81  __TI_decompress_none            
ffffffff  __TI_pprof_out_hndl             
ffffffff  __TI_prof_data_size             
ffffffff  __TI_prof_data_start            
00000000  __TI_static_base__              
00002a05  __TI_zero_init_nomemset         
00000f29  __aeabi_memcpy                  
00000f29  __aeabi_memcpy4                 
00000f29  __aeabi_memcpy8                 
ffffffff  __binit__                       
ffffffff  __c_args__                      
UNDEFED   __mpu_init                      
20000000  __stack                         
000024ad  _c_int00_noargs                 
UNDEFED   _system_post_cinit              
00002d3f  _system_pre_init                
00002d43  abort                           
ffffffff  binit                           
200005dc  g_bConnected                    
200006bc  g_bUSBTimerInitialized          
200006ba  g_iMouseState                   
200006c8  g_iUSBMode                      
200005a0  g_pfnTickHandlers               
00000000  g_pfnVectors                    
200005d0  g_ppsDevInfo                    
00002ea4  g_ppsHIDConfigDescriptors       
00002f14  g_ppui8StringDescriptors        
20000510  g_psDCDInst                     
20000690  g_psHIDSections                 
00002e1e  g_pui8ConfigString              
200006a8  g_pui8HIDDeviceDescriptor       
00002f3e  g_pui8HIDInEndpoint             
2000067d  g_pui8HIDInterface              
00002eac  g_pui8HIDInterfaceString        
00002f45  g_pui8LangDescriptor            
00002ed4  g_pui8ManufacturerString        
20000674  g_pui8MouseDescriptor           
00002ef8  g_pui8ProductString             
00002f2c  g_pui8SerialNumberString        
200005b8  g_pvTickInstance                
200006a0  g_sHIDConfigHeader              
00002e8c  g_sHIDConfigSection             
20000688  g_sHIDDescriptorSection         
00002e50  g_sHIDHandlers                  
00002e9c  g_sHIDInEndpointSection         
00002e94  g_sHIDInterfaceSection          
200005e0  g_sMouseDevice                  
200006c0  g_ui32CurrentUSBTick            
200005d4  g_ui32SysTickCount              
200006c4  g_ui32USBSOFCount               
200006cc  g_ui32WaitTicks                 
00002c1d  main                            
00000f29  memcpy                          
00002049  uDMAChannelAttributeDisable     
000028b1  uDMAChannelControlSet           
00002ad1  uDMAChannelDisable              
00002ae9  uDMAChannelEnable               
00002819  uDMAChannelModeGet              
00001309  uDMAChannelTransferSet          


GLOBAL SYMBOLS: SORTED BY Symbol Address 

address   name                            
-------   ----                            
00000000  __TI_static_base__              
00000000  g_pfnVectors                    
0000026d  USBLibDMAInit                   
000003cd  USBDCDInit                      
00000400  __STACK_SIZE                    
0000066d  USBDeviceIntHandlerInternal     
000007bd  USBDeviceConfig                 
00000bf1  USBDHIDCompositeInit            
00000cd1  USBDeviceEnumHandler            
00000f29  __aeabi_memcpy                  
00000f29  __aeabi_memcpy4                 
00000f29  __aeabi_memcpy8                 
00000f29  memcpy                          
000010ed  USBDeviceConfigAlternate        
00001201  USBDHIDMouseCompositeInit       
00001309  uDMAChannelTransferSet          
0000140d  USBDevEndpointConfigSet         
00001735  IntDisable                      
0000179d  IntEnable                       
00001805  __TI_decompress_lzss            
000018d1  IntIsEnabled                    
00001ab9  USBDevEndpointStatusClear       
00001c1d  ULPIConfigSet                   
00001c71  SysCtlPeripheralReset           
00001cc1  USBDCDConfigDescGet             
00001d11  USBDeviceResumeTickHandler      
00001df9  USBEndpointDMAConfigSet         
00001edb  USBDHIDReportWrite              
00001f25  USBDevEndpointStallClear        
00002001  USBDeviceEnumResetHandler       
00002049  uDMAChannelAttributeDisable     
00002091  USBEndpointDataGet              
000020d9  USBDCDDeviceInfoInit            
00002161  __TI_auto_init_nobinit_nopinit  
00002221  USBFIFOConfigSet                
0000225d  InternalUSBRegisterTickHandler  
00002295  InternalUSBStartOfFrameTick     
000022cd  USBDCDConfigGetInterfaceEndpoint
00002305  USBIntStatusControl             
00002373  USBEndpointDataPut              
000023dd  MouseHandler                    
00002411  SysCtlPeripheralEnable          
00002445  USBDHIDMouseInit                
00002479  USBEndpointDataSend             
000024ad  _c_int00_noargs                 
000025ab  USBDevEndpointStall             
00002641  InternalUSBTickInit             
000026a1  USBDescGet                      
000026f9  USBDCDConfigDescGetNum          
00002723  USBDescGetNum                   
0000274d  USBDevEndpointDataAck           
000027f1  USBIntEnableControl             
00002819  uDMAChannelModeGet              
00002841  USBDHIDInit                     
00002867  USBEndpointDMADisable           
0000288b  USBEndpointDMAEnable            
000028b1  uDMAChannelControlSet           
00002959  USBULPIRegRead                  
00002977  USBULPIRegWrite                 
000029b1  USBDCDConfigGetInterface        
000029cd  USBDCDStallEP0                  
000029e9  USBEndpointDataAvail            
00002a05  __TI_zero_init_nomemset         
00002a3b  USBDCDConfigDescGetSize         
00002a55  USBEndpointDMAChannel           
00002a89  USB0DeviceIntHandler            
00002ad1  uDMAChannelDisable              
00002ae9  uDMAChannelEnable               
00002b01  USBIntEnableEndpoint            
00002b19  SysCtlUSBPLLEnable              
00002b2d  USBDCDRequestDataEP0            
00002b41  USBDCDSendDataEP0               
00002b55  USBDMAChannelConfigSet          
00002b69  USBHostResume                   
00002bb5  USBDMAChannelDisable            
00002bc7  USBDMAChannelEnable             
00002bd9  USBDMAChannelIntDisable         
00002beb  USBDMAChannelIntEnable          
00002bfd  SysTickIntHandler               
00002c0d  USBEndpointStatus               
00002c1d  main                            
00002c3b  USBDMAChannelStatus             
00002c49  USBDevLPMDisable                
00002c57  USBDevLPMEnable                 
00002c65  USBULPIDisable                  
00002c73  USBULPIEnable                   
00002c81  __TI_decompress_none            
00002c8f  USBEndpointPacketCountSet       
00002c9b  USBLPMIntEnable                 
00002ca7  USBClockEnable                  
00002cb1  USBControllerVersion            
00002cbb  USBDMAChannelAddressSet         
00002cc5  USBDMAChannelCountSet           
00002ccf  USBDevConnect                   
00002cd9  USBDevDisconnect                
00002ce3  USBIntStatusEndpoint            
00002ced  USBDevMode                      
00002cf5  USBFIFOAddrGet                  
00002cfd  USBOTGMode                      
00002d15  ResetISR                        
00002d1b  USBDMAChannelIntStatus          
00002d21  USBDevLPMConfig                 
00002d27  USBLPMIntStatus                 
00002d3b  USBDevAddrSet                   
00002d3f  _system_pre_init                
00002d43  C$$EXIT                         
00002d43  abort                           
00002e1e  g_pui8ConfigString              
00002e50  g_sHIDHandlers                  
00002e8c  g_sHIDConfigSection             
00002e94  g_sHIDInterfaceSection          
00002e9c  g_sHIDInEndpointSection         
00002ea4  g_ppsHIDConfigDescriptors       
00002eac  g_pui8HIDInterfaceString        
00002ed4  g_pui8ManufacturerString        
00002ef8  g_pui8ProductString             
00002f14  g_ppui8StringDescriptors        
00002f2c  g_pui8SerialNumberString        
00002f3e  g_pui8HIDInEndpoint             
00002f45  g_pui8LangDescriptor            
00002fc4  __TI_Handler_Table_Base         
00002fd0  __TI_Handler_Table_Limit        
00002fd8  __TI_CINIT_Base                 
00002fe8  __TI_CINIT_Limit                
20000000  __stack                         
20000400  __STACK_END                     
20000400  __STACK_TOP                     
20000510  g_psDCDInst                     
200005a0  g_pfnTickHandlers               
200005b8  g_pvTickInstance                
200005d0  g_ppsDevInfo                    
200005d4  g_ui32SysTickCount              
200005dc  g_bConnected                    
200005e0  g_sMouseDevice                  
20000674  g_pui8MouseDescriptor           
2000067d  g_pui8HIDInterface              
20000688  g_sHIDDescriptorSection         
20000690  g_psHIDSections                 
200006a0  g_sHIDConfigHeader              
200006a8  g_pui8HIDDeviceDescriptor       
200006ba  g_iMouseState                   
200006bc  g_bUSBTimerInitialized          
200006c0  g_ui32CurrentUSBTick            
200006c4  g_ui32USBSOFCount               
200006c8  g_iUSBMode                      
200006cc  g_ui32WaitTicks                 
ffffffff  __TI_pprof_out_hndl             
ffffffff  __TI_prof_data_size             
ffffffff  __TI_prof_data_start            
ffffffff  __binit__                       
ffffffff  __c_args__                      
ffffffff  binit                           
UNDEFED   __mpu_init                      
UNDEFED   _system_post_cinit              

[154 symbols]
