<?xml version="1.0" encoding="ISO-8859-1" ?>
<link_info>
   <banner>TI ARM Linker PC v18.12.3.LTS</banner>
   <copyright>Copyright (c) 1996-2018 Texas Instruments Incorporated</copyright>
   <link_time>0x5ddc3e59</link_time>
   <link_errors>0x0</link_errors>
   <output_file>usb_dev_mouse.out</output_file>
   <entry_point>
      <name>_c_int00_noargs</name>
      <address>0x24ad</address>
   </entry_point>
   <input_file_list>
      <input_file id="fl-2">
         <path>.\</path>
         <kind>object</kind>
         <file>startup_ccs.obj</file>
         <name>startup_ccs.obj</name>
      </input_file>
      <input_file id="fl-3">
         <path>.\</path>
         <kind>object</kind>
         <file>usb_dev_mouse.obj</file>
         <name>usb_dev_mouse.obj</name>
      </input_file>
      <input_file id="fl-4">
         <path>.\</path>
         <kind>object</kind>
         <file>usb_mouse_structs.obj</file>
         <name>usb_mouse_structs.obj</name>
      </input_file>
      <input_file id="fl-5">
         <path>.\drivers\</path>
         <kind>object</kind>
         <file>buttons.obj</file>
         <name>buttons.obj</name>
      </input_file>
      <input_file id="fl-6">
         <path>.\drivers\</path>
         <kind>object</kind>
         <file>cfal96x64x16.obj</file>
         <name>cfal96x64x16.obj</name>
      </input_file>
      <input_file id="fl-7">
         <path>.\utils\</path>
         <kind>object</kind>
         <file>uartstdio.obj</file>
         <name>uartstdio.obj</name>
      </input_file>
      <input_file id="fl-e">
         <kind>object</kind>
         <file>&lt;internal&gt;</file>
         <name>&lt;internal&gt;</name>
      </input_file>
      <input_file id="fl-c4">
         <path>C:\ti\ccs920\ccs\tools\compiler\ti-cgt-arm_18.12.3.LTS\lib\</path>
         <kind>archive</kind>
         <file>rtsv7M4_T_le_v4SPD16_eabi.lib</file>
         <name>u_divt2.asm.obj</name>
      </input_file>
      <input_file id="fl-c5">
         <path>C:\ti\ccs920\ccs\tools\compiler\ti-cgt-arm_18.12.3.LTS\lib\</path>
         <kind>archive</kind>
         <file>rtsv7M4_T_le_v4SPD16_eabi.lib</file>
         <name>copy_zero_init.c.obj</name>
      </input_file>
      <input_file id="fl-c6">
         <path>C:\ti\ccs920\ccs\tools\compiler\ti-cgt-arm_18.12.3.LTS\lib\</path>
         <kind>archive</kind>
         <file>rtsv7M4_T_le_v4SPD16_eabi.lib</file>
         <name>copy_decompress_none.c.obj</name>
      </input_file>
      <input_file id="fl-c7">
         <path>C:\ti\ccs920\ccs\tools\compiler\ti-cgt-arm_18.12.3.LTS\lib\</path>
         <kind>archive</kind>
         <file>rtsv7M4_T_le_v4SPD16_eabi.lib</file>
         <name>copy_decompress_lzss.c.obj</name>
      </input_file>
      <input_file id="fl-c8">
         <path>C:\ti\ccs920\ccs\tools\compiler\ti-cgt-arm_18.12.3.LTS\lib\</path>
         <kind>archive</kind>
         <file>rtsv7M4_T_le_v4SPD16_eabi.lib</file>
         <name>boot_cortex_m.c.obj</name>
      </input_file>
      <input_file id="fl-c9">
         <path>C:\ti\ccs920\ccs\tools\compiler\ti-cgt-arm_18.12.3.LTS\lib\</path>
         <kind>archive</kind>
         <file>rtsv7M4_T_le_v4SPD16_eabi.lib</file>
         <name>div0.asm.obj</name>
      </input_file>
      <input_file id="fl-ca">
         <path>C:\ti\ccs920\ccs\tools\compiler\ti-cgt-arm_18.12.3.LTS\lib\</path>
         <kind>archive</kind>
         <file>rtsv7M4_T_le_v4SPD16_eabi.lib</file>
         <name>memset_t2.asm.obj</name>
      </input_file>
      <input_file id="fl-cb">
         <path>C:\ti\ccs920\ccs\tools\compiler\ti-cgt-arm_18.12.3.LTS\lib\</path>
         <kind>archive</kind>
         <file>rtsv7M4_T_le_v4SPD16_eabi.lib</file>
         <name>memcpy_t2.asm.obj</name>
      </input_file>
      <input_file id="fl-cc">
         <path>C:\ti\ccs920\ccs\tools\compiler\ti-cgt-arm_18.12.3.LTS\lib\</path>
         <kind>archive</kind>
         <file>rtsv7M4_T_le_v4SPD16_eabi.lib</file>
         <name>autoinit.c.obj</name>
      </input_file>
      <input_file id="fl-cd">
         <path>C:\ti\ccs920\ccs\tools\compiler\ti-cgt-arm_18.12.3.LTS\lib\</path>
         <kind>archive</kind>
         <file>rtsv7M4_T_le_v4SPD16_eabi.lib</file>
         <name>pre_init.c.obj</name>
      </input_file>
      <input_file id="fl-ce">
         <path>C:\ti\ccs920\ccs\tools\compiler\ti-cgt-arm_18.12.3.LTS\lib\</path>
         <kind>archive</kind>
         <file>rtsv7M4_T_le_v4SPD16_eabi.lib</file>
         <name>cpy_tbl.c.obj</name>
      </input_file>
      <input_file id="fl-cf">
         <path>C:\ti\ccs920\ccs\tools\compiler\ti-cgt-arm_18.12.3.LTS\lib\</path>
         <kind>archive</kind>
         <file>rtsv7M4_T_le_v4SPD16_eabi.lib</file>
         <name>exit.c.obj</name>
      </input_file>
      <input_file id="fl-d0">
         <path>C:\ti\ccs920\ccs\tools\compiler\ti-cgt-arm_18.12.3.LTS\lib\</path>
         <kind>archive</kind>
         <file>rtsv7M4_T_le_v4SPD16_eabi.lib</file>
         <name>_lock.c.obj</name>
      </input_file>
      <input_file id="fl-d1">
         <path>C:\ti\ccs920\ccs\tools\compiler\ti-cgt-arm_18.12.3.LTS\lib\</path>
         <kind>archive</kind>
         <file>rtsv7M4_T_le_v4SPD16_eabi.lib</file>
         <name>args_main.c.obj</name>
      </input_file>
      <input_file id="fl-d2">
         <path>C:\ti\TivaWare_C_Series-2.1.4.178\driverlib\ccs\Debug\</path>
         <kind>archive</kind>
         <file>driverlib.lib</file>
         <name>gpio.obj</name>
      </input_file>
      <input_file id="fl-d3">
         <path>C:\ti\TivaWare_C_Series-2.1.4.178\driverlib\ccs\Debug\</path>
         <kind>archive</kind>
         <file>driverlib.lib</file>
         <name>interrupt.obj</name>
      </input_file>
      <input_file id="fl-d4">
         <path>C:\ti\TivaWare_C_Series-2.1.4.178\driverlib\ccs\Debug\</path>
         <kind>archive</kind>
         <file>driverlib.lib</file>
         <name>sysctl.obj</name>
      </input_file>
      <input_file id="fl-d5">
         <path>C:\ti\TivaWare_C_Series-2.1.4.178\driverlib\ccs\Debug\</path>
         <kind>archive</kind>
         <file>driverlib.lib</file>
         <name>cpu.obj</name>
      </input_file>
      <input_file id="fl-d6">
         <path>C:\ti\TivaWare_C_Series-2.1.4.178\usblib\ccs\Debug\</path>
         <kind>archive</kind>
         <file>usblib.lib</file>
         <name>usbdhandler.obj</name>
      </input_file>
      <input_file id="fl-d7">
         <path>C:\ti\TivaWare_C_Series-2.1.4.178\usblib\ccs\Debug\</path>
         <kind>archive</kind>
         <file>usblib.lib</file>
         <name>usbdhidmouse.obj</name>
      </input_file>
      <input_file id="fl-d8">
         <path>C:\ti\TivaWare_C_Series-2.1.4.178\usblib\ccs\Debug\</path>
         <kind>archive</kind>
         <file>usblib.lib</file>
         <name>usbdenum.obj</name>
      </input_file>
      <input_file id="fl-d9">
         <path>C:\ti\TivaWare_C_Series-2.1.4.178\usblib\ccs\Debug\</path>
         <kind>archive</kind>
         <file>usblib.lib</file>
         <name>usbdhid.obj</name>
      </input_file>
      <input_file id="fl-da">
         <path>C:\ti\TivaWare_C_Series-2.1.4.178\usblib\ccs\Debug\</path>
         <kind>archive</kind>
         <file>usblib.lib</file>
         <name>usbdma.obj</name>
      </input_file>
      <input_file id="fl-db">
         <path>C:\ti\TivaWare_C_Series-2.1.4.178\usblib\ccs\Debug\</path>
         <kind>archive</kind>
         <file>usblib.lib</file>
         <name>usbmode.obj</name>
      </input_file>
      <input_file id="fl-dc">
         <path>C:\ti\TivaWare_C_Series-2.1.4.178\usblib\ccs\Debug\</path>
         <kind>archive</kind>
         <file>usblib.lib</file>
         <name>usbtick.obj</name>
      </input_file>
      <input_file id="fl-dd">
         <path>C:\ti\TivaWare_C_Series-2.1.4.178\usblib\ccs\Debug\</path>
         <kind>archive</kind>
         <file>usblib.lib</file>
         <name>usbulpi.obj</name>
      </input_file>
      <input_file id="fl-de">
         <path>C:\ti\TivaWare_C_Series-2.1.4.178\usblib\ccs\Debug\</path>
         <kind>archive</kind>
         <file>usblib.lib</file>
         <name>usbhostenum.obj</name>
      </input_file>
      <input_file id="fl-df">
         <path>C:\ti\TivaWare_C_Series-2.1.4.178\usblib\ccs\Debug\</path>
         <kind>archive</kind>
         <file>usblib.lib</file>
         <name>usbdcdesc.obj</name>
      </input_file>
      <input_file id="fl-e0">
         <path>C:\ti\TivaWare_C_Series-2.1.4.178\usblib\ccs\Debug\</path>
         <kind>archive</kind>
         <file>usblib.lib</file>
         <name>usbdconfig.obj</name>
      </input_file>
      <input_file id="fl-e1">
         <path>C:\ti\TivaWare_C_Series-2.1.4.178\usblib\ccs\Debug\</path>
         <kind>archive</kind>
         <file>usblib.lib</file>
         <name>usbdesc.obj</name>
      </input_file>
      <input_file id="fl-e2">
         <path>C:\ti\TivaWare_C_Series-2.1.4.178\usblib\ccs\Debug\</path>
         <kind>archive</kind>
         <file>usblib.lib</file>
         <name>usbhhub.obj</name>
      </input_file>
      <input_file id="fl-e3">
         <path>C:\ti\TivaWare_C_Series-2.1.4.178\driverlib\ccs\Debug\</path>
         <kind>archive</kind>
         <file>driverlib.lib</file>
         <name>udma.obj</name>
      </input_file>
      <input_file id="fl-e4">
         <path>C:\ti\TivaWare_C_Series-2.1.4.178\driverlib\ccs\Debug\</path>
         <kind>archive</kind>
         <file>driverlib.lib</file>
         <name>usb.obj</name>
      </input_file>
   </input_file_list>
   <object_component_list>
      <object_component id="oc-f">
         <name>.intvecs</name>
         <load_address>0x0</load_address>
         <run_address>0x0</run_address>
         <size>0x26c</size>
         <input_file_ref idref="fl-2"/>
      </object_component>
      <object_component id="oc-3b2">
         <name>.text:USBLibDMAInit</name>
         <load_address>0x26c</load_address>
         <run_address>0x26c</run_address>
         <size>0x160</size>
         <input_file_ref idref="fl-da"/>
      </object_component>
      <object_component id="oc-28c">
         <name>.text:USBDCDInit</name>
         <load_address>0x3cc</load_address>
         <run_address>0x3cc</run_address>
         <size>0x150</size>
         <input_file_ref idref="fl-d8"/>
      </object_component>
      <object_component id="oc-1e6">
         <name>.text:USBDEP0StateTxConfig</name>
         <load_address>0x51c</load_address>
         <run_address>0x51c</run_address>
         <size>0x150</size>
         <input_file_ref idref="fl-d8"/>
      </object_component>
      <object_component id="oc-96">
         <name>.text:USBDeviceIntHandlerInternal</name>
         <load_address>0x66c</load_address>
         <run_address>0x66c</run_address>
         <size>0x150</size>
         <input_file_ref idref="fl-d8"/>
      </object_component>
      <object_component id="oc-40a">
         <name>.text:USBDeviceConfig</name>
         <load_address>0x7bc</load_address>
         <run_address>0x7bc</run_address>
         <size>0x148</size>
         <input_file_ref idref="fl-e0"/>
      </object_component>
      <object_component id="oc-439">
         <name>.text:HandleRequest</name>
         <load_address>0x904</load_address>
         <run_address>0x904</run_address>
         <size>0x114</size>
         <input_file_ref idref="fl-d9"/>
      </object_component>
      <object_component id="oc-525">
         <name>.text:iDMAUSBTransfer</name>
         <load_address>0xa18</load_address>
         <run_address>0xa18</run_address>
         <size>0xf4</size>
         <input_file_ref idref="fl-da"/>
      </object_component>
      <object_component id="oc-303">
         <name>.text:USBDGetDescriptor</name>
         <load_address>0xb0c</load_address>
         <run_address>0xb0c</run_address>
         <size>0xe4</size>
         <input_file_ref idref="fl-d8"/>
      </object_component>
      <object_component id="oc-276">
         <name>.text:USBDHIDCompositeInit</name>
         <load_address>0xbf0</load_address>
         <run_address>0xbf0</run_address>
         <size>0xe0</size>
         <input_file_ref idref="fl-d9"/>
      </object_component>
      <object_component id="oc-135">
         <name>.text:USBDeviceEnumHandler</name>
         <load_address>0xcd0</load_address>
         <run_address>0xcd0</run_address>
         <size>0xd8</size>
         <input_file_ref idref="fl-d8"/>
      </object_component>
      <object_component id="oc-4b3">
         <name>.text:uDMAUSBChannelAllocate</name>
         <load_address>0xda8</load_address>
         <run_address>0xda8</run_address>
         <size>0xc4</size>
         <input_file_ref idref="fl-da"/>
      </object_component>
      <object_component id="oc-4f5">
         <name>.text:uDMAUSBTransfer</name>
         <load_address>0xe6c</load_address>
         <run_address>0xe6c</run_address>
         <size>0xbc</size>
         <input_file_ref idref="fl-da"/>
      </object_component>
      <object_component id="oc-56">
         <name>.text</name>
         <load_address>0xf28</load_address>
         <run_address>0xf28</run_address>
         <size>0x9c</size>
         <input_file_ref idref="fl-cb"/>
      </object_component>
      <object_component id="oc-321">
         <name>.text:USBDSetInterface</name>
         <load_address>0xfc4</load_address>
         <run_address>0xfc4</run_address>
         <size>0x98</size>
         <input_file_ref idref="fl-d8"/>
      </object_component>
      <object_component id="oc-315">
         <name>.text:USBDSetConfiguration</name>
         <load_address>0x105c</load_address>
         <run_address>0x105c</run_address>
         <size>0x90</size>
         <input_file_ref idref="fl-d8"/>
      </object_component>
      <object_component id="oc-41e">
         <name>.text:USBDeviceConfigAlternate</name>
         <load_address>0x10ec</load_address>
         <run_address>0x10ec</run_address>
         <size>0x8c</size>
         <input_file_ref idref="fl-e0"/>
      </object_component>
      <object_component id="oc-479">
         <name>.text:ProcessIdleTimers</name>
         <load_address>0x1178</load_address>
         <run_address>0x1178</run_address>
         <size>0x88</size>
         <input_file_ref idref="fl-d9"/>
      </object_component>
      <object_component id="oc-206">
         <name>.text:USBDHIDMouseCompositeInit</name>
         <load_address>0x1200</load_address>
         <run_address>0x1200</run_address>
         <size>0x84</size>
         <input_file_ref idref="fl-d7"/>
      </object_component>
      <object_component id="oc-507">
         <name>.text:iDMAUSBChannelAllocate</name>
         <load_address>0x1284</load_address>
         <run_address>0x1284</run_address>
         <size>0x84</size>
         <input_file_ref idref="fl-da"/>
      </object_component>
      <object_component id="oc-622">
         <name>.text:uDMAChannelTransferSet</name>
         <load_address>0x1308</load_address>
         <run_address>0x1308</run_address>
         <size>0x84</size>
         <input_file_ref idref="fl-e3"/>
      </object_component>
      <object_component id="oc-2f1">
         <name>.text:USBDClearFeature</name>
         <load_address>0x138c</load_address>
         <run_address>0x138c</run_address>
         <size>0x80</size>
         <input_file_ref idref="fl-d8"/>
      </object_component>
      <object_component id="oc-55f">
         <name>.text:USBDevEndpointConfigSet</name>
         <load_address>0x140c</load_address>
         <run_address>0x140c</run_address>
         <size>0x7a</size>
         <input_file_ref idref="fl-e4"/>
      </object_component>
      <object_component id="oc-30">
         <name>.text:FaultISR</name>
         <load_address>0x1486</load_address>
         <run_address>0x1486</run_address>
         <size>0x2</size>
         <input_file_ref idref="fl-2"/>
      </object_component>
      <object_component id="oc-2eb">
         <name>.text:USBDGetStatus</name>
         <load_address>0x1488</load_address>
         <run_address>0x1488</run_address>
         <size>0x78</size>
         <input_file_ref idref="fl-d8"/>
      </object_component>
      <object_component id="oc-27c">
         <name>.text:HIDMouseRxHandler</name>
         <load_address>0x1500</load_address>
         <run_address>0x1500</run_address>
         <size>0x76</size>
         <input_file_ref idref="fl-d7"/>
      </object_component>
      <object_component id="oc-36">
         <name>.text:IntDefaultHandler</name>
         <load_address>0x1576</load_address>
         <run_address>0x1576</run_address>
         <size>0x2</size>
         <input_file_ref idref="fl-2"/>
      </object_component>
      <object_component id="oc-1ec">
         <name>.text:USBDEP0StateTx</name>
         <load_address>0x1578</load_address>
         <run_address>0x1578</run_address>
         <size>0x70</size>
         <input_file_ref idref="fl-d8"/>
      </object_component>
      <object_component id="oc-4ad">
         <name>.text:uDMAUSBArbSizeSet</name>
         <load_address>0x15e8</load_address>
         <run_address>0x15e8</run_address>
         <size>0x70</size>
         <input_file_ref idref="fl-da"/>
      </object_component>
      <object_component id="oc-4fb">
         <name>.text:uDMAUSBUnitSizeSet</name>
         <load_address>0x1658</load_address>
         <run_address>0x1658</run_address>
         <size>0x70</size>
         <input_file_ref idref="fl-da"/>
      </object_component>
      <object_component id="oc-2f7">
         <name>.text:USBDSetFeature</name>
         <load_address>0x16c8</load_address>
         <run_address>0x16c8</run_address>
         <size>0x6c</size>
         <input_file_ref idref="fl-d8"/>
      </object_component>
      <object_component id="oc-5fb">
         <name>.text:IntDisable</name>
         <load_address>0x1734</load_address>
         <run_address>0x1734</run_address>
         <size>0x68</size>
         <input_file_ref idref="fl-d3"/>
      </object_component>
      <object_component id="oc-3ca">
         <name>.text:IntEnable</name>
         <load_address>0x179c</load_address>
         <run_address>0x179c</run_address>
         <size>0x68</size>
         <input_file_ref idref="fl-d3"/>
      </object_component>
      <object_component id="oc-12">
         <name>.text:decompress:lzss:__TI_decompress_lzss</name>
         <load_address>0x1804</load_address>
         <run_address>0x1804</run_address>
         <size>0x68</size>
         <input_file_ref idref="fl-c7"/>
      </object_component>
      <object_component id="oc-433">
         <name>.text:HandleGetDescriptor</name>
         <load_address>0x186c</load_address>
         <run_address>0x186c</run_address>
         <size>0x64</size>
         <input_file_ref idref="fl-d9"/>
      </object_component>
      <object_component id="oc-5f5">
         <name>.text:IntIsEnabled</name>
         <load_address>0x18d0</load_address>
         <run_address>0x18d0</run_address>
         <size>0x64</size>
         <input_file_ref idref="fl-d3"/>
      </object_component>
      <object_component id="oc-4bf">
         <name>.text:uDMAUSBChannelEnable</name>
         <load_address>0x1934</load_address>
         <run_address>0x1934</run_address>
         <size>0x64</size>
         <input_file_ref idref="fl-da"/>
      </object_component>
      <object_component id="oc-46f">
         <name>.text:HandleDevice</name>
         <load_address>0x1998</load_address>
         <run_address>0x1998</run_address>
         <size>0x60</size>
         <input_file_ref idref="fl-d9"/>
      </object_component>
      <object_component id="oc-5aa">
         <name>.text:ProcessDataFromHost</name>
         <load_address>0x19f8</load_address>
         <run_address>0x19f8</run_address>
         <size>0x60</size>
         <input_file_ref idref="fl-d9"/>
      </object_component>
      <object_component id="oc-1e0">
         <name>.text:USBDReadAndDispatchRequest</name>
         <load_address>0x1a58</load_address>
         <run_address>0x1a58</run_address>
         <size>0x60</size>
         <input_file_ref idref="fl-d8"/>
      </object_component>
      <object_component id="oc-1c8">
         <name>.text:USBDevEndpointStatusClear</name>
         <load_address>0x1ab8</load_address>
         <run_address>0x1ab8</run_address>
         <size>0x5e</size>
         <input_file_ref idref="fl-e4"/>
      </object_component>
      <object_component id="oc-583">
         <name>.text:FindHIDDescriptor</name>
         <load_address>0x1b16</load_address>
         <run_address>0x1b16</run_address>
         <size>0x5c</size>
         <input_file_ref idref="fl-d9"/>
      </object_component>
      <object_component id="oc-4d1">
         <name>.text:uDMAUSBChannelRelease</name>
         <load_address>0x1b72</load_address>
         <run_address>0x1b72</run_address>
         <size>0x56</size>
         <input_file_ref idref="fl-da"/>
      </object_component>
      <object_component id="oc-5b0">
         <name>.text:ProcessDataToHost</name>
         <load_address>0x1bc8</load_address>
         <run_address>0x1bc8</run_address>
         <size>0x54</size>
         <input_file_ref idref="fl-d9"/>
      </object_component>
      <object_component id="oc-388">
         <name>.text:ULPIConfigSet</name>
         <load_address>0x1c1c</load_address>
         <run_address>0x1c1c</run_address>
         <size>0x52</size>
         <input_file_ref idref="fl-dd"/>
      </object_component>
      <object_component id="oc-2a">
         <name>.text:NmiSR</name>
         <load_address>0x1c6e</load_address>
         <run_address>0x1c6e</run_address>
         <size>0x2</size>
         <input_file_ref idref="fl-2"/>
      </object_component>
      <object_component id="oc-36a">
         <name>.text:SysCtlPeripheralReset</name>
         <load_address>0x1c70</load_address>
         <run_address>0x1c70</run_address>
         <size>0x50</size>
         <input_file_ref idref="fl-d4"/>
      </object_component>
      <object_component id="oc-553">
         <name>.text:USBDCDConfigDescGet</name>
         <load_address>0x1cc0</load_address>
         <run_address>0x1cc0</run_address>
         <size>0x50</size>
         <input_file_ref idref="fl-df"/>
      </object_component>
      <object_component id="oc-117">
         <name>.text:USBDeviceResumeTickHandler</name>
         <load_address>0x1d10</load_address>
         <run_address>0x1d10</run_address>
         <size>0x50</size>
         <input_file_ref idref="fl-d8"/>
      </object_component>
      <object_component id="oc-559">
         <name>.text:GetEPDescriptorType</name>
         <load_address>0x1d60</load_address>
         <run_address>0x1d60</run_address>
         <size>0x4c</size>
         <input_file_ref idref="fl-e0"/>
      </object_component>
      <object_component id="oc-401">
         <name>.text:USBDStringIndexFromRequest</name>
         <load_address>0x1dac</load_address>
         <run_address>0x1dac</run_address>
         <size>0x4c</size>
         <input_file_ref idref="fl-d8"/>
      </object_component>
      <object_component id="oc-62e">
         <name>.text:USBEndpointDMAConfigSet</name>
         <load_address>0x1df8</load_address>
         <run_address>0x1df8</run_address>
         <size>0x4c</size>
         <input_file_ref idref="fl-e4"/>
      </object_component>
      <object_component id="oc-531">
         <name>.text:iDMAUSBChannelEnable</name>
         <load_address>0x1e44</load_address>
         <run_address>0x1e44</run_address>
         <size>0x4c</size>
         <input_file_ref idref="fl-da"/>
      </object_component>
      <object_component id="oc-57a">
         <name>.text:ConfigAlternateInterfaceGet</name>
         <load_address>0x1e90</load_address>
         <run_address>0x1e90</run_address>
         <size>0x4a</size>
         <input_file_ref idref="fl-df"/>
      </object_component>
      <object_component id="oc-5b8">
         <name>.text:USBDHIDReportWrite</name>
         <load_address>0x1eda</load_address>
         <run_address>0x1eda</run_address>
         <size>0x4a</size>
         <input_file_ref idref="fl-d9"/>
      </object_component>
      <object_component id="oc-3f8">
         <name>.text:USBDevEndpointStallClear</name>
         <load_address>0x1f24</load_address>
         <run_address>0x1f24</run_address>
         <size>0x4a</size>
         <input_file_ref idref="fl-e4"/>
      </object_component>
      <object_component id="oc-4b9">
         <name>.text:uDMAUSBChannelDisable</name>
         <load_address>0x1f6e</load_address>
         <run_address>0x1f6e</run_address>
         <size>0x4a</size>
         <input_file_ref idref="fl-da"/>
      </object_component>
      <object_component id="oc-59c">
         <name>.text:SetIdleTimeout</name>
         <load_address>0x1fb8</load_address>
         <run_address>0x1fb8</run_address>
         <size>0x48</size>
         <input_file_ref idref="fl-d9"/>
      </object_component>
      <object_component id="oc-111">
         <name>.text:USBDeviceEnumResetHandler</name>
         <load_address>0x2000</load_address>
         <run_address>0x2000</run_address>
         <size>0x48</size>
         <input_file_ref idref="fl-d8"/>
      </object_component>
      <object_component id="oc-5e1">
         <name>.text:uDMAChannelAttributeDisable</name>
         <load_address>0x2048</load_address>
         <run_address>0x2048</run_address>
         <size>0x48</size>
         <input_file_ref idref="fl-e3"/>
      </object_component>
      <object_component id="oc-1d4">
         <name>.text:USBEndpointDataGet</name>
         <load_address>0x2090</load_address>
         <run_address>0x2090</run_address>
         <size>0x46</size>
         <input_file_ref idref="fl-e4"/>
      </object_component>
      <object_component id="oc-501">
         <name>.text:iDMAUSBArbSizeSet</name>
         <load_address>0x20d6</load_address>
         <run_address>0x20d6</run_address>
         <size>0x2</size>
         <input_file_ref idref="fl-da"/>
      </object_component>
      <object_component id="oc-33b">
         <name>.text:USBDCDDeviceInfoInit</name>
         <load_address>0x20d8</load_address>
         <run_address>0x20d8</run_address>
         <size>0x44</size>
         <input_file_ref idref="fl-d8"/>
      </object_component>
      <object_component id="oc-31b">
         <name>.text:USBDGetInterface</name>
         <load_address>0x211c</load_address>
         <run_address>0x211c</run_address>
         <size>0x44</size>
         <input_file_ref idref="fl-d8"/>
      </object_component>
      <object_component id="oc-179">
         <name>.text:__TI_auto_init_nobinit_nopinit:__TI_auto_init_nobinit_nopinit</name>
         <load_address>0x2160</load_address>
         <run_address>0x2160</run_address>
         <size>0x44</size>
         <input_file_ref idref="fl-cc"/>
      </object_component>
      <object_component id="oc-6aa">
         <name>.text:ScheduleReportTransmission</name>
         <load_address>0x21a4</load_address>
         <run_address>0x21a4</run_address>
         <size>0x40</size>
         <input_file_ref idref="fl-d9"/>
      </object_component>
      <object_component id="oc-52b">
         <name>.text:iDMAUSBChannelRelease</name>
         <load_address>0x21e4</load_address>
         <run_address>0x21e4</run_address>
         <size>0x3c</size>
         <input_file_ref idref="fl-da"/>
      </object_component>
      <object_component id="oc-56b">
         <name>.text:USBFIFOConfigSet</name>
         <load_address>0x2220</load_address>
         <run_address>0x2220</run_address>
         <size>0x3a</size>
         <input_file_ref idref="fl-e4"/>
      </object_component>
      <object_component id="oc-53d">
         <name>.text:iDMAUSBUnitSizeSet</name>
         <load_address>0x225a</load_address>
         <run_address>0x225a</run_address>
         <size>0x2</size>
         <input_file_ref idref="fl-da"/>
      </object_component>
      <object_component id="oc-34d">
         <name>.text:InternalUSBRegisterTickHandler</name>
         <load_address>0x225c</load_address>
         <run_address>0x225c</run_address>
         <size>0x38</size>
         <input_file_ref idref="fl-dc"/>
      </object_component>
      <object_component id="oc-11d">
         <name>.text:InternalUSBStartOfFrameTick</name>
         <load_address>0x2294</load_address>
         <run_address>0x2294</run_address>
         <size>0x38</size>
         <input_file_ref idref="fl-dc"/>
      </object_component>
      <object_component id="oc-335">
         <name>.text:USBDCDConfigGetInterfaceEndpoint</name>
         <load_address>0x22cc</load_address>
         <run_address>0x22cc</run_address>
         <size>0x38</size>
         <input_file_ref idref="fl-df"/>
      </object_component>
      <object_component id="oc-90">
         <name>.text:USBIntStatusControl</name>
         <load_address>0x2304</load_address>
         <run_address>0x2304</run_address>
         <size>0x38</size>
         <input_file_ref idref="fl-e4"/>
      </object_component>
      <object_component id="oc-469">
         <name>.text:HandleEndpoints</name>
         <load_address>0x233c</load_address>
         <run_address>0x233c</run_address>
         <size>0x36</size>
         <input_file_ref idref="fl-d9"/>
      </object_component>
      <object_component id="oc-262">
         <name>.text:USBEndpointDataPut</name>
         <load_address>0x2372</load_address>
         <run_address>0x2372</run_address>
         <size>0x36</size>
         <input_file_ref idref="fl-e4"/>
      </object_component>
      <object_component id="oc-359">
         <name>.text:HIDTickHandler</name>
         <load_address>0x23a8</load_address>
         <run_address>0x23a8</run_address>
         <size>0x34</size>
         <input_file_ref idref="fl-d9"/>
      </object_component>
      <object_component id="oc-217">
         <name>.text:MouseHandler</name>
         <load_address>0x23dc</load_address>
         <run_address>0x23dc</run_address>
         <size>0x34</size>
         <input_file_ref idref="fl-3"/>
      </object_component>
      <object_component id="oc-370">
         <name>.text:SysCtlPeripheralEnable</name>
         <load_address>0x2410</load_address>
         <run_address>0x2410</run_address>
         <size>0x34</size>
         <input_file_ref idref="fl-d4"/>
      </object_component>
      <object_component id="oc-163">
         <name>.text:USBDHIDMouseInit</name>
         <load_address>0x2444</load_address>
         <run_address>0x2444</run_address>
         <size>0x34</size>
         <input_file_ref idref="fl-d7"/>
      </object_component>
      <object_component id="oc-268">
         <name>.text:USBEndpointDataSend</name>
         <load_address>0x2478</load_address>
         <run_address>0x2478</run_address>
         <size>0x34</size>
         <input_file_ref idref="fl-e4"/>
      </object_component>
      <object_component id="oc-74">
         <name>.text:_c_int00_noargs:_c_int00_noargs</name>
         <load_address>0x24ac</load_address>
         <run_address>0x24ac</run_address>
         <size>0x34</size>
         <input_file_ref idref="fl-c8"/>
      </object_component>
      <object_component id="oc-50d">
         <name>.text:iDMAUSBChannelStatus</name>
         <load_address>0x24e0</load_address>
         <run_address>0x24e0</run_address>
         <size>0x34</size>
         <input_file_ref idref="fl-da"/>
      </object_component>
      <object_component id="oc-6b1">
         <name>.text:ClearReportTimer</name>
         <load_address>0x2514</load_address>
         <run_address>0x2514</run_address>
         <size>0x32</size>
         <input_file_ref idref="fl-d9"/>
      </object_component>
      <object_component id="oc-43f">
         <name>.text:HandleConfigChange</name>
         <load_address>0x2546</load_address>
         <run_address>0x2546</run_address>
         <size>0x32</size>
         <input_file_ref idref="fl-d9"/>
      </object_component>
      <object_component id="oc-428">
         <name>.text:NextConfigDescGet</name>
         <load_address>0x2578</load_address>
         <run_address>0x2578</run_address>
         <size>0x32</size>
         <input_file_ref idref="fl-df"/>
      </object_component>
      <object_component id="oc-2e2">
         <name>.text:USBDevEndpointStall</name>
         <load_address>0x25aa</load_address>
         <run_address>0x25aa</run_address>
         <size>0x32</size>
         <input_file_ref idref="fl-e4"/>
      </object_component>
      <object_component id="oc-537">
         <name>.text:iDMAUSBChannelDisable</name>
         <load_address>0x25dc</load_address>
         <run_address>0x25dc</run_address>
         <size>0x32</size>
         <input_file_ref idref="fl-da"/>
      </object_component>
      <object_component id="oc-4dd">
         <name>.text:DMAUSBIntHandler</name>
         <load_address>0x260e</load_address>
         <run_address>0x260e</run_address>
         <size>0x30</size>
         <input_file_ref idref="fl-da"/>
      </object_component>
      <object_component id="oc-4cb">
         <name>.text:uDMAUSBChannelIntDisable</name>
         <load_address>0x263e</load_address>
         <run_address>0x263e</run_address>
         <size>0x2</size>
         <input_file_ref idref="fl-da"/>
      </object_component>
      <object_component id="oc-347">
         <name>.text:InternalUSBTickInit</name>
         <load_address>0x2640</load_address>
         <run_address>0x2640</run_address>
         <size>0x30</size>
         <input_file_ref idref="fl-dc"/>
      </object_component>
      <object_component id="oc-30f">
         <name>.text:USBDGetConfiguration</name>
         <load_address>0x2670</load_address>
         <run_address>0x2670</run_address>
         <size>0x30</size>
         <input_file_ref idref="fl-d8"/>
      </object_component>
      <object_component id="oc-689">
         <name>.text:USBDescGet</name>
         <load_address>0x26a0</load_address>
         <run_address>0x26a0</run_address>
         <size>0x2c</size>
         <input_file_ref idref="fl-e1"/>
      </object_component>
      <object_component id="oc-4e3">
         <name>.text:uDMAUSBIntStatus</name>
         <load_address>0x26cc</load_address>
         <run_address>0x26cc</run_address>
         <size>0x2c</size>
         <input_file_ref idref="fl-da"/>
      </object_component>
      <object_component id="oc-412">
         <name>.text:USBDCDConfigDescGetNum</name>
         <load_address>0x26f8</load_address>
         <run_address>0x26f8</run_address>
         <size>0x2a</size>
         <input_file_ref idref="fl-df"/>
      </object_component>
      <object_component id="oc-573">
         <name>.text:USBDescGetNum</name>
         <load_address>0x2722</load_address>
         <run_address>0x2722</run_address>
         <size>0x2a</size>
         <input_file_ref idref="fl-e1"/>
      </object_component>
      <object_component id="oc-1da">
         <name>.text:USBDevEndpointDataAck</name>
         <load_address>0x274c</load_address>
         <run_address>0x274c</run_address>
         <size>0x2a</size>
         <input_file_ref idref="fl-e4"/>
      </object_component>
      <object_component id="oc-596">
         <name>.text:GetIdleTimeout</name>
         <load_address>0x2776</load_address>
         <run_address>0x2776</run_address>
         <size>0x28</size>
         <input_file_ref idref="fl-d9"/>
      </object_component>
      <object_component id="oc-445">
         <name>.text:HandleEP0DataReceived</name>
         <load_address>0x279e</load_address>
         <run_address>0x279e</run_address>
         <size>0x28</size>
         <input_file_ref idref="fl-d9"/>
      </object_component>
      <object_component id="oc-4c5">
         <name>.text:uDMAUSBChannelIntEnable</name>
         <load_address>0x27c6</load_address>
         <run_address>0x27c6</run_address>
         <size>0x2</size>
         <input_file_ref idref="fl-da"/>
      </object_component>
      <object_component id="oc-2fd">
         <name>.text:USBDSetAddress</name>
         <load_address>0x27c8</load_address>
         <run_address>0x27c8</run_address>
         <size>0x28</size>
         <input_file_ref idref="fl-d8"/>
      </object_component>
      <object_component id="oc-3b8">
         <name>.text:USBIntEnableControl</name>
         <load_address>0x27f0</load_address>
         <run_address>0x27f0</run_address>
         <size>0x28</size>
         <input_file_ref idref="fl-e4"/>
      </object_component>
      <object_component id="oc-613">
         <name>.text:uDMAChannelModeGet</name>
         <load_address>0x2818</load_address>
         <run_address>0x2818</run_address>
         <size>0x28</size>
         <input_file_ref idref="fl-e3"/>
      </object_component>
      <object_component id="oc-20c">
         <name>.text:USBDHIDInit</name>
         <load_address>0x2840</load_address>
         <run_address>0x2840</run_address>
         <size>0x26</size>
         <input_file_ref idref="fl-d9"/>
      </object_component>
      <object_component id="oc-5e7">
         <name>.text:USBEndpointDMADisable</name>
         <load_address>0x2866</load_address>
         <run_address>0x2866</run_address>
         <size>0x24</size>
         <input_file_ref idref="fl-e4"/>
      </object_component>
      <object_component id="oc-601">
         <name>.text:USBEndpointDMAEnable</name>
         <load_address>0x288a</load_address>
         <run_address>0x288a</run_address>
         <size>0x24</size>
         <input_file_ref idref="fl-e4"/>
      </object_component>
      <object_component id="oc-5d4">
         <name>.text:uDMAChannelControlSet</name>
         <load_address>0x28b0</load_address>
         <run_address>0x28b0</run_address>
         <size>0x24</size>
         <input_file_ref idref="fl-e3"/>
      </object_component>
      <object_component id="oc-463">
         <name>.text:HandleDisconnect</name>
         <load_address>0x28d4</load_address>
         <run_address>0x28d4</run_address>
         <size>0x22</size>
         <input_file_ref idref="fl-d9"/>
      </object_component>
      <object_component id="oc-4d7">
         <name>.text:uDMAUSBChannelStatus</name>
         <load_address>0x28f6</load_address>
         <run_address>0x28f6</run_address>
         <size>0x22</size>
         <input_file_ref idref="fl-da"/>
      </object_component>
      <object_component id="oc-565">
         <name>.text:GetEndpointFIFOSize</name>
         <load_address>0x2918</load_address>
         <run_address>0x2918</run_address>
         <size>0x20</size>
         <input_file_ref idref="fl-e0"/>
      </object_component>
      <object_component id="oc-44b">
         <name>.text:HandleEP0DataSent</name>
         <load_address>0x2938</load_address>
         <run_address>0x2938</run_address>
         <size>0x20</size>
         <input_file_ref idref="fl-d9"/>
      </object_component>
      <object_component id="oc-490">
         <name>.text:USBULPIRegRead</name>
         <load_address>0x2958</load_address>
         <run_address>0x2958</run_address>
         <size>0x1e</size>
         <input_file_ref idref="fl-e4"/>
      </object_component>
      <object_component id="oc-496">
         <name>.text:USBULPIRegWrite</name>
         <load_address>0x2976</load_address>
         <run_address>0x2976</run_address>
         <size>0x1e</size>
         <input_file_ref idref="fl-e4"/>
      </object_component>
      <object_component id="oc-282">
         <name>.text:HIDMouseTxHandler</name>
         <load_address>0x2994</load_address>
         <run_address>0x2994</run_address>
         <size>0x1c</size>
         <input_file_ref idref="fl-d7"/>
      </object_component>
      <object_component id="oc-418">
         <name>.text:USBDCDConfigGetInterface</name>
         <load_address>0x29b0</load_address>
         <run_address>0x29b0</run_address>
         <size>0x1c</size>
         <input_file_ref idref="fl-df"/>
      </object_component>
      <object_component id="oc-24f">
         <name>.text:USBDCDStallEP0</name>
         <load_address>0x29cc</load_address>
         <run_address>0x29cc</run_address>
         <size>0x1c</size>
         <input_file_ref idref="fl-d8"/>
      </object_component>
      <object_component id="oc-47f">
         <name>.text:USBEndpointDataAvail</name>
         <load_address>0x29e8</load_address>
         <run_address>0x29e8</run_address>
         <size>0x1c</size>
         <input_file_ref idref="fl-e4"/>
      </object_component>
      <object_component id="oc-62">
         <name>.text:decompress:ZI:__TI_zero_init_nomemset:__TI_zero_init_nomemset</name>
         <load_address>0x2a04</load_address>
         <run_address>0x2a04</run_address>
         <size>0x1c</size>
         <input_file_ref idref="fl-c5"/>
      </object_component>
      <object_component id="oc-341">
         <name>.text:ClearIdleTimers</name>
         <load_address>0x2a20</load_address>
         <run_address>0x2a20</run_address>
         <size>0x1a</size>
         <input_file_ref idref="fl-d9"/>
      </object_component>
      <object_component id="oc-25c">
         <name>.text:USBDCDConfigDescGetSize</name>
         <load_address>0x2a3a</load_address>
         <run_address>0x2a3a</run_address>
         <size>0x1a</size>
         <input_file_ref idref="fl-df"/>
      </object_component>
      <object_component id="oc-5db">
         <name>.text:USBEndpointDMAChannel</name>
         <load_address>0x2a54</load_address>
         <run_address>0x2a54</run_address>
         <size>0x1a</size>
         <input_file_ref idref="fl-e4"/>
      </object_component>
      <object_component id="oc-5be">
         <name>.text:SetDeferredOpFlag</name>
         <load_address>0x2a6e</load_address>
         <run_address>0x2a6e</run_address>
         <size>0x18</size>
         <input_file_ref idref="fl-d9"/>
      </object_component>
      <object_component id="oc-42">
         <name>.text:USB0DeviceIntHandler</name>
         <load_address>0x2a88</load_address>
         <run_address>0x2a88</run_address>
         <size>0x18</size>
         <input_file_ref idref="fl-d6"/>
      </object_component>
      <object_component id="oc-309">
         <name>.text:USBDSetDescriptor</name>
         <load_address>0x2aa0</load_address>
         <run_address>0x2aa0</run_address>
         <size>0x18</size>
         <input_file_ref idref="fl-d8"/>
      </object_component>
      <object_component id="oc-327">
         <name>.text:USBDSyncFrame</name>
         <load_address>0x2ab8</load_address>
         <run_address>0x2ab8</run_address>
         <size>0x18</size>
         <input_file_ref idref="fl-d8"/>
      </object_component>
      <object_component id="oc-5ee">
         <name>.text:uDMAChannelDisable</name>
         <load_address>0x2ad0</load_address>
         <run_address>0x2ad0</run_address>
         <size>0x18</size>
         <input_file_ref idref="fl-e3"/>
      </object_component>
      <object_component id="oc-607">
         <name>.text:uDMAChannelEnable</name>
         <load_address>0x2ae8</load_address>
         <run_address>0x2ae8</run_address>
         <size>0x18</size>
         <input_file_ref idref="fl-e3"/>
      </object_component>
      <object_component id="oc-3be">
         <name>.text:USBIntEnableEndpoint</name>
         <load_address>0x2b00</load_address>
         <run_address>0x2b00</run_address>
         <size>0x16</size>
         <input_file_ref idref="fl-e4"/>
      </object_component>
      <object_component id="oc-376">
         <name>.text:SysCtlUSBPLLEnable</name>
         <load_address>0x2b18</load_address>
         <run_address>0x2b18</run_address>
         <size>0x14</size>
         <input_file_ref idref="fl-d4"/>
      </object_component>
      <object_component id="oc-590">
         <name>.text:USBDCDRequestDataEP0</name>
         <load_address>0x2b2c</load_address>
         <run_address>0x2b2c</run_address>
         <size>0x14</size>
         <input_file_ref idref="fl-d8"/>
      </object_component>
      <object_component id="oc-589">
         <name>.text:USBDCDSendDataEP0</name>
         <load_address>0x2b40</load_address>
         <run_address>0x2b40</run_address>
         <size>0x14</size>
         <input_file_ref idref="fl-d8"/>
      </object_component>
      <object_component id="oc-666">
         <name>.text:USBDMAChannelConfigSet</name>
         <load_address>0x2b54</load_address>
         <run_address>0x2b54</run_address>
         <size>0x14</size>
         <input_file_ref idref="fl-e4"/>
      </object_component>
      <object_component id="oc-1b3">
         <name>.text:USBHostResume</name>
         <load_address>0x2b68</load_address>
         <run_address>0x2b68</run_address>
         <size>0x14</size>
         <input_file_ref idref="fl-e4"/>
      </object_component>
      <object_component id="oc-693">
         <name>.text:_USBIndexWrite</name>
         <load_address>0x2b7c</load_address>
         <run_address>0x2b7c</run_address>
         <size>0x14</size>
         <input_file_ref idref="fl-e4"/>
      </object_component>
      <object_component id="oc-45d">
         <name>.text:HandleResume</name>
         <load_address>0x2b90</load_address>
         <run_address>0x2b90</run_address>
         <size>0x12</size>
         <input_file_ref idref="fl-d9"/>
      </object_component>
      <object_component id="oc-457">
         <name>.text:HandleSuspend</name>
         <load_address>0x2ba2</load_address>
         <run_address>0x2ba2</run_address>
         <size>0x12</size>
         <input_file_ref idref="fl-d9"/>
      </object_component>
      <object_component id="oc-637">
         <name>.text:USBDMAChannelDisable</name>
         <load_address>0x2bb4</load_address>
         <run_address>0x2bb4</run_address>
         <size>0x12</size>
         <input_file_ref idref="fl-e4"/>
      </object_component>
      <object_component id="oc-66c">
         <name>.text:USBDMAChannelEnable</name>
         <load_address>0x2bc6</load_address>
         <run_address>0x2bc6</run_address>
         <size>0x12</size>
         <input_file_ref idref="fl-e4"/>
      </object_component>
      <object_component id="oc-653">
         <name>.text:USBDMAChannelIntDisable</name>
         <load_address>0x2bd8</load_address>
         <run_address>0x2bd8</run_address>
         <size>0x12</size>
         <input_file_ref idref="fl-e4"/>
      </object_component>
      <object_component id="oc-64c">
         <name>.text:USBDMAChannelIntEnable</name>
         <load_address>0x2bea</load_address>
         <run_address>0x2bea</run_address>
         <size>0x12</size>
         <input_file_ref idref="fl-e4"/>
      </object_component>
      <object_component id="oc-3c">
         <name>.text:SysTickIntHandler</name>
         <load_address>0x2bfc</load_address>
         <run_address>0x2bfc</run_address>
         <size>0x10</size>
         <input_file_ref idref="fl-3"/>
      </object_component>
      <object_component id="oc-1c2">
         <name>.text:USBEndpointStatus</name>
         <load_address>0x2c0c</load_address>
         <run_address>0x2c0c</run_address>
         <size>0x10</size>
         <input_file_ref idref="fl-e4"/>
      </object_component>
      <object_component id="oc-cf">
         <name>.text:main</name>
         <load_address>0x2c1c</load_address>
         <run_address>0x2c1c</run_address>
         <size>0x10</size>
         <input_file_ref idref="fl-3"/>
      </object_component>
      <object_component id="oc-4e9">
         <name>.text:DMAUSBIntStatusClear</name>
         <load_address>0x2c2c</load_address>
         <run_address>0x2c2c</run_address>
         <size>0xe</size>
         <input_file_ref idref="fl-da"/>
      </object_component>
      <object_component id="oc-63e">
         <name>.text:USBDMAChannelStatus</name>
         <load_address>0x2c3a</load_address>
         <run_address>0x2c3a</run_address>
         <size>0xe</size>
         <input_file_ref idref="fl-e4"/>
      </object_component>
      <object_component id="oc-3a0">
         <name>.text:USBDevLPMDisable</name>
         <load_address>0x2c48</load_address>
         <run_address>0x2c48</run_address>
         <size>0xe</size>
         <input_file_ref idref="fl-e4"/>
      </object_component>
      <object_component id="oc-129">
         <name>.text:USBDevLPMEnable</name>
         <load_address>0x2c56</load_address>
         <run_address>0x2c56</run_address>
         <size>0xe</size>
         <input_file_ref idref="fl-e4"/>
      </object_component>
      <object_component id="oc-38e">
         <name>.text:USBULPIDisable</name>
         <load_address>0x2c64</load_address>
         <run_address>0x2c64</run_address>
         <size>0xe</size>
         <input_file_ref idref="fl-e4"/>
      </object_component>
      <object_component id="oc-382">
         <name>.text:USBULPIEnable</name>
         <load_address>0x2c72</load_address>
         <run_address>0x2c72</run_address>
         <size>0xe</size>
         <input_file_ref idref="fl-e4"/>
      </object_component>
      <object_component id="oc-18">
         <name>.text:decompress:none:__TI_decompress_none</name>
         <load_address>0x2c80</load_address>
         <run_address>0x2c80</run_address>
         <size>0xe</size>
         <input_file_ref idref="fl-c6"/>
      </object_component>
      <object_component id="oc-628">
         <name>.text:USBEndpointPacketCountSet</name>
         <load_address>0x2c8e</load_address>
         <run_address>0x2c8e</run_address>
         <size>0xc</size>
         <input_file_ref idref="fl-e4"/>
      </object_component>
      <object_component id="oc-3ac">
         <name>.text:USBLPMIntEnable</name>
         <load_address>0x2c9a</load_address>
         <run_address>0x2c9a</run_address>
         <size>0xc</size>
         <input_file_ref idref="fl-e4"/>
      </object_component>
      <object_component id="oc-37c">
         <name>.text:USBClockEnable</name>
         <load_address>0x2ca6</load_address>
         <run_address>0x2ca6</run_address>
         <size>0xa</size>
         <input_file_ref idref="fl-e4"/>
      </object_component>
      <object_component id="oc-4a4">
         <name>.text:USBControllerVersion</name>
         <load_address>0x2cb0</load_address>
         <run_address>0x2cb0</run_address>
         <size>0xa</size>
         <input_file_ref idref="fl-e4"/>
      </object_component>
      <object_component id="oc-65a">
         <name>.text:USBDMAChannelAddressSet</name>
         <load_address>0x2cba</load_address>
         <run_address>0x2cba</run_address>
         <size>0xa</size>
         <input_file_ref idref="fl-e4"/>
      </object_component>
      <object_component id="oc-660">
         <name>.text:USBDMAChannelCountSet</name>
         <load_address>0x2cc4</load_address>
         <run_address>0x2cc4</run_address>
         <size>0xa</size>
         <input_file_ref idref="fl-e4"/>
      </object_component>
      <object_component id="oc-3c4">
         <name>.text:USBDevConnect</name>
         <load_address>0x2cce</load_address>
         <run_address>0x2cce</run_address>
         <size>0xa</size>
         <input_file_ref idref="fl-e4"/>
      </object_component>
      <object_component id="oc-13b">
         <name>.text:USBDevDisconnect</name>
         <load_address>0x2cd8</load_address>
         <run_address>0x2cd8</run_address>
         <size>0xa</size>
         <input_file_ref idref="fl-e4"/>
      </object_component>
      <object_component id="oc-12f">
         <name>.text:USBIntStatusEndpoint</name>
         <load_address>0x2ce2</load_address>
         <run_address>0x2ce2</run_address>
         <size>0xa</size>
         <input_file_ref idref="fl-e4"/>
      </object_component>
      <object_component id="oc-39a">
         <name>.text:USBDevMode</name>
         <load_address>0x2cec</load_address>
         <run_address>0x2cec</run_address>
         <size>0x8</size>
         <input_file_ref idref="fl-e4"/>
      </object_component>
      <object_component id="oc-61c">
         <name>.text:USBFIFOAddrGet</name>
         <load_address>0x2cf4</load_address>
         <run_address>0x2cf4</run_address>
         <size>0x8</size>
         <input_file_ref idref="fl-e4"/>
      </object_component>
      <object_component id="oc-394">
         <name>.text:USBOTGMode</name>
         <load_address>0x2cfc</load_address>
         <run_address>0x2cfc</run_address>
         <size>0x8</size>
         <input_file_ref idref="fl-e4"/>
      </object_component>
      <object_component id="oc-51f">
         <name>.text:iDMAUSBChannelIntDisable</name>
         <load_address>0x2d04</load_address>
         <run_address>0x2d04</run_address>
         <size>0x8</size>
         <input_file_ref idref="fl-da"/>
      </object_component>
      <object_component id="oc-519">
         <name>.text:iDMAUSBChannelIntEnable</name>
         <load_address>0x2d0c</load_address>
         <run_address>0x2d0c</run_address>
         <size>0x8</size>
         <input_file_ref idref="fl-da"/>
      </object_component>
      <object_component id="oc-24">
         <name>.text:ResetISR</name>
         <load_address>0x2d14</load_address>
         <run_address>0x2d14</run_address>
         <size>0x6</size>
         <input_file_ref idref="fl-2"/>
      </object_component>
      <object_component id="oc-645">
         <name>.text:USBDMAChannelIntStatus</name>
         <load_address>0x2d1a</load_address>
         <run_address>0x2d1a</run_address>
         <size>0x6</size>
         <input_file_ref idref="fl-e4"/>
      </object_component>
      <object_component id="oc-3a6">
         <name>.text:USBDevLPMConfig</name>
         <load_address>0x2d20</load_address>
         <run_address>0x2d20</run_address>
         <size>0x6</size>
         <input_file_ref idref="fl-e4"/>
      </object_component>
      <object_component id="oc-123">
         <name>.text:USBLPMIntStatus</name>
         <load_address>0x2d26</load_address>
         <run_address>0x2d26</run_address>
         <size>0x6</size>
         <input_file_ref idref="fl-e4"/>
      </object_component>
      <object_component id="oc-513">
         <name>.text:iDMAUSBIntStatus</name>
         <load_address>0x2d2c</load_address>
         <run_address>0x2d2c</run_address>
         <size>0x6</size>
         <input_file_ref idref="fl-da"/>
      </object_component>
      <object_component id="oc-4ef">
         <name>.text:DMAUSBStatus</name>
         <load_address>0x2d32</load_address>
         <run_address>0x2d32</run_address>
         <size>0x4</size>
         <input_file_ref idref="fl-da"/>
      </object_component>
      <object_component id="oc-451">
         <name>.text:HandleReset</name>
         <load_address>0x2d36</load_address>
         <run_address>0x2d36</run_address>
         <size>0x4</size>
         <input_file_ref idref="fl-d9"/>
      </object_component>
      <object_component id="oc-1ce">
         <name>.text:USBDevAddrSet</name>
         <load_address>0x2d3a</load_address>
         <run_address>0x2d3a</run_address>
         <size>0x4</size>
         <input_file_ref idref="fl-e4"/>
      </object_component>
      <object_component id="oc-c9">
         <name>.text:_system_pre_init</name>
         <load_address>0x2d3e</load_address>
         <run_address>0x2d3e</run_address>
         <size>0x4</size>
         <input_file_ref idref="fl-cd"/>
      </object_component>
      <object_component id="oc-16d">
         <name>.text:abort:abort</name>
         <load_address>0x2d42</load_address>
         <run_address>0x2d42</run_address>
         <size>0x4</size>
         <input_file_ref idref="fl-cf"/>
      </object_component>
      <object_component id="oc-548">
         <name>.const</name>
         <load_address>0x2d48</load_address>
         <run_address>0x2d48</run_address>
         <size>0x70</size>
         <input_file_ref idref="fl-d3"/>
      </object_component>
      <object_component id="oc-258">
         <name>.const:g_psUSBDStdRequests</name>
         <load_address>0x2db8</load_address>
         <run_address>0x2db8</run_address>
         <size>0x34</size>
         <input_file_ref idref="fl-d8"/>
      </object_component>
      <object_component id="oc-365">
         <name>.const:.string:g_pui8MouseReportDescriptor</name>
         <load_address>0x2dec</load_address>
         <run_address>0x2dec</run_address>
         <size>0x32</size>
         <input_file_ref idref="fl-d7"/>
      </object_component>
      <object_component id="oc-2bb">
         <name>.const:.string:g_pui8ConfigString</name>
         <load_address>0x2e1e</load_address>
         <run_address>0x2e1e</run_address>
         <size>0x30</size>
         <input_file_ref idref="fl-4"/>
      </object_component>
      <object_component id="oc-353">
         <name>.const:g_sHIDHandlers</name>
         <load_address>0x2e50</load_address>
         <run_address>0x2e50</run_address>
         <size>0x30</size>
         <input_file_ref idref="fl-d9"/>
      </object_component>
      <object_component id="oc-288">
         <name>.const</name>
         <load_address>0x2e80</load_address>
         <run_address>0x2e80</run_address>
         <size>0x2c</size>
         <input_file_ref idref="fl-d7"/>
      </object_component>
      <object_component id="oc-2b8">
         <name>.const:.string:g_pui8HIDInterfaceString</name>
         <load_address>0x2eac</load_address>
         <run_address>0x2eac</run_address>
         <size>0x28</size>
         <input_file_ref idref="fl-4"/>
      </object_component>
      <object_component id="oc-2af">
         <name>.const:.string:g_pui8ManufacturerString</name>
         <load_address>0x2ed4</load_address>
         <run_address>0x2ed4</run_address>
         <size>0x24</size>
         <input_file_ref idref="fl-4"/>
      </object_component>
      <object_component id="oc-2b2">
         <name>.const:.string:g_pui8ProductString</name>
         <load_address>0x2ef8</load_address>
         <run_address>0x2ef8</run_address>
         <size>0x1c</size>
         <input_file_ref idref="fl-4"/>
      </object_component>
      <object_component id="oc-21d">
         <name>.const:g_ppui8StringDescriptors</name>
         <load_address>0x2f14</load_address>
         <run_address>0x2f14</run_address>
         <size>0x18</size>
         <input_file_ref idref="fl-4"/>
      </object_component>
      <object_component id="oc-2b5">
         <name>.const:.string:g_pui8SerialNumberString</name>
         <load_address>0x2f2c</load_address>
         <run_address>0x2f2c</run_address>
         <size>0x12</size>
         <input_file_ref idref="fl-4"/>
      </object_component>
      <object_component id="oc-362">
         <name>.const:.string</name>
         <load_address>0x2f3e</load_address>
         <run_address>0x2f3e</run_address>
         <size>0x7</size>
         <input_file_ref idref="fl-d7"/>
      </object_component>
      <object_component id="oc-2ac">
         <name>.const:.string:g_pui8LangDescriptor</name>
         <load_address>0x2f45</load_address>
         <run_address>0x2f45</run_address>
         <size>0x4</size>
         <input_file_ref idref="fl-4"/>
      </object_component>
      <object_component id="oc-711">
         <name>.cinit..data.load</name>
         <load_address>0x2f50</load_address>
         <run_address>0x2f50</run_address>
         <size>0x72</size>
      </object_component>
      <object_component id="oc-70f">
         <name>__TI_handler_table</name>
         <load_address>0x2fc4</load_address>
         <run_address>0x2fc4</run_address>
         <size>0xc</size>
      </object_component>
      <object_component id="oc-712">
         <name>.cinit..bss.load</name>
         <load_address>0x2fd0</load_address>
         <run_address>0x2fd0</run_address>
         <size>0x8</size>
      </object_component>
      <object_component id="oc-710">
         <name>__TI_cinit_table</name>
         <load_address>0x2fd8</load_address>
         <run_address>0x2fd8</run_address>
         <size>0x10</size>
      </object_component>
      <object_component id="oc-2a7">
         <name>.data</name>
         <load_address>0x200006ba</load_address>
         <run_address>0x200006ba</run_address>
         <size>0x1</size>
         <input_file_ref idref="fl-3"/>
      </object_component>
      <object_component id="oc-169">
         <name>.data:g_sMouseDevice</name>
         <load_address>0x200005e0</load_address>
         <run_address>0x200005e0</run_address>
         <size>0x94</size>
         <input_file_ref idref="fl-4"/>
      </object_component>
      <object_component id="oc-212">
         <name>.data</name>
         <load_address>0x20000674</load_address>
         <run_address>0x20000674</run_address>
         <size>0x34</size>
         <input_file_ref idref="fl-d7"/>
      </object_component>
      <object_component id="oc-14a">
         <name>.data</name>
         <load_address>0x200006d4</load_address>
         <run_address>0x200006d4</run_address>
         <size>0x8</size>
         <input_file_ref idref="fl-d8"/>
      </object_component>
      <object_component id="oc-356">
         <name>.data</name>
         <load_address>0x200006a8</load_address>
         <run_address>0x200006a8</run_address>
         <size>0x12</size>
         <input_file_ref idref="fl-d9"/>
      </object_component>
      <object_component id="oc-3d0">
         <name>.data</name>
         <load_address>0x200006c8</load_address>
         <run_address>0x200006c8</run_address>
         <size>0x9</size>
         <input_file_ref idref="fl-db"/>
      </object_component>
      <object_component id="oc-147">
         <name>.data</name>
         <load_address>0x200006bc</load_address>
         <run_address>0x200006bc</run_address>
         <size>0xc</size>
         <input_file_ref idref="fl-dc"/>
      </object_component>
      <object_component id="oc-255">
         <name>.bss:g_pui8DataBufferIn</name>
         <uninitialized>true</uninitialized>
         <run_address>0x20000560</run_address>
         <size>0x40</size>
         <input_file_ref idref="fl-d8"/>
      </object_component>
      <object_component id="oc-144">
         <name>.bss:g_psDCDInst</name>
         <uninitialized>true</uninitialized>
         <run_address>0x20000510</run_address>
         <size>0x50</size>
         <input_file_ref idref="fl-d8"/>
      </object_component>
      <object_component id="oc-4aa">
         <name>.bss:g_psUSBDMAInst</name>
         <uninitialized>true</uninitialized>
         <run_address>0x20000400</run_address>
         <size>0x110</size>
         <input_file_ref idref="fl-da"/>
      </object_component>
      <object_component id="oc-8c">
         <name>.common:g_ui32SysTickCount</name>
         <uninitialized>true</uninitialized>
         <run_address>0x200005d4</run_address>
         <size>0x4</size>
      </object_component>
      <object_component id="oc-2aa">
         <name>.common:g_bConnected</name>
         <uninitialized>true</uninitialized>
         <run_address>0x200005dc</run_address>
         <size>0x1</size>
      </object_component>
      <object_component id="oc-3d3">
         <name>.common:g_ui32ULPISupport</name>
         <uninitialized>true</uninitialized>
         <run_address>0x200005d8</run_address>
         <size>0x4</size>
      </object_component>
      <object_component id="oc-141">
         <name>.common:g_ppsDevInfo</name>
         <uninitialized>true</uninitialized>
         <run_address>0x200005d0</run_address>
         <size>0x4</size>
      </object_component>
      <object_component id="oc-1ba">
         <name>.common:g_pfnTickHandlers</name>
         <uninitialized>true</uninitialized>
         <run_address>0x200005a0</run_address>
         <size>0x18</size>
      </object_component>
      <object_component id="oc-1bd">
         <name>.common:g_pvTickInstance</name>
         <uninitialized>true</uninitialized>
         <run_address>0x200005b8</run_address>
         <size>0x18</size>
      </object_component>
      <object_component id="oc-21">
         <name>.stack</name>
         <uninitialized>true</uninitialized>
         <run_address>0x20000000</run_address>
         <size>0x4</size>
         <input_file_ref idref="fl-c8"/>
      </object_component>
      <object_component id="oc-713">
         <name>.stack</name>
         <uninitialized>true</uninitialized>
         <run_address>0x20000000</run_address>
         <size>0x0</size>
      </object_component>
      <object_component id="oc-4a">
         <name>.debug_info</name>
         <load_address>0x0</load_address>
         <run_address>0x0</run_address>
         <size>0x2fe</size>
         <input_file_ref idref="fl-2"/>
      </object_component>
      <object_component id="oc-10">
         <name>.debug_info</name>
         <load_address>0x2fe</load_address>
         <run_address>0x2fe</run_address>
         <size>0xe3</size>
         <input_file_ref idref="fl-2"/>
      </object_component>
      <object_component id="oc-28">
         <name>.debug_info</name>
         <load_address>0x3e1</load_address>
         <run_address>0x3e1</run_address>
         <size>0x113</size>
         <input_file_ref idref="fl-2"/>
      </object_component>
      <object_component id="oc-2d">
         <name>.debug_info</name>
         <load_address>0x4f4</load_address>
         <run_address>0x4f4</run_address>
         <size>0x104</size>
         <input_file_ref idref="fl-2"/>
      </object_component>
      <object_component id="oc-37">
         <name>.debug_info</name>
         <load_address>0x5f8</load_address>
         <run_address>0x5f8</run_address>
         <size>0x11c</size>
         <input_file_ref idref="fl-2"/>
      </object_component>
      <object_component id="oc-31">
         <name>.debug_info</name>
         <load_address>0x714</load_address>
         <run_address>0x714</run_address>
         <size>0x10a</size>
         <input_file_ref idref="fl-2"/>
      </object_component>
      <object_component id="oc-a4">
         <name>.debug_info</name>
         <load_address>0x81e</load_address>
         <run_address>0x81e</run_address>
         <size>0x26b</size>
         <input_file_ref idref="fl-2"/>
      </object_component>
      <object_component id="oc-51">
         <name>.debug_info</name>
         <load_address>0xa89</load_address>
         <run_address>0xa89</run_address>
         <size>0x84</size>
         <input_file_ref idref="fl-2"/>
      </object_component>
      <object_component id="oc-14e">
         <name>.debug_info</name>
         <load_address>0xb0d</load_address>
         <run_address>0xb0d</run_address>
         <size>0x297</size>
         <input_file_ref idref="fl-2"/>
      </object_component>
      <object_component id="oc-a9">
         <name>.debug_info</name>
         <load_address>0xda4</load_address>
         <run_address>0xda4</run_address>
         <size>0xbb</size>
         <input_file_ref idref="fl-2"/>
      </object_component>
      <object_component id="oc-8d">
         <name>.debug_info</name>
         <load_address>0xe5f</load_address>
         <run_address>0xe5f</run_address>
         <size>0x752</size>
         <input_file_ref idref="fl-3"/>
      </object_component>
      <object_component id="oc-2a8">
         <name>.debug_info</name>
         <load_address>0x15b1</load_address>
         <run_address>0x15b1</run_address>
         <size>0xe8</size>
         <input_file_ref idref="fl-3"/>
      </object_component>
      <object_component id="oc-d0">
         <name>.debug_info</name>
         <load_address>0x1699</load_address>
         <run_address>0x1699</run_address>
         <size>0x129</size>
         <input_file_ref idref="fl-3"/>
      </object_component>
      <object_component id="oc-3d">
         <name>.debug_info</name>
         <load_address>0x17c2</load_address>
         <run_address>0x17c2</run_address>
         <size>0x12e</size>
         <input_file_ref idref="fl-3"/>
      </object_component>
      <object_component id="oc-218">
         <name>.debug_info</name>
         <load_address>0x18f0</load_address>
         <run_address>0x18f0</run_address>
         <size>0x196</size>
         <input_file_ref idref="fl-3"/>
      </object_component>
      <object_component id="oc-e3">
         <name>.debug_info</name>
         <load_address>0x1a86</load_address>
         <run_address>0x1a86</run_address>
         <size>0x3d4</size>
         <input_file_ref idref="fl-3"/>
      </object_component>
      <object_component id="oc-e8">
         <name>.debug_info</name>
         <load_address>0x1e5a</load_address>
         <run_address>0x1e5a</run_address>
         <size>0x1b4</size>
         <input_file_ref idref="fl-3"/>
      </object_component>
      <object_component id="oc-ed">
         <name>.debug_info</name>
         <load_address>0x200e</load_address>
         <run_address>0x200e</run_address>
         <size>0x234</size>
         <input_file_ref idref="fl-3"/>
      </object_component>
      <object_component id="oc-f2">
         <name>.debug_info</name>
         <load_address>0x2242</load_address>
         <run_address>0x2242</run_address>
         <size>0x48</size>
         <input_file_ref idref="fl-3"/>
      </object_component>
      <object_component id="oc-fb">
         <name>.debug_info</name>
         <load_address>0x228a</load_address>
         <run_address>0x228a</run_address>
         <size>0xa85</size>
         <input_file_ref idref="fl-3"/>
      </object_component>
      <object_component id="oc-f6">
         <name>.debug_info</name>
         <load_address>0x2d0f</load_address>
         <run_address>0x2d0f</run_address>
         <size>0x153</size>
         <input_file_ref idref="fl-3"/>
      </object_component>
      <object_component id="oc-100">
         <name>.debug_info</name>
         <load_address>0x2e62</load_address>
         <run_address>0x2e62</run_address>
         <size>0x6bd</size>
         <input_file_ref idref="fl-3"/>
      </object_component>
      <object_component id="oc-1ab">
         <name>.debug_info</name>
         <load_address>0x351f</load_address>
         <run_address>0x351f</run_address>
         <size>0xe4</size>
         <input_file_ref idref="fl-3"/>
      </object_component>
      <object_component id="oc-105">
         <name>.debug_info</name>
         <load_address>0x3603</load_address>
         <run_address>0x3603</run_address>
         <size>0xc6</size>
         <input_file_ref idref="fl-3"/>
      </object_component>
      <object_component id="oc-10a">
         <name>.debug_info</name>
         <load_address>0x36c9</load_address>
         <run_address>0x36c9</run_address>
         <size>0x8b</size>
         <input_file_ref idref="fl-3"/>
      </object_component>
      <object_component id="oc-2c0">
         <name>.debug_info</name>
         <load_address>0x3754</load_address>
         <run_address>0x3754</run_address>
         <size>0x36d</size>
         <input_file_ref idref="fl-4"/>
      </object_component>
      <object_component id="oc-2ad">
         <name>.debug_info</name>
         <load_address>0x3ac1</load_address>
         <run_address>0x3ac1</run_address>
         <size>0xf9</size>
         <input_file_ref idref="fl-4"/>
      </object_component>
      <object_component id="oc-2b0">
         <name>.debug_info</name>
         <load_address>0x3bba</load_address>
         <run_address>0x3bba</run_address>
         <size>0x101</size>
         <input_file_ref idref="fl-4"/>
      </object_component>
      <object_component id="oc-2b3">
         <name>.debug_info</name>
         <load_address>0x3cbb</load_address>
         <run_address>0x3cbb</run_address>
         <size>0xf7</size>
         <input_file_ref idref="fl-4"/>
      </object_component>
      <object_component id="oc-2b6">
         <name>.debug_info</name>
         <load_address>0x3db2</load_address>
         <run_address>0x3db2</run_address>
         <size>0x101</size>
         <input_file_ref idref="fl-4"/>
      </object_component>
      <object_component id="oc-2b9">
         <name>.debug_info</name>
         <load_address>0x3eb3</load_address>
         <run_address>0x3eb3</run_address>
         <size>0x101</size>
         <input_file_ref idref="fl-4"/>
      </object_component>
      <object_component id="oc-2bc">
         <name>.debug_info</name>
         <load_address>0x3fb4</load_address>
         <run_address>0x3fb4</run_address>
         <size>0xf5</size>
         <input_file_ref idref="fl-4"/>
      </object_component>
      <object_component id="oc-21e">
         <name>.debug_info</name>
         <load_address>0x40a9</load_address>
         <run_address>0x40a9</run_address>
         <size>0x101</size>
         <input_file_ref idref="fl-4"/>
      </object_component>
      <object_component id="oc-16a">
         <name>.debug_info</name>
         <load_address>0x41aa</load_address>
         <run_address>0x41aa</run_address>
         <size>0xed</size>
         <input_file_ref idref="fl-4"/>
      </object_component>
      <object_component id="oc-c2">
         <name>.debug_info</name>
         <load_address>0x4297</load_address>
         <run_address>0x4297</run_address>
         <size>0x2d5</size>
         <input_file_ref idref="fl-c5"/>
      </object_component>
      <object_component id="oc-63">
         <name>.debug_info</name>
         <load_address>0x456c</load_address>
         <run_address>0x456c</run_address>
         <size>0x1d3</size>
         <input_file_ref idref="fl-c5"/>
      </object_component>
      <object_component id="oc-bd">
         <name>.debug_info</name>
         <load_address>0x473f</load_address>
         <run_address>0x473f</run_address>
         <size>0x46</size>
         <input_file_ref idref="fl-c5"/>
      </object_component>
      <object_component id="oc-15a">
         <name>.debug_info</name>
         <load_address>0x4785</load_address>
         <run_address>0x4785</run_address>
         <size>0x2c</size>
         <input_file_ref idref="fl-c5"/>
      </object_component>
      <object_component id="oc-61">
         <name>.debug_info</name>
         <load_address>0x47b1</load_address>
         <run_address>0x47b1</run_address>
         <size>0x2a9</size>
         <input_file_ref idref="fl-c6"/>
      </object_component>
      <object_component id="oc-19">
         <name>.debug_info</name>
         <load_address>0x4a5a</load_address>
         <run_address>0x4a5a</run_address>
         <size>0x1eb</size>
         <input_file_ref idref="fl-c6"/>
      </object_component>
      <object_component id="oc-5c">
         <name>.debug_info</name>
         <load_address>0x4c45</load_address>
         <run_address>0x4c45</run_address>
         <size>0x46</size>
         <input_file_ref idref="fl-c6"/>
      </object_component>
      <object_component id="oc-b5">
         <name>.debug_info</name>
         <load_address>0x4c8b</load_address>
         <run_address>0x4c8b</run_address>
         <size>0x2c</size>
         <input_file_ref idref="fl-c6"/>
      </object_component>
      <object_component id="oc-b3">
         <name>.debug_info</name>
         <load_address>0x4cb7</load_address>
         <run_address>0x4cb7</run_address>
         <size>0x29f</size>
         <input_file_ref idref="fl-c7"/>
      </object_component>
      <object_component id="oc-14">
         <name>.debug_info</name>
         <load_address>0x4f56</load_address>
         <run_address>0x4f56</run_address>
         <size>0x251</size>
         <input_file_ref idref="fl-c7"/>
      </object_component>
      <object_component id="oc-4c">
         <name>.debug_info</name>
         <load_address>0x51a7</load_address>
         <run_address>0x51a7</run_address>
         <size>0x60</size>
         <input_file_ref idref="fl-c7"/>
      </object_component>
      <object_component id="oc-153">
         <name>.debug_info</name>
         <load_address>0x5207</load_address>
         <run_address>0x5207</run_address>
         <size>0x46</size>
         <input_file_ref idref="fl-c7"/>
      </object_component>
      <object_component id="oc-ae">
         <name>.debug_info</name>
         <load_address>0x524d</load_address>
         <run_address>0x524d</run_address>
         <size>0x39</size>
         <input_file_ref idref="fl-c7"/>
      </object_component>
      <object_component id="oc-22">
         <name>.debug_info</name>
         <load_address>0x5286</load_address>
         <run_address>0x5286</run_address>
         <size>0x10c</size>
         <input_file_ref idref="fl-c8"/>
      </object_component>
      <object_component id="oc-76">
         <name>.debug_info</name>
         <load_address>0x5392</load_address>
         <run_address>0x5392</run_address>
         <size>0x1aa</size>
         <input_file_ref idref="fl-c8"/>
      </object_component>
      <object_component id="oc-58">
         <name>.debug_info</name>
         <load_address>0x553c</load_address>
         <run_address>0x553c</run_address>
         <size>0x11a</size>
         <input_file_ref idref="fl-cb"/>
      </object_component>
      <object_component id="oc-22d">
         <name>.debug_info</name>
         <load_address>0x5656</load_address>
         <run_address>0x5656</run_address>
         <size>0x4b4</size>
         <input_file_ref idref="fl-cc"/>
      </object_component>
      <object_component id="oc-17c">
         <name>.debug_info</name>
         <load_address>0x5b0a</load_address>
         <run_address>0x5b0a</run_address>
         <size>0x1a7</size>
         <input_file_ref idref="fl-cc"/>
      </object_component>
      <object_component id="oc-2d1">
         <name>.debug_info</name>
         <load_address>0x5cb1</load_address>
         <run_address>0x5cb1</run_address>
         <size>0x39</size>
         <input_file_ref idref="fl-cc"/>
      </object_component>
      <object_component id="oc-3ea">
         <name>.debug_info</name>
         <load_address>0x5cea</load_address>
         <run_address>0x5cea</run_address>
         <size>0x39</size>
         <input_file_ref idref="fl-cc"/>
      </object_component>
      <object_component id="oc-2d6">
         <name>.debug_info</name>
         <load_address>0x5d23</load_address>
         <run_address>0x5d23</run_address>
         <size>0x39</size>
         <input_file_ref idref="fl-cc"/>
      </object_component>
      <object_component id="oc-2db">
         <name>.debug_info</name>
         <load_address>0x5d5c</load_address>
         <run_address>0x5d5c</run_address>
         <size>0xcd</size>
         <input_file_ref idref="fl-cc"/>
      </object_component>
      <object_component id="oc-cd">
         <name>.debug_info</name>
         <load_address>0x5e29</load_address>
         <run_address>0x5e29</run_address>
         <size>0x154</size>
         <input_file_ref idref="fl-cd"/>
      </object_component>
      <object_component id="oc-171">
         <name>.debug_info</name>
         <load_address>0x5f7d</load_address>
         <run_address>0x5f7d</run_address>
         <size>0x123</size>
         <input_file_ref idref="fl-cf"/>
      </object_component>
      <object_component id="oc-9d">
         <name>.debug_info</name>
         <load_address>0x60a0</load_address>
         <run_address>0x60a0</run_address>
         <size>0x18b</size>
         <input_file_ref idref="fl-d2"/>
      </object_component>
      <object_component id="oc-54c">
         <name>.debug_info</name>
         <load_address>0x622b</load_address>
         <run_address>0x622b</run_address>
         <size>0x20e</size>
         <input_file_ref idref="fl-d3"/>
      </object_component>
      <object_component id="oc-549">
         <name>.debug_info</name>
         <load_address>0x6439</load_address>
         <run_address>0x6439</run_address>
         <size>0x210</size>
         <input_file_ref idref="fl-d3"/>
      </object_component>
      <object_component id="oc-5f6">
         <name>.debug_info</name>
         <load_address>0x6649</load_address>
         <run_address>0x6649</run_address>
         <size>0x2a1</size>
         <input_file_ref idref="fl-d3"/>
      </object_component>
      <object_component id="oc-3cc">
[...]
         <value>0x2c81</value>
         <object_component_ref idref="oc-18"/>
      </symbol>
      <symbol id="sm-161">
         <name>__TI_decompress_lzss</name>
         <value>0x1805</value>
         <object_component_ref idref="oc-12"/>
      </symbol>
      <symbol id="sm-174">
         <name>__stack</name>
         <value>0x20000000</value>
         <object_component_ref idref="oc-21"/>
      </symbol>
      <symbol id="sm-175">
         <name>_c_int00_noargs</name>
         <value>0x24ad</value>
         <object_component_ref idref="oc-74"/>
      </symbol>
      <symbol id="sm-192">
         <name>memcpy</name>
         <value>0xf29</value>
         <object_component_ref idref="oc-56"/>
      </symbol>
      <symbol id="sm-193">
         <name>__aeabi_memcpy</name>
         <value>0xf29</value>
         <object_component_ref idref="oc-56"/>
      </symbol>
      <symbol id="sm-194">
         <name>__aeabi_memcpy8</name>
         <value>0xf29</value>
         <object_component_ref idref="oc-56"/>
      </symbol>
      <symbol id="sm-195">
         <name>__aeabi_memcpy4</name>
         <value>0xf29</value>
         <object_component_ref idref="oc-56"/>
      </symbol>
      <symbol id="sm-1bd">
         <name>__TI_auto_init_nobinit_nopinit</name>
         <value>0x2161</value>
         <object_component_ref idref="oc-179"/>
      </symbol>
      <symbol id="sm-1c7">
         <name>_system_pre_init</name>
         <value>0x2d3f</value>
         <object_component_ref idref="oc-c9"/>
      </symbol>
      <symbol id="sm-1d3">
         <name>C$$EXIT</name>
         <value>0x2d43</value>
         <object_component_ref idref="oc-16d"/>
      </symbol>
      <symbol id="sm-1d4">
         <name>abort</name>
         <value>0x2d43</value>
         <object_component_ref idref="oc-16d"/>
      </symbol>
      <symbol id="sm-227">
         <name>IntIsEnabled</name>
         <value>0x18d1</value>
         <object_component_ref idref="oc-5f5"/>
      </symbol>
      <symbol id="sm-228">
         <name>IntEnable</name>
         <value>0x179d</value>
         <object_component_ref idref="oc-3ca"/>
      </symbol>
      <symbol id="sm-229">
         <name>IntDisable</name>
         <value>0x1735</value>
         <object_component_ref idref="oc-5fb"/>
      </symbol>
      <symbol id="sm-253">
         <name>SysCtlPeripheralEnable</name>
         <value>0x2411</value>
         <object_component_ref idref="oc-370"/>
      </symbol>
      <symbol id="sm-254">
         <name>SysCtlUSBPLLEnable</name>
         <value>0x2b19</value>
         <object_component_ref idref="oc-376"/>
      </symbol>
      <symbol id="sm-255">
         <name>SysCtlPeripheralReset</name>
         <value>0x1c71</value>
         <object_component_ref idref="oc-36a"/>
      </symbol>
      <symbol id="sm-279">
         <name>USB0DeviceIntHandler</name>
         <value>0x2a89</value>
         <object_component_ref idref="oc-42"/>
      </symbol>
      <symbol id="sm-2e5">
         <name>USBDHIDMouseInit</name>
         <value>0x2445</value>
         <object_component_ref idref="oc-163"/>
      </symbol>
      <symbol id="sm-2e6">
         <name>g_pui8HIDInEndpoint</name>
         <value>0x2f3e</value>
         <object_component_ref idref="oc-362"/>
      </symbol>
      <symbol id="sm-2e7">
         <name>g_pui8HIDInterface</name>
         <value>0x2000067d</value>
         <object_component_ref idref="oc-212"/>
      </symbol>
      <symbol id="sm-2e8">
         <name>USBDHIDMouseCompositeInit</name>
         <value>0x1201</value>
         <object_component_ref idref="oc-206"/>
      </symbol>
      <symbol id="sm-2e9">
         <name>g_sHIDConfigSection</name>
         <value>0x2e8c</value>
         <object_component_ref idref="oc-288"/>
      </symbol>
      <symbol id="sm-2ea">
         <name>g_sHIDInEndpointSection</name>
         <value>0x2e9c</value>
         <object_component_ref idref="oc-288"/>
      </symbol>
      <symbol id="sm-2eb">
         <name>g_pui8MouseDescriptor</name>
         <value>0x20000674</value>
         <object_component_ref idref="oc-212"/>
      </symbol>
      <symbol id="sm-2ec">
         <name>g_sHIDInterfaceSection</name>
         <value>0x2e94</value>
         <object_component_ref idref="oc-288"/>
      </symbol>
      <symbol id="sm-2ed">
         <name>g_sHIDConfigHeader</name>
         <value>0x200006a0</value>
         <object_component_ref idref="oc-212"/>
      </symbol>
      <symbol id="sm-2ee">
         <name>g_sHIDDescriptorSection</name>
         <value>0x20000688</value>
         <object_component_ref idref="oc-212"/>
      </symbol>
      <symbol id="sm-2ef">
         <name>g_ppsHIDConfigDescriptors</name>
         <value>0x2ea4</value>
         <object_component_ref idref="oc-288"/>
      </symbol>
      <symbol id="sm-2f0">
         <name>g_psHIDSections</name>
         <value>0x20000690</value>
         <object_component_ref idref="oc-212"/>
      </symbol>
      <symbol id="sm-48b">
         <name>g_ppsDevInfo</name>
         <value>0x200005d0</value>
      </symbol>
      <symbol id="sm-48c">
         <name>USBDCDSendDataEP0</name>
         <value>0x2b41</value>
         <object_component_ref idref="oc-589"/>
      </symbol>
      <symbol id="sm-48d">
         <name>USBDCDStallEP0</name>
         <value>0x29cd</value>
         <object_component_ref idref="oc-24f"/>
      </symbol>
      <symbol id="sm-48e">
         <name>USBDCDRequestDataEP0</name>
         <value>0x2b2d</value>
         <object_component_ref idref="oc-590"/>
      </symbol>
      <symbol id="sm-48f">
         <name>USBDeviceEnumHandler</name>
         <value>0xcd1</value>
         <object_component_ref idref="oc-135"/>
      </symbol>
      <symbol id="sm-490">
         <name>USBDCDInit</name>
         <value>0x3cd</value>
         <object_component_ref idref="oc-28c"/>
      </symbol>
      <symbol id="sm-491">
         <name>USBDeviceEnumResetHandler</name>
         <value>0x2001</value>
         <object_component_ref idref="oc-111"/>
      </symbol>
      <symbol id="sm-492">
         <name>g_psDCDInst</name>
         <value>0x20000510</value>
         <object_component_ref idref="oc-144"/>
      </symbol>
      <symbol id="sm-493">
         <name>USBDCDDeviceInfoInit</name>
         <value>0x20d9</value>
         <object_component_ref idref="oc-33b"/>
      </symbol>
      <symbol id="sm-494">
         <name>USBDeviceIntHandlerInternal</name>
         <value>0x66d</value>
         <object_component_ref idref="oc-96"/>
      </symbol>
      <symbol id="sm-495">
         <name>USBDeviceResumeTickHandler</name>
         <value>0x1d11</value>
         <object_component_ref idref="oc-117"/>
      </symbol>
      <symbol id="sm-5d1">
         <name>USBDHIDInit</name>
         <value>0x2841</value>
         <object_component_ref idref="oc-20c"/>
      </symbol>
      <symbol id="sm-5d2">
         <name>USBDHIDReportWrite</name>
         <value>0x1edb</value>
         <object_component_ref idref="oc-5b8"/>
      </symbol>
      <symbol id="sm-5d3">
         <name>g_sHIDHandlers</name>
         <value>0x2e50</value>
         <object_component_ref idref="oc-353"/>
      </symbol>
      <symbol id="sm-5d4">
         <name>USBDHIDCompositeInit</name>
         <value>0xbf1</value>
         <object_component_ref idref="oc-276"/>
      </symbol>
      <symbol id="sm-5d5">
         <name>g_pui8HIDDeviceDescriptor</name>
         <value>0x200006a8</value>
         <object_component_ref idref="oc-356"/>
      </symbol>
      <symbol id="sm-71a">
         <name>USBLibDMAInit</name>
         <value>0x26d</value>
         <object_component_ref idref="oc-3b2"/>
      </symbol>
      <symbol id="sm-738">
         <name>g_iUSBMode</name>
         <value>0x200006c8</value>
         <object_component_ref idref="oc-3d0"/>
      </symbol>
      <symbol id="sm-739">
         <name>g_ui32WaitTicks</name>
         <value>0x200006cc</value>
         <object_component_ref idref="oc-3d0"/>
      </symbol>
      <symbol id="sm-771">
         <name>g_pfnTickHandlers</name>
         <value>0x200005a0</value>
      </symbol>
      <symbol id="sm-772">
         <name>g_pvTickInstance</name>
         <value>0x200005b8</value>
      </symbol>
      <symbol id="sm-773">
         <name>g_ui32USBSOFCount</name>
         <value>0x200006c4</value>
         <object_component_ref idref="oc-147"/>
      </symbol>
      <symbol id="sm-774">
         <name>g_bUSBTimerInitialized</name>
         <value>0x200006bc</value>
         <object_component_ref idref="oc-147"/>
      </symbol>
      <symbol id="sm-775">
         <name>g_ui32CurrentUSBTick</name>
         <value>0x200006c0</value>
         <object_component_ref idref="oc-147"/>
      </symbol>
      <symbol id="sm-776">
         <name>InternalUSBStartOfFrameTick</name>
         <value>0x2295</value>
         <object_component_ref idref="oc-11d"/>
      </symbol>
      <symbol id="sm-777">
         <name>InternalUSBRegisterTickHandler</name>
         <value>0x225d</value>
         <object_component_ref idref="oc-34d"/>
      </symbol>
      <symbol id="sm-778">
         <name>InternalUSBTickInit</name>
         <value>0x2641</value>
         <object_component_ref idref="oc-347"/>
      </symbol>
      <symbol id="sm-785">
         <name>ULPIConfigSet</name>
         <value>0x1c1d</value>
         <object_component_ref idref="oc-388"/>
      </symbol>
      <symbol id="sm-7d6">
         <name>USBDCDConfigDescGet</name>
         <value>0x1cc1</value>
         <object_component_ref idref="oc-553"/>
      </symbol>
      <symbol id="sm-7d7">
         <name>USBDCDConfigGetInterface</name>
         <value>0x29b1</value>
         <object_component_ref idref="oc-418"/>
      </symbol>
      <symbol id="sm-7d8">
         <name>USBDCDConfigDescGetSize</name>
         <value>0x2a3b</value>
         <object_component_ref idref="oc-25c"/>
      </symbol>
      <symbol id="sm-7d9">
         <name>USBDCDConfigGetInterfaceEndpoint</name>
         <value>0x22cd</value>
         <object_component_ref idref="oc-335"/>
      </symbol>
      <symbol id="sm-7da">
         <name>USBDCDConfigDescGetNum</name>
         <value>0x26f9</value>
         <object_component_ref idref="oc-412"/>
      </symbol>
      <symbol id="sm-827">
         <name>USBDeviceConfigAlternate</name>
         <value>0x10ed</value>
         <object_component_ref idref="oc-41e"/>
      </symbol>
      <symbol id="sm-828">
         <name>USBDeviceConfig</name>
         <value>0x7bd</value>
         <object_component_ref idref="oc-40a"/>
      </symbol>
      <symbol id="sm-84b">
         <name>USBDescGet</name>
         <value>0x26a1</value>
         <object_component_ref idref="oc-689"/>
      </symbol>
      <symbol id="sm-84c">
         <name>USBDescGetNum</name>
         <value>0x2723</value>
         <object_component_ref idref="oc-573"/>
      </symbol>
      <symbol id="sm-898">
         <name>uDMAChannelControlSet</name>
         <value>0x28b1</value>
         <object_component_ref idref="oc-5d4"/>
      </symbol>
      <symbol id="sm-899">
         <name>uDMAChannelDisable</name>
         <value>0x2ad1</value>
         <object_component_ref idref="oc-5ee"/>
      </symbol>
      <symbol id="sm-89a">
         <name>uDMAChannelModeGet</name>
         <value>0x2819</value>
         <object_component_ref idref="oc-613"/>
      </symbol>
      <symbol id="sm-89b">
         <name>uDMAChannelTransferSet</name>
         <value>0x1309</value>
         <object_component_ref idref="oc-622"/>
      </symbol>
      <symbol id="sm-89c">
         <name>uDMAChannelAttributeDisable</name>
         <value>0x2049</value>
         <object_component_ref idref="oc-5e1"/>
      </symbol>
      <symbol id="sm-89d">
         <name>uDMAChannelEnable</name>
         <value>0x2ae9</value>
         <object_component_ref idref="oc-607"/>
      </symbol>
      <symbol id="sm-a4c">
         <name>USBLPMIntEnable</name>
         <value>0x2c9b</value>
         <object_component_ref idref="oc-3ac"/>
      </symbol>
      <symbol id="sm-a4d">
         <name>USBEndpointDataAvail</name>
         <value>0x29e9</value>
         <object_component_ref idref="oc-47f"/>
      </symbol>
      <symbol id="sm-a4e">
         <name>USBClockEnable</name>
         <value>0x2ca7</value>
         <object_component_ref idref="oc-37c"/>
      </symbol>
      <symbol id="sm-a4f">
         <name>USBDevDisconnect</name>
         <value>0x2cd9</value>
         <object_component_ref idref="oc-13b"/>
      </symbol>
      <symbol id="sm-a50">
         <name>USBDevEndpointStallClear</name>
         <value>0x1f25</value>
         <object_component_ref idref="oc-3f8"/>
      </symbol>
      <symbol id="sm-a51">
         <name>USBEndpointDataPut</name>
         <value>0x2373</value>
         <object_component_ref idref="oc-262"/>
      </symbol>
      <symbol id="sm-a52">
         <name>USBDMAChannelIntStatus</name>
         <value>0x2d1b</value>
         <object_component_ref idref="oc-645"/>
      </symbol>
      <symbol id="sm-a53">
         <name>USBDevAddrSet</name>
         <value>0x2d3b</value>
         <object_component_ref idref="oc-1ce"/>
      </symbol>
      <symbol id="sm-a54">
         <name>USBDMAChannelCountSet</name>
         <value>0x2cc5</value>
         <object_component_ref idref="oc-660"/>
      </symbol>
      <symbol id="sm-a55">
         <name>USBLPMIntStatus</name>
         <value>0x2d27</value>
         <object_component_ref idref="oc-123"/>
      </symbol>
      <symbol id="sm-a56">
         <name>USBDMAChannelAddressSet</name>
         <value>0x2cbb</value>
         <object_component_ref idref="oc-65a"/>
      </symbol>
      <symbol id="sm-a57">
         <name>USBULPIDisable</name>
         <value>0x2c65</value>
         <object_component_ref idref="oc-38e"/>
      </symbol>
      <symbol id="sm-a58">
         <name>USBIntStatusControl</name>
         <value>0x2305</value>
         <object_component_ref idref="oc-90"/>
      </symbol>
      <symbol id="sm-a59">
         <name>USBEndpointDMADisable</name>
         <value>0x2867</value>
         <object_component_ref idref="oc-5e7"/>
      </symbol>
      <symbol id="sm-a5a">
         <name>USBDevEndpointDataAck</name>
         <value>0x274d</value>
         <object_component_ref idref="oc-1da"/>
      </symbol>
      <symbol id="sm-a5b">
         <name>USBOTGMode</name>
         <value>0x2cfd</value>
         <object_component_ref idref="oc-394"/>
      </symbol>
      <symbol id="sm-a5c">
         <name>USBDMAChannelConfigSet</name>
         <value>0x2b55</value>
         <object_component_ref idref="oc-666"/>
      </symbol>
      <symbol id="sm-a5d">
         <name>USBULPIRegRead</name>
         <value>0x2959</value>
         <object_component_ref idref="oc-490"/>
      </symbol>
      <symbol id="sm-a5e">
         <name>USBDevMode</name>
         <value>0x2ced</value>
         <object_component_ref idref="oc-39a"/>
      </symbol>
      <symbol id="sm-a5f">
         <name>USBIntEnableEndpoint</name>
         <value>0x2b01</value>
         <object_component_ref idref="oc-3be"/>
      </symbol>
      <symbol id="sm-a60">
         <name>USBEndpointDataGet</name>
         <value>0x2091</value>
         <object_component_ref idref="oc-1d4"/>
      </symbol>
      <symbol id="sm-a61">
         <name>USBDevEndpointStatusClear</name>
         <value>0x1ab9</value>
         <object_component_ref idref="oc-1c8"/>
      </symbol>
      <symbol id="sm-a62">
         <name>USBULPIEnable</name>
         <value>0x2c73</value>
         <object_component_ref idref="oc-382"/>
      </symbol>
      <symbol id="sm-a63">
         <name>USBFIFOAddrGet</name>
         <value>0x2cf5</value>
         <object_component_ref idref="oc-61c"/>
      </symbol>
      <symbol id="sm-a64">
         <name>USBDMAChannelStatus</name>
         <value>0x2c3b</value>
         <object_component_ref idref="oc-63e"/>
      </symbol>
      <symbol id="sm-a65">
         <name>USBULPIRegWrite</name>
         <value>0x2977</value>
         <object_component_ref idref="oc-496"/>
      </symbol>
      <symbol id="sm-a66">
         <name>USBDMAChannelIntEnable</name>
         <value>0x2beb</value>
         <object_component_ref idref="oc-64c"/>
      </symbol>
      <symbol id="sm-a67">
         <name>USBDevLPMConfig</name>
         <value>0x2d21</value>
         <object_component_ref idref="oc-3a6"/>
      </symbol>
      <symbol id="sm-a68">
         <name>USBDevLPMEnable</name>
         <value>0x2c57</value>
         <object_component_ref idref="oc-129"/>
      </symbol>
      <symbol id="sm-a69">
         <name>USBControllerVersion</name>
         <value>0x2cb1</value>
         <object_component_ref idref="oc-4a4"/>
      </symbol>
      <symbol id="sm-a6a">
         <name>USBFIFOConfigSet</name>
         <value>0x2221</value>
         <object_component_ref idref="oc-56b"/>
      </symbol>
      <symbol id="sm-a6b">
         <name>USBEndpointDMAEnable</name>
         <value>0x288b</value>
         <object_component_ref idref="oc-601"/>
      </symbol>
      <symbol id="sm-a6c">
         <name>USBDevLPMDisable</name>
         <value>0x2c49</value>
         <object_component_ref idref="oc-3a0"/>
      </symbol>
      <symbol id="sm-a6d">
         <name>USBEndpointDataSend</name>
         <value>0x2479</value>
         <object_component_ref idref="oc-268"/>
      </symbol>
      <symbol id="sm-a6e">
         <name>USBIntStatusEndpoint</name>
         <value>0x2ce3</value>
         <object_component_ref idref="oc-12f"/>
      </symbol>
      <symbol id="sm-a6f">
         <name>USBEndpointStatus</name>
         <value>0x2c0d</value>
         <object_component_ref idref="oc-1c2"/>
      </symbol>
      <symbol id="sm-a70">
         <name>USBEndpointPacketCountSet</name>
         <value>0x2c8f</value>
         <object_component_ref idref="oc-628"/>
      </symbol>
      <symbol id="sm-a71">
         <name>USBDMAChannelIntDisable</name>
         <value>0x2bd9</value>
         <object_component_ref idref="oc-653"/>
      </symbol>
      <symbol id="sm-a72">
         <name>USBEndpointDMAConfigSet</name>
         <value>0x1df9</value>
         <object_component_ref idref="oc-62e"/>
      </symbol>
      <symbol id="sm-a73">
         <name>USBDevEndpointStall</name>
         <value>0x25ab</value>
         <object_component_ref idref="oc-2e2"/>
      </symbol>
      <symbol id="sm-a74">
         <name>USBDevConnect</name>
         <value>0x2ccf</value>
         <object_component_ref idref="oc-3c4"/>
      </symbol>
      <symbol id="sm-a75">
         <name>USBDevEndpointConfigSet</name>
         <value>0x140d</value>
         <object_component_ref idref="oc-55f"/>
      </symbol>
      <symbol id="sm-a76">
         <name>USBDMAChannelDisable</name>
         <value>0x2bb5</value>
         <object_component_ref idref="oc-637"/>
      </symbol>
      <symbol id="sm-a77">
         <name>USBDMAChannelEnable</name>
         <value>0x2bc7</value>
         <object_component_ref idref="oc-66c"/>
      </symbol>
      <symbol id="sm-a78">
         <name>USBHostResume</name>
         <value>0x2b69</value>
         <object_component_ref idref="oc-1b3"/>
      </symbol>
      <symbol id="sm-a79">
         <name>USBIntEnableControl</name>
         <value>0x27f1</value>
         <object_component_ref idref="oc-3b8"/>
      </symbol>
      <symbol id="sm-a7a">
         <name>USBEndpointDMAChannel</name>
         <value>0x2a55</value>
         <object_component_ref idref="oc-5db"/>
      </symbol>
      <symbol id="sm-a7b">
         <name>__TI_static_base__</name>
         <value>0x0</value>
      </symbol>
      <symbol id="sm-a7e">
         <name>__mpu_init</name>
         <value>0x0</value>
      </symbol>
      <symbol id="sm-a7f">
         <name>_system_post_cinit</name>
         <value>0x0</value>
      </symbol>
   </symbol_table>
   <title>Link successful</title>
</link_info>
