******************************************************************************
                  TI ARM Linker PC v18.12.3                    
******************************************************************************
>> Linked Wed Dec 25 20:48:26 2019

OUTPUT FILE NAME:   <aaaaaaaaaaaaaaah.out>
ENTRY POINT SYMBOL: "_c_int00_noargs"  address: 00000d19


MEMORY CONFIGURATION

         name            origin    length      used     unused   attr    fill
----------------------  --------  ---------  --------  --------  ----  --------
  FLASH                 00000000   00040000  00000f3e  0003f0c2  R  X
  SRAM                  20000000   00008000  00000205  00007dfb  RW X


SEGMENT ALLOCATION MAP

run origin  load origin   length   init length attrs members
----------  ----------- ---------- ----------- ----- -------
00000000    00000000    00000f40   00000f40    r-x
  00000000    00000000    0000026c   0000026c    r-- .intvecs
  0000026c    0000026c    00000b8e   00000b8e    r-x .text
  00000dfc    00000dfc    0000012c   0000012c    r-- .const
  00000f28    00000f28    00000018   00000018    r-- .cinit
20000000    20000000    00000205   00000000    rw-
  20000000    20000000    00000200   00000000    rw- .stack
  20000200    20000200    00000005   00000000    rw- .data


SECTION ALLOCATION MAP

 output                                  attributes/
section   page    origin      length       input sections
--------  ----  ----------  ----------   ----------------
.intvecs   0    00000000    0000026c     
                  00000000    0000026c     tm4c123gh6pm_startup_ccs.obj (.intvecs)

.text      0    0000026c    00000b8e     
                  0000026c    00000594     main.obj (.text)
                  00000800    00000132     driverlib.lib : gpio.obj (.text:GPIOPadConfigSet)
                  00000932    00000002     rtsv7M4_T_le_v4SPD16_eabi.lib : div0.asm.obj (.text)
                  00000934    00000110     driverlib.lib : sysctl.obj (.text:SysCtlClockGet)
                  00000a44    0000009c     rtsv7M4_T_le_v4SPD16_eabi.lib : memcpy_t2.asm.obj (.text)
                  00000ae0    00000068                                   : copy_decompress_lzss.c.obj (.text:decompress:lzss:__TI_decompress_lzss)
                  00000b48    00000050     driverlib.lib : sysctl.obj (.text:SysCtlPeripheralReset)
                  00000b98    00000048                   : gpio.obj (.text:GPIOPinConfigure)
                  00000be0    00000046                   : uart.obj (.text:UARTConfigSetExpClk)
                  00000c26    00000002     --HOLE-- [fill = 0]
                  00000c28    00000044     rtsv7M4_T_le_v4SPD16_eabi.lib : autoinit.c.obj (.text:__TI_auto_init_nobinit_nopinit:__TI_auto_init_nobinit_nopinit)
                  00000c6c    00000040                                   : u_divt2.asm.obj (.text)
                  00000cac    00000038     driverlib.lib : sysctl.obj (.text:SysCtlPeripheralPresent)
                  00000ce4    00000034                   : sysctl.obj (.text:SysCtlPeripheralEnable)
                  00000d18    00000034     rtsv7M4_T_le_v4SPD16_eabi.lib : boot_cortex_m.c.obj (.text:_c_int00_noargs:_c_int00_noargs)
                  00000d4c    0000002a     driverlib.lib : gpio.obj (.text:GPIODirModeSet)
                  00000d76    00000002     --HOLE-- [fill = 0]
                  00000d78    00000020                   : uart.obj (.text:UARTDisable)
                  00000d98    00000014                   : uart.obj (.text:UARTEnable)
                  00000dac    00000012                   : gpio.obj (.text:GPIOPinTypeUART)
                  00000dbe    0000000e     rtsv7M4_T_le_v4SPD16_eabi.lib : copy_decompress_none.c.obj (.text:decompress:none:__TI_decompress_none)
                  00000dcc    0000000c     tm4c123gh6pm_startup_ccs.obj (.text)
                  00000dd8    0000000a     driverlib.lib : uart.obj (.text:UARTCharGet)
                  00000de2    0000000a                   : uart.obj (.text:UARTCharPut)
                  00000dec    00000006                   : uart.obj (.text:UARTClockSourceSet)
                  00000df2    00000004     rtsv7M4_T_le_v4SPD16_eabi.lib : pre_init.c.obj (.text:_system_pre_init)
                  00000df6    00000004                                   : exit.c.obj (.text:abort:abort)

.const     0    00000dfc    0000012c     
                  00000dfc    00000090     driverlib.lib : gpio.obj (.const:g_pui32GPIOBaseAddrs)
                  00000e8c    0000006c                   : sysctl.obj (.const:g_pui32Xtals)
                  00000ef8    00000012     main.obj (.const:.string)
                  00000f0a    00000002     --HOLE-- [fill = 0]
                  00000f0c    0000000c     main.obj (.const:g_ui32UARTBase)
                  00000f18    0000000c     main.obj (.const:g_ui32UARTPeriph)
                  00000f24    00000004     main.obj (.const)

.cinit     0    00000f28    00000018     
                  00000f28    00000008     (__TI_handler_table)
                  00000f30    00000007     (.cinit..data.load) [load image, compression = lzss]
                  00000f37    00000001     --HOLE-- [fill = 0]
                  00000f38    00000008     (__TI_cinit_table)

.init_array 
*          0    00000000    00000000     UNINITIALIZED

.data      0    20000200    00000005     UNINITIALIZED
                  20000200    00000005     main.obj (.data)

.stack     0    20000000    00000200     UNINITIALIZED
                  20000000    00000004     rtsv7M4_T_le_v4SPD16_eabi.lib : boot_cortex_m.c.obj (.stack)
                  20000004    000001fc     --HOLE--

MODULE SUMMARY

       Module                         code   ro data   rw data
       ------                         ----   -------   -------
    .\
       main.obj                       1428   46        5      
       tm4c123gh6pm_startup_ccs.obj   12     620       0      
    +--+------------------------------+------+---------+---------+
       Total:                         1440   666       5      
                                                              
    C:/ti/TivaWare_C_Series-2.1.4.178/driverlib/ccs/Debug/driverlib.lib
       gpio.obj                       438    144       0      
       sysctl.obj                     460    108       0      
       uart.obj                       148    0         0      
    +--+------------------------------+------+---------+---------+
       Total:                         1046   252       0      
                                                              
    C:\ti\ccs920\ccs\tools\compiler\ti-cgt-arm_18.12.3.LTS\lib\rtsv7M4_T_le_v4SPD16_eabi.lib
       memcpy_t2.asm.obj              156    0         0      
       copy_decompress_lzss.c.obj     104    0         0      
       autoinit.c.obj                 68     0         0      
       u_divt2.asm.obj                64     0         0      
       boot_cortex_m.c.obj            52     0         0      
       copy_decompress_none.c.obj     14     0         0      
       exit.c.obj                     4      0         0      
       pre_init.c.obj                 4      0         0      
       div0.asm.obj                   2      0         0      
    +--+------------------------------+------+---------+---------+
       Total:                         468    0         0      
                                                              
       Stack:                         0      0         512    
       Linker Generated:              0      23        0      
    +--+------------------------------+------+---------+---------+
       Grand Total:                   2954   941       517    


LINKER GENERATED COPY TABLES

__TI_cinit_table @ 00000f38 records: 1, size/record: 8, table size: 8
	.data: load addr=00000f30, load size=00000007 bytes, run addr=20000200, run size=00000005 bytes, compression=lzss


LINKER GENERATED HANDLER TABLE

__TI_handler_table @ 00000f28 records: 2, size/record: 4, table size: 8
	index: 0, handler: __TI_decompress_lzss
	index: 1, handler: __TI_decompress_none


GLOBAL SYMBOLS: SORTED ALPHABETICALLY BY Name 

address   name                          
-------   ----                          
00000df7  C$$EXIT                       
00000d4d  GPIODirModeSet                
00000801  GPIOPadConfigSet              
00000b99  GPIOPinConfigure              
00000dad  GPIOPinTypeUART               
000006f7  InitConsole                   
00000dcd  ResetISR                      
00000935  SysCtlClockGet                
00000ce5  SysCtlPeripheralEnable        
00000cad  SysCtlPeripheralPresent       
00000b49  SysCtlPeripheralReset         
00000dd9  UARTCharGet                   
00000de3  UARTCharPut                   
00000ded  UARTClockSourceSet            
00000be1  UARTConfigSetExpClk           
00000d79  UARTDisable                   
00000d99  UARTEnable                    
0000026d  UARTStdioConfig               
000003b3  UARTgetc                      
000002f9  UARTgets                      
000006d3  UARTprintf                    
000003d9  UARTvprintf                   
000002b3  UARTwrite                     
20000200  __STACK_END                   
00000200  __STACK_SIZE                  
20000200  __STACK_TOP                   
00000f38  __TI_CINIT_Base               
00000f40  __TI_CINIT_Limit              
00000f28  __TI_Handler_Table_Base       
00000f30  __TI_Handler_Table_Limit      
00000c29  __TI_auto_init_nobinit_nopinit
00000ae1  __TI_decompress_lzss          
00000dbf  __TI_decompress_none          
ffffffff  __TI_pprof_out_hndl           
ffffffff  __TI_prof_data_size           
ffffffff  __TI_prof_data_start          
00000000  __TI_static_base__            
00000933  __aeabi_idiv0                 
00000933  __aeabi_ldiv0                 
00000a45  __aeabi_memcpy                
00000a45  __aeabi_memcpy4               
00000a45  __aeabi_memcpy8               
00000c6d  __aeabi_uidiv                 
00000c6d  __aeabi_uidivmod              
ffffffff  __binit__                     
ffffffff  __c_args__                    
UNDEFED   __mpu_init                    
20000000  __stack                       
00000d19  _c_int00_noargs               
UNDEFED   _system_post_cinit            
00000df3  _system_pre_init              
00000df7  abort                         
ffffffff  binit                         
00000000  g_pfnVectors                  
00000739  main                          
00000a45  memcpy                        


GLOBAL SYMBOLS: SORTED BY Symbol Address 

address   name                          
-------   ----                          
00000000  __TI_static_base__            
00000000  g_pfnVectors                  
00000200  __STACK_SIZE                  
0000026d  UARTStdioConfig               
000002b3  UARTwrite                     
000002f9  UARTgets                      
000003b3  UARTgetc                      
000003d9  UARTvprintf                   
000006d3  UARTprintf                    
000006f7  InitConsole                   
00000739  main                          
00000801  GPIOPadConfigSet              
00000933  __aeabi_idiv0                 
00000933  __aeabi_ldiv0                 
00000935  SysCtlClockGet                
00000a45  __aeabi_memcpy                
00000a45  __aeabi_memcpy4               
00000a45  __aeabi_memcpy8               
00000a45  memcpy                        
00000ae1  __TI_decompress_lzss          
00000b49  SysCtlPeripheralReset         
00000b99  GPIOPinConfigure              
00000be1  UARTConfigSetExpClk           
00000c29  __TI_auto_init_nobinit_nopinit
00000c6d  __aeabi_uidiv                 
00000c6d  __aeabi_uidivmod              
00000cad  SysCtlPeripheralPresent       
00000ce5  SysCtlPeripheralEnable        
00000d19  _c_int00_noargs               
00000d4d  GPIODirModeSet                
00000d79  UARTDisable                   
00000d99  UARTEnable                    
00000dad  GPIOPinTypeUART               
00000dbf  __TI_decompress_none          
00000dcd  ResetISR                      
00000dd9  UARTCharGet                   
00000de3  UARTCharPut                   
00000ded  UARTClockSourceSet            
00000df3  _system_pre_init              
00000df7  C$$EXIT                       
00000df7  abort                         
00000f28  __TI_Handler_Table_Base       
00000f30  __TI_Handler_Table_Limit      
00000f38  __TI_CINIT_Base               
00000f40  __TI_CINIT_Limit              
20000000  __stack                       
20000200  __STACK_END                   
20000200  __STACK_TOP                   
ffffffff  __TI_pprof_out_hndl           
ffffffff  __TI_prof_data_size           
ffffffff  __TI_prof_data_start          
ffffffff  __binit__                     
ffffffff  __c_args__                    
ffffffff  binit                         
UNDEFED   __mpu_init                    
UNDEFED   _system_post_cinit            

[56 symbols]
